Archive member included to satisfy reference by file (symbol)

c:/st/stm32cubeide_1.5.1/stm32cubeide/plugins/com.st.stm32cube.ide.mcu.externaltools.gnu-tools-for-stm32.9-2020-q2-update.win32_2.0.0.202105311346/tools/bin/../lib/gcc/arm-none-eabi/9.3.1/../../../../arm-none-eabi/lib/thumb/v7-m/nofp\libc_nano.a(lib_a-errno.o)
                              ./Core/Src/syscalls.o (__errno)
c:/st/stm32cubeide_1.5.1/stm32cubeide/plugins/com.st.stm32cube.ide.mcu.externaltools.gnu-tools-for-stm32.9-2020-q2-update.win32_2.0.0.202105311346/tools/bin/../lib/gcc/arm-none-eabi/9.3.1/../../../../arm-none-eabi/lib/thumb/v7-m/nofp\libc_nano.a(lib_a-exit.o)
                              c:/st/stm32cubeide_1.5.1/stm32cubeide/plugins/com.st.stm32cube.ide.mcu.externaltools.gnu-tools-for-stm32.9-2020-q2-update.win32_2.0.0.202105311346/tools/bin/../lib/gcc/arm-none-eabi/9.3.1/../../../../arm-none-eabi/lib/thumb/v7-m/nofp/crt0.o (exit)
c:/st/stm32cubeide_1.5.1/stm32cubeide/plugins/com.st.stm32cube.ide.mcu.externaltools.gnu-tools-for-stm32.9-2020-q2-update.win32_2.0.0.202105311346/tools/bin/../lib/gcc/arm-none-eabi/9.3.1/../../../../arm-none-eabi/lib/thumb/v7-m/nofp\libc_nano.a(lib_a-impure.o)
                              c:/st/stm32cubeide_1.5.1/stm32cubeide/plugins/com.st.stm32cube.ide.mcu.externaltools.gnu-tools-for-stm32.9-2020-q2-update.win32_2.0.0.202105311346/tools/bin/../lib/gcc/arm-none-eabi/9.3.1/../../../../arm-none-eabi/lib/thumb/v7-m/nofp\libc_nano.a(lib_a-exit.o) (_global_impure_ptr)
c:/st/stm32cubeide_1.5.1/stm32cubeide/plugins/com.st.stm32cube.ide.mcu.externaltools.gnu-tools-for-stm32.9-2020-q2-update.win32_2.0.0.202105311346/tools/bin/../lib/gcc/arm-none-eabi/9.3.1/../../../../arm-none-eabi/lib/thumb/v7-m/nofp\libc_nano.a(lib_a-init.o)
                              c:/st/stm32cubeide_1.5.1/stm32cubeide/plugins/com.st.stm32cube.ide.mcu.externaltools.gnu-tools-for-stm32.9-2020-q2-update.win32_2.0.0.202105311346/tools/bin/../lib/gcc/arm-none-eabi/9.3.1/../../../../arm-none-eabi/lib/thumb/v7-m/nofp/crt0.o (__libc_init_array)
c:/st/stm32cubeide_1.5.1/stm32cubeide/plugins/com.st.stm32cube.ide.mcu.externaltools.gnu-tools-for-stm32.9-2020-q2-update.win32_2.0.0.202105311346/tools/bin/../lib/gcc/arm-none-eabi/9.3.1/../../../../arm-none-eabi/lib/thumb/v7-m/nofp\libc_nano.a(lib_a-memcpy-stub.o)
                              ./Core/Src/microrl.o (memcpy)
c:/st/stm32cubeide_1.5.1/stm32cubeide/plugins/com.st.stm32cube.ide.mcu.externaltools.gnu-tools-for-stm32.9-2020-q2-update.win32_2.0.0.202105311346/tools/bin/../lib/gcc/arm-none-eabi/9.3.1/../../../../arm-none-eabi/lib/thumb/v7-m/nofp\libc_nano.a(lib_a-memmove.o)
                              ./Core/Src/microrl.o (memmove)
c:/st/stm32cubeide_1.5.1/stm32cubeide/plugins/com.st.stm32cube.ide.mcu.externaltools.gnu-tools-for-stm32.9-2020-q2-update.win32_2.0.0.202105311346/tools/bin/../lib/gcc/arm-none-eabi/9.3.1/../../../../arm-none-eabi/lib/thumb/v7-m/nofp\libc_nano.a(lib_a-memset.o)
                              c:/st/stm32cubeide_1.5.1/stm32cubeide/plugins/com.st.stm32cube.ide.mcu.externaltools.gnu-tools-for-stm32.9-2020-q2-update.win32_2.0.0.202105311346/tools/bin/../lib/gcc/arm-none-eabi/9.3.1/../../../../arm-none-eabi/lib/thumb/v7-m/nofp/crt0.o (memset)
c:/st/stm32cubeide_1.5.1/stm32cubeide/plugins/com.st.stm32cube.ide.mcu.externaltools.gnu-tools-for-stm32.9-2020-q2-update.win32_2.0.0.202105311346/tools/bin/../lib/gcc/arm-none-eabi/9.3.1/../../../../arm-none-eabi/lib/thumb/v7-m/nofp\libc_nano.a(lib_a-snprintf.o)
                              ./Core/Src/main.o (snprintf)
c:/st/stm32cubeide_1.5.1/stm32cubeide/plugins/com.st.stm32cube.ide.mcu.externaltools.gnu-tools-for-stm32.9-2020-q2-update.win32_2.0.0.202105311346/tools/bin/../lib/gcc/arm-none-eabi/9.3.1/../../../../arm-none-eabi/lib/thumb/v7-m/nofp\libc_nano.a(lib_a-strcmp.o)
                              ./Core/Src/microrl_cmd.o (strcmp)
c:/st/stm32cubeide_1.5.1/stm32cubeide/plugins/com.st.stm32cube.ide.mcu.externaltools.gnu-tools-for-stm32.9-2020-q2-update.win32_2.0.0.202105311346/tools/bin/../lib/gcc/arm-none-eabi/9.3.1/../../../../arm-none-eabi/lib/thumb/v7-m/nofp\libc_nano.a(lib_a-strlen.o)
                              ./Core/Src/microrl.o (strlen)
c:/st/stm32cubeide_1.5.1/stm32cubeide/plugins/com.st.stm32cube.ide.mcu.externaltools.gnu-tools-for-stm32.9-2020-q2-update.win32_2.0.0.202105311346/tools/bin/../lib/gcc/arm-none-eabi/9.3.1/../../../../arm-none-eabi/lib/thumb/v7-m/nofp\libc_nano.a(lib_a-strstr.o)
                              ./Core/Src/microrl_cmd.o (strstr)
c:/st/stm32cubeide_1.5.1/stm32cubeide/plugins/com.st.stm32cube.ide.mcu.externaltools.gnu-tools-for-stm32.9-2020-q2-update.win32_2.0.0.202105311346/tools/bin/../lib/gcc/arm-none-eabi/9.3.1/../../../../arm-none-eabi/lib/thumb/v7-m/nofp\libc_nano.a(lib_a-nano-svfprintf.o)
[...]
Memory Configuration

Name             Origin             Length             Attributes
RAM              0x0000000020000000 0x0000000000005000 xrw
FLASH            0x0000000008000000 0x0000000000010000 xr
*default*        0x0000000000000000 0xffffffffffffffff

Linker script and memory map

LOAD c:/st/stm32cubeide_1.5.1/stm32cubeide/plugins/com.st.stm32cube.ide.mcu.externaltools.gnu-tools-for-stm32.9-2020-q2-update.win32_2.0.0.202105311346/tools/bin/../lib/gcc/arm-none-eabi/9.3.1/thumb/v7-m/nofp/crti.o
LOAD c:/st/stm32cubeide_1.5.1/stm32cubeide/plugins/com.st.stm32cube.ide.mcu.externaltools.gnu-tools-for-stm32.9-2020-q2-update.win32_2.0.0.202105311346/tools/bin/../lib/gcc/arm-none-eabi/9.3.1/thumb/v7-m/nofp/crtbegin.o
LOAD c:/st/stm32cubeide_1.5.1/stm32cubeide/plugins/com.st.stm32cube.ide.mcu.externaltools.gnu-tools-for-stm32.9-2020-q2-update.win32_2.0.0.202105311346/tools/bin/../lib/gcc/arm-none-eabi/9.3.1/../../../../arm-none-eabi/lib/thumb/v7-m/nofp/crt0.o
LOAD ./Core/Src/fifo.o
LOAD ./Core/Src/main.o
LOAD ./Core/Src/microrl.o
LOAD ./Core/Src/microrl_cmd.o
LOAD ./Core/Src/nrf24l01p.o
LOAD ./Core/Src/stm32f1xx_hal_msp.o
LOAD ./Core/Src/stm32f1xx_it.o
LOAD ./Core/Src/syscalls.o
LOAD ./Core/Src/sysmem.o
LOAD ./Core/Src/system_stm32f1xx.o
LOAD ./Core/Src/vfd.o
LOAD ./Core/Startup/startup_stm32f103c8tx.o
LOAD ./Drivers/STM32F1xx_HAL_Driver/Src/stm32f1xx_hal.o
LOAD ./Drivers/STM32F1xx_HAL_Driver/Src/stm32f1xx_hal_cortex.o
LOAD ./Drivers/STM32F1xx_HAL_Driver/Src/stm32f1xx_hal_dma.o
LOAD ./Drivers/STM32F1xx_HAL_Driver/Src/stm32f1xx_hal_exti.o
LOAD ./Drivers/STM32F1xx_HAL_Driver/Src/stm32f1xx_hal_flash.o
LOAD ./Drivers/STM32F1xx_HAL_Driver/Src/stm32f1xx_hal_flash_ex.o
LOAD ./Drivers/STM32F1xx_HAL_Driver/Src/stm32f1xx_hal_gpio.o
LOAD ./Drivers/STM32F1xx_HAL_Driver/Src/stm32f1xx_hal_gpio_ex.o
LOAD ./Drivers/STM32F1xx_HAL_Driver/Src/stm32f1xx_hal_i2c.o
LOAD ./Drivers/STM32F1xx_HAL_Driver/Src/stm32f1xx_hal_pcd.o
LOAD ./Drivers/STM32F1xx_HAL_Driver/Src/stm32f1xx_hal_pcd_ex.o
LOAD ./Drivers/STM32F1xx_HAL_Driver/Src/stm32f1xx_hal_pwr.o
LOAD ./Drivers/STM32F1xx_HAL_Driver/Src/stm32f1xx_hal_rcc.o
LOAD ./Drivers/STM32F1xx_HAL_Driver/Src/stm32f1xx_hal_rcc_ex.o
LOAD ./Drivers/STM32F1xx_HAL_Driver/Src/stm32f1xx_hal_spi.o
LOAD ./Drivers/STM32F1xx_HAL_Driver/Src/stm32f1xx_hal_tim.o
LOAD ./Drivers/STM32F1xx_HAL_Driver/Src/stm32f1xx_hal_tim_ex.o
LOAD ./Drivers/STM32F1xx_HAL_Driver/Src/stm32f1xx_ll_usb.o
LOAD ./Middlewares/ST/STM32_USB_Device_Library/Class/CDC/Src/usbd_cdc.o
LOAD ./Middlewares/ST/STM32_USB_Device_Library/Core/Src/usbd_core.o
LOAD ./Middlewares/ST/STM32_USB_Device_Library/Core/Src/usbd_ctlreq.o
LOAD ./Middlewares/ST/STM32_USB_Device_Library/Core/Src/usbd_ioreq.o
LOAD ./USB_DEVICE/App/usb_device.o
LOAD ./USB_DEVICE/App/usbd_cdc_if.o
LOAD ./USB_DEVICE/App/usbd_desc.o
LOAD ./USB_DEVICE/Target/usbd_conf.o
START GROUP
LOAD c:/st/stm32cubeide_1.5.1/stm32cubeide/plugins/com.st.stm32cube.ide.mcu.externaltools.gnu-tools-for-stm32.9-2020-q2-update.win32_2.0.0.202105311346/tools/bin/../lib/gcc/arm-none-eabi/9.3.1/../../../../arm-none-eabi/lib/thumb/v7-m/nofp\libc_nano.a
LOAD c:/st/stm32cubeide_1.5.1/stm32cubeide/plugins/com.st.stm32cube.ide.mcu.externaltools.gnu-tools-for-stm32.9-2020-q2-update.win32_2.0.0.202105311346/tools/bin/../lib/gcc/arm-none-eabi/9.3.1/../../../../arm-none-eabi/lib/thumb/v7-m/nofp\libm.a
END GROUP
START GROUP
LOAD c:/st/stm32cubeide_1.5.1/stm32cubeide/plugins/com.st.stm32cube.ide.mcu.externaltools.gnu-tools-for-stm32.9-2020-q2-update.win32_2.0.0.202105311346/tools/bin/../lib/gcc/arm-none-eabi/9.3.1/thumb/v7-m/nofp\libgcc.a
LOAD c:/st/stm32cubeide_1.5.1/stm32cubeide/plugins/com.st.stm32cube.ide.mcu.externaltools.gnu-tools-for-stm32.9-2020-q2-update.win32_2.0.0.202105311346/tools/bin/../lib/gcc/arm-none-eabi/9.3.1/../../../../arm-none-eabi/lib/thumb/v7-m/nofp\libc_nano.a
END GROUP
START GROUP
LOAD c:/st/stm32cubeide_1.5.1/stm32cubeide/plugins/com.st.stm32cube.ide.mcu.externaltools.gnu-tools-for-stm32.9-2020-q2-update.win32_2.0.0.202105311346/tools/bin/../lib/gcc/arm-none-eabi/9.3.1/thumb/v7-m/nofp\libgcc.a
LOAD c:/st/stm32cubeide_1.5.1/stm32cubeide/plugins/com.st.stm32cube.ide.mcu.externaltools.gnu-tools-for-stm32.9-2020-q2-update.win32_2.0.0.202105311346/tools/bin/../lib/gcc/arm-none-eabi/9.3.1/../../../../arm-none-eabi/lib/thumb/v7-m/nofp\libc_nano.a
LOAD c:/st/stm32cubeide_1.5.1/stm32cubeide/plugins/com.st.stm32cube.ide.mcu.externaltools.gnu-tools-for-stm32.9-2020-q2-update.win32_2.0.0.202105311346/tools/bin/../lib/gcc/arm-none-eabi/9.3.1/../../../../arm-none-eabi/lib/thumb/v7-m/nofp\libnosys.a
END GROUP
START GROUP
LOAD c:/st/stm32cubeide_1.5.1/stm32cubeide/plugins/com.st.stm32cube.ide.mcu.externaltools.gnu-tools-for-stm32.9-2020-q2-update.win32_2.0.0.202105311346/tools/bin/../lib/gcc/arm-none-eabi/9.3.1/thumb/v7-m/nofp\libgcc.a
LOAD c:/st/stm32cubeide_1.5.1/stm32cubeide/plugins/com.st.stm32cube.ide.mcu.externaltools.gnu-tools-for-stm32.9-2020-q2-update.win32_2.0.0.202105311346/tools/bin/../lib/gcc/arm-none-eabi/9.3.1/../../../../arm-none-eabi/lib/thumb/v7-m/nofp\libc_nano.a
LOAD c:/st/stm32cubeide_1.5.1/stm32cubeide/plugins/com.st.stm32cube.ide.mcu.externaltools.gnu-tools-for-stm32.9-2020-q2-update.win32_2.0.0.202105311346/tools/bin/../lib/gcc/arm-none-eabi/9.3.1/../../../../arm-none-eabi/lib/thumb/v7-m/nofp\libnosys.a
END GROUP
LOAD c:/st/stm32cubeide_1.5.1/stm32cubeide/plugins/com.st.stm32cube.ide.mcu.externaltools.gnu-tools-for-stm32.9-2020-q2-update.win32_2.0.0.202105311346/tools/bin/../lib/gcc/arm-none-eabi/9.3.1/thumb/v7-m/nofp/crtend.o
LOAD c:/st/stm32cubeide_1.5.1/stm32cubeide/plugins/com.st.stm32cube.ide.mcu.externaltools.gnu-tools-for-stm32.9-2020-q2-update.win32_2.0.0.202105311346/tools/bin/../lib/gcc/arm-none-eabi/9.3.1/thumb/v7-m/nofp/crtn.o
                0x0000000020005000                _estack = (ORIGIN (RAM) + LENGTH (RAM))
                0x0000000000000200                _Min_Heap_Size = 0x200
                0x0000000000000400                _Min_Stack_Size = 0x400

.isr_vector     0x0000000008000000      0x10c
                0x0000000008000000                . = ALIGN (0x4)
 *(.isr_vector)
 .isr_vector    0x0000000008000000      0x10c ./Core/Startup/startup_stm32f103c8tx.o
                0x0000000008000000                g_pfnVectors
                0x000000000800010c                . = ALIGN (0x4)

.text           0x000000000800010c     0xce74
                0x000000000800010c                . = ALIGN (0x4)
 *(.text)
 .text          0x000000000800010c       0x40 c:/st/stm32cubeide_1.5.1/stm32cubeide/plugins/com.st.stm32cube.ide.mcu.externaltools.gnu-tools-for-stm32.9-2020-q2-update.win32_2.0.0.202105311346/tools/bin/../lib/gcc/arm-none-eabi/9.3.1/thumb/v7-m/nofp/crtbegin.o
 .text          0x000000000800014c       0x14 c:/st/stm32cubeide_1.5.1/stm32cubeide/plugins/com.st.stm32cube.ide.mcu.externaltools.gnu-tools-for-stm32.9-2020-q2-update.win32_2.0.0.202105311346/tools/bin/../lib/gcc/arm-none-eabi/9.3.1/../../../../arm-none-eabi/lib/thumb/v7-m/nofp\libc_nano.a(lib_a-strcmp.o)
                0x000000000800014c                strcmp
 .text          0x0000000008000160       0x10 c:/st/stm32cubeide_1.5.1/stm32cubeide/plugins/com.st.stm32cube.ide.mcu.externaltools.gnu-tools-for-stm32.9-2020-q2-update.win32_2.0.0.202105311346/tools/bin/../lib/gcc/arm-none-eabi/9.3.1/../../../../arm-none-eabi/lib/thumb/v7-m/nofp\libc_nano.a(lib_a-strlen.o)
                0x0000000008000160                strlen
 *(.text*)
 .text.fifo_push
                0x0000000008000170       0x50 ./Core/Src/fifo.o
                0x0000000008000170                fifo_push
 .text.fifo_pop
                0x00000000080001c0       0x48 ./Core/Src/fifo.o
                0x00000000080001c0                fifo_pop
 .text.fifo_is_empty
                0x0000000008000208       0x28 ./Core/Src/fifo.o
                0x0000000008000208                fifo_is_empty
 .text.fifo_length
                0x0000000008000230       0x3c ./Core/Src/fifo.o
                0x0000000008000230                fifo_length
 .text.active   0x000000000800026c       0x18 ./Core/Src/main.o
                0x000000000800026c                active
 .text.delay_us
                0x0000000008000284       0x34 ./Core/Src/main.o
                0x0000000008000284                delay_us
 .text.delay    0x00000000080002b8       0x16 ./Core/Src/main.o
                0x00000000080002b8                delay
 .text.nrf_init_tx
                0x00000000080002ce       0x66 ./Core/Src/main.o
                0x00000000080002ce                nrf_init_tx
 .text.nrf_init_rx
                0x0000000008000334       0x56 ./Core/Src/main.o
                0x0000000008000334                nrf_init_rx
 *fill*         0x000000000800038a        0x2 
 .text.nrf24l01p_spi_ss
                0x000000000800038c       0x54 ./Core/Src/main.o
                0x000000000800038c                nrf24l01p_spi_ss
 .text.nrf24l01p_spi_rw
                0x00000000080003e0       0x2c ./Core/Src/main.o
                0x00000000080003e0                nrf24l01p_spi_rw
 .text.vfd_spi_cs
                0x000000000800040c       0x24 ./Core/Src/main.o
                0x000000000800040c                vfd_spi_cs
 .text.vfd_spi_tx
                0x0000000008000430       0x24 ./Core/Src/main.o
                0x0000000008000430                vfd_spi_tx
 .text.do_vfd_init
                0x0000000008000454      0x16c ./Core/Src/main.o
                0x0000000008000454                do_vfd_init
 .text.do_led   0x00000000080005c0       0x38 ./Core/Src/main.o
                0x00000000080005c0                do_led
 .text.read.9147
                0x00000000080005f8       0x60 ./Core/Src/main.o
 .text.do_fram_test
                0x0000000008000658      0x1c4 ./Core/Src/main.o
                0x0000000008000658                do_fram_test
 .text.write.9151
                0x000000000800081c       0x54 ./Core/Src/main.o
 .text.do_buttons_and_nrf
                0x0000000008000870      0x318 ./Core/Src/main.o
                0x0000000008000870                do_buttons_and_nrf
 .text.do_microrl
                0x0000000008000b88       0x32 ./Core/Src/main.o
                0x0000000008000b88                do_microrl
 *fill*         0x0000000008000bba        0x2 
 .text.sigint   0x0000000008000bbc       0x68 ./Core/Src/main.o
                0x0000000008000bbc                sigint
 .text.do_nrf_scan
                0x0000000008000c24      0x230 ./Core/Src/main.o
                0x0000000008000c24                do_nrf_scan
 .text.nrf_scan
                0x0000000008000e54       0x2c ./Core/Src/main.o
                0x0000000008000e54                nrf_scan
 .text.main     0x0000000008000e80      0x184 ./Core/Src/main.o
                0x0000000008000e80                main
 .text.SystemClock_Config
                0x0000000008001004       0xb6 ./Core/Src/main.o
                0x0000000008001004                SystemClock_Config
 *fill*         0x00000000080010ba        0x2 
 .text.MX_I2C1_Init
                0x00000000080010bc       0x5c ./Core/Src/main.o
 .text.MX_SPI2_Init
                0x0000000008001118       0x6c ./Core/Src/main.o
 .text.MX_TIM1_Init
                0x0000000008001184       0xb4 ./Core/Src/main.o
 .text.MX_GPIO_Init
                0x0000000008001238      0x130 ./Core/Src/main.o
 .text.Error_Handler
                0x0000000008001368        0xa ./Core/Src/main.o
                0x0000000008001368                Error_Handler
 .text.hist_erase_older
                0x0000000008001372       0x36 ./Core/Src/microrl.o
 .text.hist_is_space_for_new
                0x00000000080013a8       0x62 ./Core/Src/microrl.o
 .text.hist_save_line
                0x000000000800140a       0xde ./Core/Src/microrl.o
 .text.hist_restore_line
                0x00000000080014e8      0x210 ./Core/Src/microrl.o
 .text.split    0x00000000080016f8       0x92 ./Core/Src/microrl.o
 .text.print_prompt
                0x000000000800178a       0x1e ./Core/Src/microrl.o
 .text.terminal_backspace
                0x00000000080017a8       0x20 ./Core/Src/microrl.o
 .text.terminal_newline
                0x00000000080017c8       0x20 ./Core/Src/microrl.o
 .text.u16bit_to_str
                0x00000000080017e8       0xa0 ./Core/Src/microrl.o
 .text.terminal_move_cursor
                0x0000000008001888       0xa0 ./Core/Src/microrl.o
 .text.terminal_reset_cursor
                0x0000000008001928       0x70 ./Core/Src/microrl.o
 .text.terminal_print_line
                0x0000000008001998       0x70 ./Core/Src/microrl.o
 .text.microrl_init
                0x0000000008001a08       0x7c ./Core/Src/microrl.o
                0x0000000008001a08                microrl_init
 .text.microrl_set_complete_callback
                0x0000000008001a84       0x1c ./Core/Src/microrl.o
                0x0000000008001a84                microrl_set_complete_callback
 .text.microrl_set_execute_callback
                0x0000000008001aa0       0x1c ./Core/Src/microrl.o
                0x0000000008001aa0                microrl_set_execute_callback
 .text.microrl_set_sigint_callback
                0x0000000008001abc       0x1c ./Core/Src/microrl.o
                0x0000000008001abc                microrl_set_sigint_callback
 .text.hist_search
                0x0000000008001ad8       0x60 ./Core/Src/microrl.o
 .text.escape_process
                0x0000000008001b38      0x11c ./Core/Src/microrl.o
 .text.microrl_insert_text
                0x0000000008001c54       0xe6 ./Core/Src/microrl.o
 .text.microrl_backspace
                0x0000000008001d3a       0x7e ./Core/Src/microrl.o
 .text.common_len
                0x0000000008001db8       0xb8 ./Core/Src/microrl.o
 .text.microrl_get_complite
                0x0000000008001e70      0x15c ./Core/Src/microrl.o
 .text.new_line_handler
                0x0000000008001fcc       0xb8 ./Core/Src/microrl.o
                0x0000000008001fcc                new_line_handler
 .text.microrl_insert_char
                0x0000000008002084      0x3f8 ./Core/Src/microrl.o
                0x0000000008002084                microrl_insert_char
 .text.microrl_print_char
                0x000000000800247c       0x24 ./Core/Src/microrl_cmd.o
                0x000000000800247c                microrl_print_char
 .text.print    0x00000000080024a0       0x78 ./Core/Src/microrl_cmd.o
                0x00000000080024a0                print
 .text.find_color_by_name
                0x0000000008002518       0x48 ./Core/Src/microrl_cmd.o
                0x0000000008002518                find_color_by_name
 .text.print_color
                0x0000000008002560       0x4c ./Core/Src/microrl_cmd.o
                0x0000000008002560                print_color
 .text.str_length
                0x00000000080025ac       0x2c ./Core/Src/microrl_cmd.o
                0x00000000080025ac                str_length
 .text.print_help
                0x00000000080025d8      0x1cc ./Core/Src/microrl_cmd.o
                0x00000000080025d8                print_help
 .text.execute  0x00000000080027a4      0x1a0 ./Core/Src/microrl_cmd.o
                0x00000000080027a4                execute
 .text.complet  0x0000000008002944      0x1a4 ./Core/Src/microrl_cmd.o
                0x0000000008002944                complet
 .text.init_microrl
                0x0000000008002ae8       0x4c ./Core/Src/microrl_cmd.o
                0x0000000008002ae8                init_microrl
 .text.clear_screen
                0x0000000008002b34       0x28 ./Core/Src/microrl_cmd.o
                0x0000000008002b34                clear_screen
 .text.color_toggle
                0x0000000008002b5c       0x34 ./Core/Src/microrl_cmd.o
                0x0000000008002b5c                color_toggle
 .text.color_on
                0x0000000008002b90       0x34 ./Core/Src/microrl_cmd.o
                0x0000000008002b90                color_on
 .text.color_off
                0x0000000008002bc4       0x34 ./Core/Src/microrl_cmd.o
                0x0000000008002bc4                color_off
 .text.color_show
                0x0000000008002bf8       0x44 ./Core/Src/microrl_cmd.o
                0x0000000008002bf8                color_show
 .text.nrf24l01p_get_clear_irq_flags
                0x0000000008002c3c       0x18 ./Core/Src/nrf24l01p.o
                0x0000000008002c3c                nrf24l01p_get_clear_irq_flags
 .text.nrf24l01p_clear_irq_flag
                0x0000000008002c54       0x24 ./Core/Src/nrf24l01p.o
                0x0000000008002c54                nrf24l01p_clear_irq_flag
 .text.nrf24l01p_get_irq_flags
                0x0000000008002c78       0x14 ./Core/Src/nrf24l01p.o
                0x0000000008002c78                nrf24l01p_get_irq_flags
 .text.nrf24l01p_set_crc_mode
                0x0000000008002c8c       0x36 ./Core/Src/nrf24l01p.o
                0x0000000008002c8c                nrf24l01p_set_crc_mode
 .text.nrf24l01p_open_pipe
                0x0000000008002cc2       0xae ./Core/Src/nrf24l01p.o
                0x0000000008002cc2                nrf24l01p_open_pipe
 .text.nrf24l01p_close_pipe
                0x0000000008002d70       0x84 ./Core/Src/nrf24l01p.o
                0x0000000008002d70                nrf24l01p_close_pipe
 .text.nrf24l01p_set_address
                0x0000000008002df4       0x54 ./Core/Src/nrf24l01p.o
                0x0000000008002df4                nrf24l01p_set_address
 .text.nrf24l01p_set_auto_retr
                0x0000000008002e48       0x40 ./Core/Src/nrf24l01p.o
                0x0000000008002e48                nrf24l01p_set_auto_retr
 .text.nrf24l01p_set_address_width
                0x0000000008002e88       0x20 ./Core/Src/nrf24l01p.o
                0x0000000008002e88                nrf24l01p_set_address_width
 .text.nrf24l01p_set_rx_payload_width
                0x0000000008002ea8       0x28 ./Core/Src/nrf24l01p.o
                0x0000000008002ea8                nrf24l01p_set_rx_payload_width
 .text.nrf24l01p_get_address_width
                0x0000000008002ed0       0x14 ./Core/Src/nrf24l01p.o
                0x0000000008002ed0                nrf24l01p_get_address_width
 .text.nrf24l01p_set_operation_mode
                0x0000000008002ee4       0x3e ./Core/Src/nrf24l01p.o
                0x0000000008002ee4                nrf24l01p_set_operation_mode
 .text.nrf24l01p_set_power_mode
                0x0000000008002f22       0x3c ./Core/Src/nrf24l01p.o
                0x0000000008002f22                nrf24l01p_set_power_mode
 .text.nrf24l01p_set_rf_channel
                0x0000000008002f5e       0x1c ./Core/Src/nrf24l01p.o
                0x0000000008002f5e                nrf24l01p_set_rf_channel
 .text.nrf24l01p_rx_fifo_empty
                0x0000000008002f7a       0x18 ./Core/Src/nrf24l01p.o
                0x0000000008002f7a                nrf24l01p_rx_fifo_empty
 .text.nrf24l01p_get_carrier_detect
                0x0000000008002f92       0x1e ./Core/Src/nrf24l01p.o
                0x0000000008002f92                nrf24l01p_get_carrier_detect
 .text.nrf24l01p_write_tx_payload
                0x0000000008002fb0       0x20 ./Core/Src/nrf24l01p.o
                0x0000000008002fb0                nrf24l01p_write_tx_payload
 .text.nrf24l01p_read_rx_fifo_payload_width
                0x0000000008002fd0       0x2c ./Core/Src/nrf24l01p.o
                0x0000000008002fd0                nrf24l01p_read_rx_fifo_payload_width
 .text.nrf24l01p_get_rx_data_source
                0x0000000008002ffc       0x18 ./Core/Src/nrf24l01p.o
                0x0000000008002ffc                nrf24l01p_get_rx_data_source
 .text.nrf24l01p_read_rx_payload
                0x0000000008003014       0x1a ./Core/Src/nrf24l01p.o
                0x0000000008003014                nrf24l01p_read_rx_payload
 .text.nrf24l01p_flush_tx
                0x000000000800302e       0x10 ./Core/Src/nrf24l01p.o
                0x000000000800302e                nrf24l01p_flush_tx
 .text.nrf24l01p_nop
                0x000000000800303e       0x12 ./Core/Src/nrf24l01p.o
                0x000000000800303e                nrf24l01p_nop
 .text.nrf24l01p_read_reg
                0x0000000008003050       0x32 ./Core/Src/nrf24l01p.o
                0x0000000008003050                nrf24l01p_read_reg
 .text.nrf24l01p_write_reg
                0x0000000008003082       0x80 ./Core/Src/nrf24l01p.o
                0x0000000008003082                nrf24l01p_write_reg
 .text.nrf24l01p_read_multibyte_reg
                0x0000000008003102       0xba ./Core/Src/nrf24l01p.o
                0x0000000008003102                nrf24l01p_read_multibyte_reg
 .text.nrf24l01p_write_multibyte_reg
                0x00000000080031bc       0x7c ./Core/Src/nrf24l01p.o
                0x00000000080031bc                nrf24l01p_write_multibyte_reg
 .text.HAL_MspInit
                0x0000000008003238       0x64 ./Core/Src/stm32f1xx_hal_msp.o
                0x0000000008003238                HAL_MspInit
 .text.HAL_I2C_MspInit
                0x000000000800329c       0x7c ./Core/Src/stm32f1xx_hal_msp.o
                0x000000000800329c                HAL_I2C_MspInit
 .text.HAL_SPI_MspInit
                0x0000000008003318       0x98 ./Core/Src/stm32f1xx_hal_msp.o
                0x0000000008003318                HAL_SPI_MspInit
 .text.HAL_TIM_Base_MspInit
                0x00000000080033b0       0x3c ./Core/Src/stm32f1xx_hal_msp.o
                0x00000000080033b0                HAL_TIM_Base_MspInit
 .text.NMI_Handler
                0x00000000080033ec        0x6 ./Core/Src/stm32f1xx_it.o
                0x00000000080033ec                NMI_Handler
 .text.HardFault_Handler
                0x00000000080033f2        0x6 ./Core/Src/stm32f1xx_it.o
                0x00000000080033f2                HardFault_Handler
 .text.MemManage_Handler
                0x00000000080033f8        0x6 ./Core/Src/stm32f1xx_it.o
                0x00000000080033f8                MemManage_Handler
 .text.BusFault_Handler
                0x00000000080033fe        0x6 ./Core/Src/stm32f1xx_it.o
                0x00000000080033fe                BusFault_Handler
 .text.UsageFault_Handler
                0x0000000008003404        0x6 ./Core/Src/stm32f1xx_it.o
                0x0000000008003404                UsageFault_Handler
 .text.SVC_Handler
                0x000000000800340a        0xc ./Core/Src/stm32f1xx_it.o
                0x000000000800340a                SVC_Handler
 .text.DebugMon_Handler
                0x0000000008003416        0xc ./Core/Src/stm32f1xx_it.o
                0x0000000008003416                DebugMon_Handler
 .text.PendSV_Handler
                0x0000000008003422        0xc ./Core/Src/stm32f1xx_it.o
                0x0000000008003422                PendSV_Handler
 .text.SysTick_Handler
                0x000000000800342e        0xc ./Core/Src/stm32f1xx_it.o
                0x000000000800342e                SysTick_Handler
 *fill*         0x000000000800343a        0x2 
 .text.USB_LP_CAN1_RX0_IRQHandler
                0x000000000800343c       0x14 ./Core/Src/stm32f1xx_it.o
                0x000000000800343c                USB_LP_CAN1_RX0_IRQHandler
 .text._sbrk    0x0000000008003450       0x6c ./Core/Src/sysmem.o
                0x0000000008003450                _sbrk
 .text.SystemInit
                0x00000000080034bc        0xc ./Core/Src/system_stm32f1xx.o
                0x00000000080034bc                SystemInit
 .text._vfd_get_char_code
                0x00000000080034c8       0xdc ./Core/Src/vfd.o
                0x00000000080034c8                _vfd_get_char_code
 .text.vfd_put_string
                0x00000000080035a4      0x10c ./Core/Src/vfd.o
                0x00000000080035a4                vfd_put_string
 .text.vfd_set_symbols
                0x00000000080036b0       0xb0 ./Core/Src/vfd.o
                0x00000000080036b0                vfd_set_symbols
 .text.vfd_clr_symbols
                0x0000000008003760       0xb4 ./Core/Src/vfd.o
                0x0000000008003760                vfd_clr_symbols
 .text.vfd_clear_buf
                0x0000000008003814       0x34 ./Core/Src/vfd.o
                0x0000000008003814                vfd_clear_buf
 .text.vfd_update
                0x0000000008003848       0x50 ./Core/Src/vfd.o
                0x0000000008003848                vfd_update
 .text.vfd_leds
                0x0000000008003898       0x48 ./Core/Src/vfd.o
                0x0000000008003898                vfd_leds
 .text.vfd_init
                0x00000000080038e0       0x28 ./Core/Src/vfd.o
                0x00000000080038e0                vfd_init
 .text.vfd_control
                0x0000000008003908       0x52 ./Core/Src/vfd.o
                0x0000000008003908                vfd_control
 *fill*         0x000000000800395a        0x2 
 .text.Reset_Handler
                0x000000000800395c       0x48 ./Core/Startup/startup_stm32f103c8tx.o
                0x000000000800395c                Reset_Handler
 .text.Default_Handler
                0x00000000080039a4        0x2 ./Core/Startup/startup_stm32f103c8tx.o
                0x00000000080039a4                RTC_Alarm_IRQHandler
                0x00000000080039a4                EXTI2_IRQHandler
                0x00000000080039a4                TIM1_CC_IRQHandler
                0x00000000080039a4                PVD_IRQHandler
                0x00000000080039a4                EXTI3_IRQHandler
                0x00000000080039a4                EXTI0_IRQHandler
                0x00000000080039a4                I2C2_EV_IRQHandler
                0x00000000080039a4                ADC1_2_IRQHandler
                0x00000000080039a4                SPI1_IRQHandler
                0x00000000080039a4                TAMPER_IRQHandler
                0x00000000080039a4                DMA1_Channel4_IRQHandler
                0x00000000080039a4                USART3_IRQHandler
                0x00000000080039a4                RTC_IRQHandler
                0x00000000080039a4                DMA1_Channel7_IRQHandler
                0x00000000080039a4                CAN1_RX1_IRQHandler
                0x00000000080039a4                TIM4_IRQHandler
                0x00000000080039a4                I2C1_EV_IRQHandler
                0x00000000080039a4                DMA1_Channel6_IRQHandler
                0x00000000080039a4                TIM3_IRQHandler
                0x00000000080039a4                RCC_IRQHandler
                0x00000000080039a4                TIM1_TRG_COM_IRQHandler
                0x00000000080039a4                DMA1_Channel1_IRQHandler
                0x00000000080039a4                Default_Handler
                0x00000000080039a4                EXTI15_10_IRQHandler
                0x00000000080039a4                EXTI9_5_IRQHandler
                0x00000000080039a4                SPI2_IRQHandler
                0x00000000080039a4                DMA1_Channel5_IRQHandler
                0x00000000080039a4                EXTI4_IRQHandler
                0x00000000080039a4                USB_HP_CAN1_TX_IRQHandler
                0x00000000080039a4                DMA1_Channel3_IRQHandler
                0x00000000080039a4                TIM1_UP_IRQHandler
                0x00000000080039a4                WWDG_IRQHandler
                0x00000000080039a4                TIM2_IRQHandler
                0x00000000080039a4                TIM1_BRK_IRQHandler
                0x00000000080039a4                EXTI1_IRQHandler
                0x00000000080039a4                USART2_IRQHandler
                0x00000000080039a4                I2C2_ER_IRQHandler
                0x00000000080039a4                DMA1_Channel2_IRQHandler
                0x00000000080039a4                CAN1_SCE_IRQHandler
                0x00000000080039a4                FLASH_IRQHandler
                0x00000000080039a4                USART1_IRQHandler
                0x00000000080039a4                I2C1_ER_IRQHandler
                0x00000000080039a4                USBWakeUp_IRQHandler
 *fill*         0x00000000080039a6        0x2 
 .text.HAL_Init
                0x00000000080039a8       0x2c ./Drivers/STM32F1xx_HAL_Driver/Src/stm32f1xx_hal.o
                0x00000000080039a8                HAL_Init
 .text.HAL_InitTick
                0x00000000080039d4       0x60 ./Drivers/STM32F1xx_HAL_Driver/Src/stm32f1xx_hal.o
                0x00000000080039d4                HAL_InitTick
 .text.HAL_IncTick
                0x0000000008003a34       0x24 ./Drivers/STM32F1xx_HAL_Driver/Src/stm32f1xx_hal.o
                0x0000000008003a34                HAL_IncTick
 .text.HAL_GetTick
                0x0000000008003a58       0x14 ./Drivers/STM32F1xx_HAL_Driver/Src/stm32f1xx_hal.o
                0x0000000008003a58                HAL_GetTick
 .text.HAL_Delay
                0x0000000008003a6c       0x48 ./Drivers/STM32F1xx_HAL_Driver/Src/stm32f1xx_hal.o
                0x0000000008003a6c                HAL_Delay
 .text.__NVIC_SetPriorityGrouping
                0x0000000008003ab4       0x48 ./Drivers/STM32F1xx_HAL_Driver/Src/stm32f1xx_hal_cortex.o
 .text.__NVIC_GetPriorityGrouping
                0x0000000008003afc       0x1c ./Drivers/STM32F1xx_HAL_Driver/Src/stm32f1xx_hal_cortex.o
 .text.__NVIC_EnableIRQ
                0x0000000008003b18       0x38 ./Drivers/STM32F1xx_HAL_Driver/Src/stm32f1xx_hal_cortex.o
 .text.__NVIC_SetPriority
                0x0000000008003b50       0x54 ./Drivers/STM32F1xx_HAL_Driver/Src/stm32f1xx_hal_cortex.o
 .text.NVIC_EncodePriority
                0x0000000008003ba4       0x64 ./Drivers/STM32F1xx_HAL_Driver/Src/stm32f1xx_hal_cortex.o
 .text.SysTick_Config
                0x0000000008003c08       0x44 ./Drivers/STM32F1xx_HAL_Driver/Src/stm32f1xx_hal_cortex.o
 .text.HAL_NVIC_SetPriorityGrouping
                0x0000000008003c4c       0x16 ./Drivers/STM32F1xx_HAL_Driver/Src/stm32f1xx_hal_cortex.o
                0x0000000008003c4c                HAL_NVIC_SetPriorityGrouping
 .text.HAL_NVIC_SetPriority
                0x0000000008003c62       0x38 ./Drivers/STM32F1xx_HAL_Driver/Src/stm32f1xx_hal_cortex.o
                0x0000000008003c62                HAL_NVIC_SetPriority
 .text.HAL_NVIC_EnableIRQ
                0x0000000008003c9a       0x1c ./Drivers/STM32F1xx_HAL_Driver/Src/stm32f1xx_hal_cortex.o
                0x0000000008003c9a                HAL_NVIC_EnableIRQ
 .text.HAL_SYSTICK_Config
                0x0000000008003cb6       0x18 ./Drivers/STM32F1xx_HAL_Driver/Src/stm32f1xx_hal_cortex.o
                0x0000000008003cb6                HAL_SYSTICK_Config
 *fill*         0x0000000008003cce        0x2 
 .text.HAL_GPIO_Init
                0x0000000008003cd0      0x308 ./Drivers/STM32F1xx_HAL_Driver/Src/stm32f1xx_hal_gpio.o
                0x0000000008003cd0                HAL_GPIO_Init
 .text.HAL_GPIO_ReadPin
                0x0000000008003fd8       0x2e ./Drivers/STM32F1xx_HAL_Driver/Src/stm32f1xx_hal_gpio.o
                0x0000000008003fd8                HAL_GPIO_ReadPin
 .text.HAL_GPIO_WritePin
                0x0000000008004006       0x30 ./Drivers/STM32F1xx_HAL_Driver/Src/stm32f1xx_hal_gpio.o
                0x0000000008004006                HAL_GPIO_WritePin
 .text.HAL_GPIO_TogglePin
                0x0000000008004036       0x32 ./Drivers/STM32F1xx_HAL_Driver/Src/stm32f1xx_hal_gpio.o
                0x0000000008004036                HAL_GPIO_TogglePin
 .text.HAL_I2C_Init
                0x0000000008004068      0x288 ./Drivers/STM32F1xx_HAL_Driver/Src/stm32f1xx_hal_i2c.o
                0x0000000008004068                HAL_I2C_Init
 .text.HAL_I2C_Mem_Write
                0x00000000080042f0      0x1f4 ./Drivers/STM32F1xx_HAL_Driver/Src/stm32f1xx_hal_i2c.o
                0x00000000080042f0                HAL_I2C_Mem_Write
 .text.HAL_I2C_Mem_Read
                0x00000000080044e4      0x4d0 ./Drivers/STM32F1xx_HAL_Driver/Src/stm32f1xx_hal_i2c.o
                0x00000000080044e4                HAL_I2C_Mem_Read
 .text.I2C_RequestMemoryWrite
                0x00000000080049b4      0x12c ./Drivers/STM32F1xx_HAL_Driver/Src/stm32f1xx_hal_i2c.o
 .text.I2C_RequestMemoryRead
                0x0000000008004ae0      0x1d0 ./Drivers/STM32F1xx_HAL_Driver/Src/stm32f1xx_hal_i2c.o
 .text.I2C_WaitOnFlagUntilTimeout
                0x0000000008004cb0       0xae ./Drivers/STM32F1xx_HAL_Driver/Src/stm32f1xx_hal_i2c.o
 .text.I2C_WaitOnMasterAddressFlagUntilTimeout
                0x0000000008004d5e       0xfe ./Drivers/STM32F1xx_HAL_Driver/Src/stm32f1xx_hal_i2c.o
 .text.I2C_WaitOnTXEFlagUntilTimeout
                0x0000000008004e5c       0x82 ./Drivers/STM32F1xx_HAL_Driver/Src/stm32f1xx_hal_i2c.o
 .text.I2C_WaitOnBTFFlagUntilTimeout
                0x0000000008004ede       0x82 ./Drivers/STM32F1xx_HAL_Driver/Src/stm32f1xx_hal_i2c.o
 .text.I2C_WaitOnRXNEFlagUntilTimeout
                0x0000000008004f60       0xac ./Drivers/STM32F1xx_HAL_Driver/Src/stm32f1xx_hal_i2c.o
 .text.I2C_IsAcknowledgeFailed
                0x000000000800500c       0x5c ./Drivers/STM32F1xx_HAL_Driver/Src/stm32f1xx_hal_i2c.o
 .text.HAL_PCD_Init
                0x0000000008005068      0x216 ./Drivers/STM32F1xx_HAL_Driver/Src/stm32f1xx_hal_pcd.o
                0x0000000008005068                HAL_PCD_Init
 .text.HAL_PCD_Start
                0x000000000800527e       0x4c ./Drivers/STM32F1xx_HAL_Driver/Src/stm32f1xx_hal_pcd.o
                0x000000000800527e                HAL_PCD_Start
 .text.HAL_PCD_IRQHandler
                0x00000000080052ca      0x2aa ./Drivers/STM32F1xx_HAL_Driver/Src/stm32f1xx_hal_pcd.o
                0x00000000080052ca                HAL_PCD_IRQHandler
 .text.HAL_PCD_SetAddress
                0x0000000008005574       0x4a ./Drivers/STM32F1xx_HAL_Driver/Src/stm32f1xx_hal_pcd.o
                0x0000000008005574                HAL_PCD_SetAddress
 .text.HAL_PCD_EP_Open
                0x00000000080055be       0xcc ./Drivers/STM32F1xx_HAL_Driver/Src/stm32f1xx_hal_pcd.o
                0x00000000080055be                HAL_PCD_EP_Open
 .text.HAL_PCD_EP_Close
                0x000000000800568a       0x90 ./Drivers/STM32F1xx_HAL_Driver/Src/stm32f1xx_hal_pcd.o
                0x000000000800568a                HAL_PCD_EP_Close
 .text.HAL_PCD_EP_Receive
                0x000000000800571a       0x7a ./Drivers/STM32F1xx_HAL_Driver/Src/stm32f1xx_hal_pcd.o
                0x000000000800571a                HAL_PCD_EP_Receive
 .text.HAL_PCD_EP_GetRxCount
                0x0000000008005794       0x2e ./Drivers/STM32F1xx_HAL_Driver/Src/stm32f1xx_hal_pcd.o
                0x0000000008005794                HAL_PCD_EP_GetRxCount
 .text.HAL_PCD_EP_Transmit
                0x00000000080057c2       0x86 ./Drivers/STM32F1xx_HAL_Driver/Src/stm32f1xx_hal_pcd.o
                0x00000000080057c2                HAL_PCD_EP_Transmit
 .text.HAL_PCD_EP_SetStall
                0x0000000008005848       0xc0 ./Drivers/STM32F1xx_HAL_Driver/Src/stm32f1xx_hal_pcd.o
                0x0000000008005848                HAL_PCD_EP_SetStall
 .text.HAL_PCD_EP_ClrStall
                0x0000000008005908       0xa8 ./Drivers/STM32F1xx_HAL_Driver/Src/stm32f1xx_hal_pcd.o
                0x0000000008005908                HAL_PCD_EP_ClrStall
 .text.PCD_EP_ISR_Handler
                0x00000000080059b0      0x600 ./Drivers/STM32F1xx_HAL_Driver/Src/stm32f1xx_hal_pcd.o
 .text.HAL_PCD_EP_DB_Receive
                0x0000000008005fb0      0x21a ./Drivers/STM32F1xx_HAL_Driver/Src/stm32f1xx_hal_pcd.o
 .text.HAL_PCD_EP_DB_Transmit
                0x00000000080061ca      0x7a4 ./Drivers/STM32F1xx_HAL_Driver/Src/stm32f1xx_hal_pcd.o
 .text.HAL_PCDEx_PMAConfig
                0x000000000800696e       0x84 ./Drivers/STM32F1xx_HAL_Driver/Src/stm32f1xx_hal_pcd_ex.o
                0x000000000800696e                HAL_PCDEx_PMAConfig
 *fill*         0x00000000080069f2        0x2 
 .text.HAL_RCC_OscConfig
                0x00000000080069f4      0x500 ./Drivers/STM32F1xx_HAL_Driver/Src/stm32f1xx_hal_rcc.o
                0x00000000080069f4                HAL_RCC_OscConfig
 .text.HAL_RCC_ClockConfig
                0x0000000008006ef4      0x1d4 ./Drivers/STM32F1xx_HAL_Driver/Src/stm32f1xx_hal_rcc.o
                0x0000000008006ef4                HAL_RCC_ClockConfig
 .text.HAL_RCC_GetSysClockFreq
                0x00000000080070c8       0xc4 ./Drivers/STM32F1xx_HAL_Driver/Src/stm32f1xx_hal_rcc.o
                0x00000000080070c8                HAL_RCC_GetSysClockFreq
 .text.HAL_RCC_GetHCLKFreq
                0x000000000800718c       0x14 ./Drivers/STM32F1xx_HAL_Driver/Src/stm32f1xx_hal_rcc.o
                0x000000000800718c                HAL_RCC_GetHCLKFreq
 .text.HAL_RCC_GetPCLK1Freq
                0x00000000080071a0       0x28 ./Drivers/STM32F1xx_HAL_Driver/Src/stm32f1xx_hal_rcc.o
                0x00000000080071a0                HAL_RCC_GetPCLK1Freq
 .text.RCC_Delay
                0x00000000080071c8       0x3c ./Drivers/STM32F1xx_HAL_Driver/Src/stm32f1xx_hal_rcc.o
 .text.HAL_RCCEx_PeriphCLKConfig
                0x0000000008007204      0x16c ./Drivers/STM32F1xx_HAL_Driver/Src/stm32f1xx_hal_rcc_ex.o
                0x0000000008007204                HAL_RCCEx_PeriphCLKConfig
 .text.HAL_SPI_Init
                0x0000000008007370      0x108 ./Drivers/STM32F1xx_HAL_Driver/Src/stm32f1xx_hal_spi.o
                0x0000000008007370                HAL_SPI_Init
 .text.HAL_SPI_Transmit
                0x0000000008007478      0x278 ./Drivers/STM32F1xx_HAL_Driver/Src/stm32f1xx_hal_spi.o
                0x0000000008007478                HAL_SPI_Transmit
 .text.HAL_SPI_TransmitReceive
                0x00000000080076f0      0x344 ./Drivers/STM32F1xx_HAL_Driver/Src/stm32f1xx_hal_spi.o
                0x00000000080076f0                HAL_SPI_TransmitReceive
 .text.SPI_WaitFlagStateUntilTimeout
                0x0000000008007a34      0x110 ./Drivers/STM32F1xx_HAL_Driver/Src/stm32f1xx_hal_spi.o
 .text.SPI_EndRxTxTransaction
                0x0000000008007b44       0x3c ./Drivers/STM32F1xx_HAL_Driver/Src/stm32f1xx_hal_spi.o
 .text.HAL_TIM_Base_Init
                0x0000000008007b80       0x9e ./Drivers/STM32F1xx_HAL_Driver/Src/stm32f1xx_hal_tim.o
                0x0000000008007b80                HAL_TIM_Base_Init
 *fill*         0x0000000008007c1e        0x2 
 .text.HAL_TIM_Base_Start
                0x0000000008007c20       0x94 ./Drivers/STM32F1xx_HAL_Driver/Src/stm32f1xx_hal_tim.o
                0x0000000008007c20                HAL_TIM_Base_Start
 .text.HAL_TIM_ConfigClockSource
                0x0000000008007cb4      0x188 ./Drivers/STM32F1xx_HAL_Driver/Src/stm32f1xx_hal_tim.o
                0x0000000008007cb4                HAL_TIM_ConfigClockSource
 .text.TIM_Base_SetConfig
                0x0000000008007e3c       0xc4 ./Drivers/STM32F1xx_HAL_Driver/Src/stm32f1xx_hal_tim.o
                0x0000000008007e3c                TIM_Base_SetConfig
 .text.TIM_TI1_ConfigInputStage
                0x0000000008007f00       0x5c ./Drivers/STM32F1xx_HAL_Driver/Src/stm32f1xx_hal_tim.o
 .text.TIM_TI2_ConfigInputStage
                0x0000000008007f5c       0x5e ./Drivers/STM32F1xx_HAL_Driver/Src/stm32f1xx_hal_tim.o
 .text.TIM_ITRx_SetConfig
                0x0000000008007fba       0x34 ./Drivers/STM32F1xx_HAL_Driver/Src/stm32f1xx_hal_tim.o
 .text.TIM_ETR_SetConfig
                0x0000000008007fee       0x3e ./Drivers/STM32F1xx_HAL_Driver/Src/stm32f1xx_hal_tim.o
                0x0000000008007fee                TIM_ETR_SetConfig
 .text.HAL_TIMEx_MasterConfigSynchronization
                0x000000000800802c       0xbc ./Drivers/STM32F1xx_HAL_Driver/Src/stm32f1xx_hal_tim_ex.o
                0x000000000800802c                HAL_TIMEx_MasterConfigSynchronization
 .text.USB_CoreInit
                0x00000000080080e8       0x20 ./Drivers/STM32F1xx_HAL_Driver/Src/stm32f1xx_ll_usb.o
                0x00000000080080e8                USB_CoreInit
 .text.USB_EnableGlobalInt
                0x0000000008008108       0x2c ./Drivers/STM32F1xx_HAL_Driver/Src/stm32f1xx_ll_usb.o
                0x0000000008008108                USB_EnableGlobalInt
 .text.USB_DisableGlobalInt
                0x0000000008008134       0x34 ./Drivers/STM32F1xx_HAL_Driver/Src/stm32f1xx_ll_usb.o
                0x0000000008008134                USB_DisableGlobalInt
 .text.USB_SetCurrentMode
                0x0000000008008168       0x18 ./Drivers/STM32F1xx_HAL_Driver/Src/stm32f1xx_ll_usb.o
                0x0000000008008168                USB_SetCurrentMode
 .text.USB_DevInit
                0x0000000008008180       0x40 ./Drivers/STM32F1xx_HAL_Driver/Src/stm32f1xx_ll_usb.o
                0x0000000008008180                USB_DevInit
 .text.USB_ActivateEndpoint
                0x00000000080081c0      0x6d4 ./Drivers/STM32F1xx_HAL_Driver/Src/stm32f1xx_ll_usb.o
                0x00000000080081c0                USB_ActivateEndpoint
 .text.USB_DeactivateEndpoint
                0x0000000008008894      0x3d8 ./Drivers/STM32F1xx_HAL_Driver/Src/stm32f1xx_ll_usb.o
                0x0000000008008894                USB_DeactivateEndpoint
 .text.USB_EPStartXfer
                0x0000000008008c6c     0x15ee ./Drivers/STM32F1xx_HAL_Driver/Src/stm32f1xx_ll_usb.o
                0x0000000008008c6c                USB_EPStartXfer
 .text.USB_EPSetStall
                0x000000000800a25a       0xa0 ./Drivers/STM32F1xx_HAL_Driver/Src/stm32f1xx_ll_usb.o
                0x000000000800a25a                USB_EPSetStall
 .text.USB_EPClearStall
                0x000000000800a2fa      0x15a ./Drivers/STM32F1xx_HAL_Driver/Src/stm32f1xx_ll_usb.o
                0x000000000800a2fa                USB_EPClearStall
 .text.USB_SetDevAddress
                0x000000000800a454       0x26 ./Drivers/STM32F1xx_HAL_Driver/Src/stm32f1xx_ll_usb.o
                0x000000000800a454                USB_SetDevAddress
 .text.USB_DevConnect
                0x000000000800a47a       0x14 ./Drivers/STM32F1xx_HAL_Driver/Src/stm32f1xx_ll_usb.o
                0x000000000800a47a                USB_DevConnect
 .text.USB_DevDisconnect
                0x000000000800a48e       0x14 ./Drivers/STM32F1xx_HAL_Driver/Src/stm32f1xx_ll_usb.o
                0x000000000800a48e                USB_DevDisconnect
 .text.USB_ReadInterrupts
                0x000000000800a4a2       0x1e ./Drivers/STM32F1xx_HAL_Driver/Src/stm32f1xx_ll_usb.o
                0x000000000800a4a2                USB_ReadInterrupts
 .text.USB_EP0_OutStart
                0x000000000800a4c0       0x16 ./Drivers/STM32F1xx_HAL_Driver/Src/stm32f1xx_ll_usb.o
                0x000000000800a4c0                USB_EP0_OutStart
 .text.USB_WritePMA
                0x000000000800a4d6       0x8a ./Drivers/STM32F1xx_HAL_Driver/Src/stm32f1xx_ll_usb.o
                0x000000000800a4d6                USB_WritePMA
 .text.USB_ReadPMA
                0x000000000800a560       0x9e ./Drivers/STM32F1xx_HAL_Driver/Src/stm32f1xx_ll_usb.o
                0x000000000800a560                USB_ReadPMA
 .text.USBD_CDC_Init
                0x000000000800a5fe       0xf4 ./Middlewares/ST/STM32_USB_Device_Library/Class/CDC/Src/usbd_cdc.o
 .text.USBD_CDC_DeInit
                0x000000000800a6f2       0x6e ./Middlewares/ST/STM32_USB_Device_Library/Class/CDC/Src/usbd_cdc.o
 .text.USBD_CDC_Setup
                0x000000000800a760      0x146 ./Middlewares/ST/STM32_USB_Device_Library/Class/CDC/Src/usbd_cdc.o
 .text.USBD_CDC_DataIn
                0x000000000800a8a6       0xa6 ./Middlewares/ST/STM32_USB_Device_Library/Class/CDC/Src/usbd_cdc.o
 .text.USBD_CDC_DataOut
                0x000000000800a94c       0x56 ./Middlewares/ST/STM32_USB_Device_Library/Class/CDC/Src/usbd_cdc.o
 .text.USBD_CDC_EP0_RxReady
                0x000000000800a9a2       0x50 ./Middlewares/ST/STM32_USB_Device_Library/Class/CDC/Src/usbd_cdc.o
 *fill*         0x000000000800a9f2        0x2 
 .text.USBD_CDC_GetFSCfgDesc
                0x000000000800a9f4       0x20 ./Middlewares/ST/STM32_USB_Device_Library/Class/CDC/Src/usbd_cdc.o
 .text.USBD_CDC_GetHSCfgDesc
                0x000000000800aa14       0x20 ./Middlewares/ST/STM32_USB_Device_Library/Class/CDC/Src/usbd_cdc.o
 .text.USBD_CDC_GetOtherSpeedCfgDesc
                0x000000000800aa34       0x20 ./Middlewares/ST/STM32_USB_Device_Library/Class/CDC/Src/usbd_cdc.o
 .text.USBD_CDC_GetDeviceQualifierDescriptor
                0x000000000800aa54       0x20 ./Middlewares/ST/STM32_USB_Device_Library/Class/CDC/Src/usbd_cdc.o
                0x000000000800aa54                USBD_CDC_GetDeviceQualifierDescriptor
 .text.USBD_CDC_RegisterInterface
                0x000000000800aa74       0x2c ./Middlewares/ST/STM32_USB_Device_Library/Class/CDC/Src/usbd_cdc.o
                0x000000000800aa74                USBD_CDC_RegisterInterface
 .text.USBD_CDC_SetTxBuffer
                0x000000000800aaa0       0x32 ./Middlewares/ST/STM32_USB_Device_Library/Class/CDC/Src/usbd_cdc.o
                0x000000000800aaa0                USBD_CDC_SetTxBuffer
 .text.USBD_CDC_SetRxBuffer
                0x000000000800aad2       0x26 ./Middlewares/ST/STM32_USB_Device_Library/Class/CDC/Src/usbd_cdc.o
                0x000000000800aad2                USBD_CDC_SetRxBuffer
 .text.USBD_CDC_TransmitPacket
                0x000000000800aaf8       0x5e ./Middlewares/ST/STM32_USB_Device_Library/Class/CDC/Src/usbd_cdc.o
                0x000000000800aaf8                USBD_CDC_TransmitPacket
 .text.USBD_CDC_ReceivePacket
                0x000000000800ab56       0x54 ./Middlewares/ST/STM32_USB_Device_Library/Class/CDC/Src/usbd_cdc.o
                0x000000000800ab56                USBD_CDC_ReceivePacket
 .text.USBD_Init
                0x000000000800abaa       0x56 ./Middlewares/ST/STM32_USB_Device_Library/Core/Src/usbd_core.o
                0x000000000800abaa                USBD_Init
 .text.USBD_RegisterClass
                0x000000000800ac00       0x32 ./Middlewares/ST/STM32_USB_Device_Library/Core/Src/usbd_core.o
                0x000000000800ac00                USBD_RegisterClass
 .text.USBD_Start
                0x000000000800ac32       0x18 ./Middlewares/ST/STM32_USB_Device_Library/Core/Src/usbd_core.o
                0x000000000800ac32                USBD_Start
 .text.USBD_RunTestMode
                0x000000000800ac4a       0x14 ./Middlewares/ST/STM32_USB_Device_Library/Core/Src/usbd_core.o
                0x000000000800ac4a                USBD_RunTestMode
 .text.USBD_SetClassConfig
                0x000000000800ac5e       0x3e ./Middlewares/ST/STM32_USB_Device_Library/Core/Src/usbd_core.o
                0x000000000800ac5e                USBD_SetClassConfig
 .text.USBD_ClrClassConfig
                0x000000000800ac9c       0x26 ./Middlewares/ST/STM32_USB_Device_Library/Core/Src/usbd_core.o
                0x000000000800ac9c                USBD_ClrClassConfig
 .text.USBD_LL_SetupStage
                0x000000000800acc2       0x9a ./Middlewares/ST/STM32_USB_Device_Library/Core/Src/usbd_core.o
                0x000000000800acc2                USBD_LL_SetupStage
 .text.USBD_LL_DataOutStage
                0x000000000800ad5c       0xe2 ./Middlewares/ST/STM32_USB_Device_Library/Core/Src/usbd_core.o
                0x000000000800ad5c                USBD_LL_DataOutStage
 .text.USBD_LL_DataInStage
                0x000000000800ae3e      0x14a ./Middlewares/ST/STM32_USB_Device_Library/Core/Src/usbd_core.o
                0x000000000800ae3e                USBD_LL_DataInStage
 .text.USBD_LL_Reset
                0x000000000800af88       0x82 ./Middlewares/ST/STM32_USB_Device_Library/Core/Src/usbd_core.o
                0x000000000800af88                USBD_LL_Reset
 .text.USBD_LL_SetSpeed
                0x000000000800b00a       0x1e ./Middlewares/ST/STM32_USB_Device_Library/Core/Src/usbd_core.o
                0x000000000800b00a                USBD_LL_SetSpeed
 .text.USBD_LL_Suspend
                0x000000000800b028       0x28 ./Middlewares/ST/STM32_USB_Device_Library/Core/Src/usbd_core.o
                0x000000000800b028                USBD_LL_Suspend
 .text.USBD_LL_Resume
                0x000000000800b050       0x2a ./Middlewares/ST/STM32_USB_Device_Library/Core/Src/usbd_core.o
                0x000000000800b050                USBD_LL_Resume
 .text.USBD_LL_SOF
                0x000000000800b07a       0x34 ./Middlewares/ST/STM32_USB_Device_Library/Core/Src/usbd_core.o
                0x000000000800b07a                USBD_LL_SOF
 *fill*         0x000000000800b0ae        0x2 
 .text.USBD_StdDevReq
                0x000000000800b0b0       0xd4 ./Middlewares/ST/STM32_USB_Device_Library/Core/Src/usbd_ctlreq.o
                0x000000000800b0b0                USBD_StdDevReq
 .text.USBD_StdItfReq
                0x000000000800b184       0x90 ./Middlewares/ST/STM32_USB_Device_Library/Core/Src/usbd_ctlreq.o
                0x000000000800b184                USBD_StdItfReq
 .text.USBD_StdEPReq
                0x000000000800b214      0x2c6 ./Middlewares/ST/STM32_USB_Device_Library/Core/Src/usbd_ctlreq.o
                0x000000000800b214                USBD_StdEPReq
 *fill*         0x000000000800b4da        0x2 
 .text.USBD_GetDescriptor
                0x000000000800b4dc      0x2d0 ./Middlewares/ST/STM32_USB_Device_Library/Core/Src/usbd_ctlreq.o
 .text.USBD_SetAddress
                0x000000000800b7ac       0x86 ./Middlewares/ST/STM32_USB_Device_Library/Core/Src/usbd_ctlreq.o
 *fill*         0x000000000800b832        0x2 
 .text.USBD_SetConfig
                0x000000000800b834      0x11c ./Middlewares/ST/STM32_USB_Device_Library/Core/Src/usbd_ctlreq.o
 .text.USBD_GetConfig
                0x000000000800b950       0x6a ./Middlewares/ST/STM32_USB_Device_Library/Core/Src/usbd_ctlreq.o
 .text.USBD_GetStatus
                0x000000000800b9ba       0x66 ./Middlewares/ST/STM32_USB_Device_Library/Core/Src/usbd_ctlreq.o
 .text.USBD_SetFeature
                0x000000000800ba20       0x28 ./Middlewares/ST/STM32_USB_Device_Library/Core/Src/usbd_ctlreq.o
 .text.USBD_ClrFeature
                0x000000000800ba48       0x42 ./Middlewares/ST/STM32_USB_Device_Library/Core/Src/usbd_ctlreq.o
 .text.USBD_ParseSetupRequest
                0x000000000800ba8a       0x78 ./Middlewares/ST/STM32_USB_Device_Library/Core/Src/usbd_ctlreq.o
                0x000000000800ba8a                USBD_ParseSetupRequest
 .text.USBD_CtlError
                0x000000000800bb02       0x22 ./Middlewares/ST/STM32_USB_Device_Library/Core/Src/usbd_ctlreq.o
                0x000000000800bb02                USBD_CtlError
 .text.USBD_GetString
                0x000000000800bb24       0x84 ./Middlewares/ST/STM32_USB_Device_Library/Core/Src/usbd_ctlreq.o
                0x000000000800bb24                USBD_GetString
 .text.USBD_GetLen
                0x000000000800bba8       0x2e ./Middlewares/ST/STM32_USB_Device_Library/Core/Src/usbd_ctlreq.o
 .text.USBD_CtlSendData
                0x000000000800bbd6       0x38 ./Middlewares/ST/STM32_USB_Device_Library/Core/Src/usbd_ioreq.o
                0x000000000800bbd6                USBD_CtlSendData
 .text.USBD_CtlContinueSendData
                0x000000000800bc0e       0x24 ./Middlewares/ST/STM32_USB_Device_Library/Core/Src/usbd_ioreq.o
                0x000000000800bc0e                USBD_CtlContinueSendData
 .text.USBD_CtlPrepareRx
                0x000000000800bc32       0x3c ./Middlewares/ST/STM32_USB_Device_Library/Core/Src/usbd_ioreq.o
                0x000000000800bc32                USBD_CtlPrepareRx
 .text.USBD_CtlContinueRx
                0x000000000800bc6e       0x24 ./Middlewares/ST/STM32_USB_Device_Library/Core/Src/usbd_ioreq.o
                0x000000000800bc6e                USBD_CtlContinueRx
 .text.USBD_CtlSendStatus
                0x000000000800bc92       0x26 ./Middlewares/ST/STM32_USB_Device_Library/Core/Src/usbd_ioreq.o
                0x000000000800bc92                USBD_CtlSendStatus
 .text.USBD_CtlReceiveStatus
                0x000000000800bcb8       0x26 ./Middlewares/ST/STM32_USB_Device_Library/Core/Src/usbd_ioreq.o
                0x000000000800bcb8                USBD_CtlReceiveStatus
 *fill*         0x000000000800bcde        0x2 
 .text.MX_USB_DEVICE_Init
                0x000000000800bce0       0x60 ./USB_DEVICE/App/usb_device.o
                0x000000000800bce0                MX_USB_DEVICE_Init
 .text.CDC_Init_FS
                0x000000000800bd40       0x28 ./USB_DEVICE/App/usbd_cdc_if.o
 .text.CDC_DeInit_FS
                0x000000000800bd68        0xe ./USB_DEVICE/App/usbd_cdc_if.o
 *fill*         0x000000000800bd76        0x2 
 .text.CDC_Control_FS
                0x000000000800bd78       0xbc ./USB_DEVICE/App/usbd_cdc_if.o
 .text.CDC_Receive_FS
                0x000000000800be34       0x4c ./USB_DEVICE/App/usbd_cdc_if.o
 .text.CDC_Transmit_FS
                0x000000000800be80       0x4c ./USB_DEVICE/App/usbd_cdc_if.o
                0x000000000800be80                CDC_Transmit_FS
 .text.USBD_FS_DeviceDescriptor
                0x000000000800becc       0x24 ./USB_DEVICE/App/usbd_desc.o
                0x000000000800becc                USBD_FS_DeviceDescriptor
 .text.USBD_FS_LangIDStrDescriptor
                0x000000000800bef0       0x24 ./USB_DEVICE/App/usbd_desc.o
                0x000000000800bef0                USBD_FS_LangIDStrDescriptor
 .text.USBD_FS_ProductStrDescriptor
                0x000000000800bf14       0x3c ./USB_DEVICE/App/usbd_desc.o
                0x000000000800bf14                USBD_FS_ProductStrDescriptor
 .text.USBD_FS_ManufacturerStrDescriptor
                0x000000000800bf50       0x28 ./USB_DEVICE/App/usbd_desc.o
                0x000000000800bf50                USBD_FS_ManufacturerStrDescriptor
 .text.USBD_FS_SerialStrDescriptor
                0x000000000800bf78       0x24 ./USB_DEVICE/App/usbd_desc.o
                0x000000000800bf78                USBD_FS_SerialStrDescriptor
 .text.USBD_FS_ConfigStrDescriptor
                0x000000000800bf9c       0x3c ./USB_DEVICE/App/usbd_desc.o
                0x000000000800bf9c                USBD_FS_ConfigStrDescriptor
 .text.USBD_FS_InterfaceStrDescriptor
                0x000000000800bfd8       0x3c ./USB_DEVICE/App/usbd_desc.o
                0x000000000800bfd8                USBD_FS_InterfaceStrDescriptor
 .text.Get_SerialNum
                0x000000000800c014       0x58 ./USB_DEVICE/App/usbd_desc.o
 .text.IntToUnicode
                0x000000000800c06c       0x7c ./USB_DEVICE/App/usbd_desc.o
 .text.HAL_PCD_MspInit
                0x000000000800c0e8       0x4c ./USB_DEVICE/Target/usbd_conf.o
                0x000000000800c0e8                HAL_PCD_MspInit
 .text.HAL_PCD_SetupStageCallback
                0x000000000800c134       0x24 ./USB_DEVICE/Target/usbd_conf.o
                0x000000000800c134                HAL_PCD_SetupStageCallback
 .text.HAL_PCD_DataOutStageCallback
                0x000000000800c158       0x36 ./USB_DEVICE/Target/usbd_conf.o
                0x000000000800c158                HAL_PCD_DataOutStageCallback
 .text.HAL_PCD_DataInStageCallback
                0x000000000800c18e       0x34 ./USB_DEVICE/Target/usbd_conf.o
                0x000000000800c18e                HAL_PCD_DataInStageCallback
 .text.HAL_PCD_SOFCallback
                0x000000000800c1c2       0x1c ./USB_DEVICE/Target/usbd_conf.o
                0x000000000800c1c2                HAL_PCD_SOFCallback
 .text.HAL_PCD_ResetCallback
                0x000000000800c1de       0x3c ./USB_DEVICE/Target/usbd_conf.o
                0x000000000800c1de                HAL_PCD_ResetCallback
 *fill*         0x000000000800c21a        0x2 
 .text.HAL_PCD_SuspendCallback
                0x000000000800c21c       0x34 ./USB_DEVICE/Target/usbd_conf.o
                0x000000000800c21c                HAL_PCD_SuspendCallback
 .text.HAL_PCD_ResumeCallback
                0x000000000800c250       0x1c ./USB_DEVICE/Target/usbd_conf.o
                0x000000000800c250                HAL_PCD_ResumeCallback
 .text.USBD_LL_Init
                0x000000000800c26c       0xb4 ./USB_DEVICE/Target/usbd_conf.o
                0x000000000800c26c                USBD_LL_Init
 .text.USBD_LL_Start
                0x000000000800c320       0x36 ./USB_DEVICE/Target/usbd_conf.o
                0x000000000800c320                USBD_LL_Start
 .text.USBD_LL_OpenEP
                0x000000000800c356       0x4c ./USB_DEVICE/Target/usbd_conf.o
                0x000000000800c356                USBD_LL_OpenEP
 .text.USBD_LL_CloseEP
                0x000000000800c3a2       0x3e ./USB_DEVICE/Target/usbd_conf.o
                0x000000000800c3a2                USBD_LL_CloseEP
 .text.USBD_LL_StallEP
                0x000000000800c3e0       0x3e ./USB_DEVICE/Target/usbd_conf.o
                0x000000000800c3e0                USBD_LL_StallEP
 .text.USBD_LL_ClearStallEP
                0x000000000800c41e       0x3e ./USB_DEVICE/Target/usbd_conf.o
                0x000000000800c41e                USBD_LL_ClearStallEP
 .text.USBD_LL_IsStallEP
                0x000000000800c45c       0x58 ./USB_DEVICE/Target/usbd_conf.o
                0x000000000800c45c                USBD_LL_IsStallEP
 .text.USBD_LL_SetUSBAddress
                0x000000000800c4b4       0x3e ./USB_DEVICE/Target/usbd_conf.o
                0x000000000800c4b4                USBD_LL_SetUSBAddress
 .text.USBD_LL_Transmit
                0x000000000800c4f2       0x46 ./USB_DEVICE/Target/usbd_conf.o
                0x000000000800c4f2                USBD_LL_Transmit
 .text.USBD_LL_PrepareReceive
                0x000000000800c538       0x46 ./USB_DEVICE/Target/usbd_conf.o
                0x000000000800c538                USBD_LL_PrepareReceive
 .text.USBD_LL_GetRxDataSize
                0x000000000800c57e       0x26 ./USB_DEVICE/Target/usbd_conf.o
                0x000000000800c57e                USBD_LL_GetRxDataSize
 .text.USBD_static_malloc
                0x000000000800c5a4       0x18 ./USB_DEVICE/Target/usbd_conf.o
                0x000000000800c5a4                USBD_static_malloc
 .text.USBD_static_free
                0x000000000800c5bc       0x12 ./USB_DEVICE/Target/usbd_conf.o
                0x000000000800c5bc                USBD_static_free
 .text.HAL_PCDEx_SetConnectionState
                0x000000000800c5ce       0x16 ./USB_DEVICE/Target/usbd_conf.o
                0x000000000800c5ce                HAL_PCDEx_SetConnectionState
 .text.USBD_Get_USB_Status
                0x000000000800c5e4       0x58 ./USB_DEVICE/Target/usbd_conf.o
 .text.__errno  0x000000000800c63c        0xc c:/st/stm32cubeide_1.5.1/stm32cubeide/plugins/com.st.stm32cube.ide.mcu.externaltools.gnu-tools-for-stm32.9-2020-q2-update.win32_2.0.0.202105311346/tools/bin/../lib/gcc/arm-none-eabi/9.3.1/../../../../arm-none-eabi/lib/thumb/v7-m/nofp\libc_nano.a(lib_a-errno.o)
                0x000000000800c63c                __errno
 .text.__libc_init_array
                0x000000000800c648       0x48 c:/st/stm32cubeide_1.5.1/stm32cubeide/plugins/com.st.stm32cube.ide.mcu.externaltools.gnu-tools-for-stm32.9-2020-q2-update.win32_2.0.0.202105311346/tools/bin/../lib/gcc/arm-none-eabi/9.3.1/../../../../arm-none-eabi/lib/thumb/v7-m/nofp\libc_nano.a(lib_a-init.o)
                0x000000000800c648                __libc_init_array
 .text.memcpy   0x000000000800c690       0x1c c:/st/stm32cubeide_1.5.1/stm32cubeide/plugins/com.st.stm32cube.ide.mcu.externaltools.gnu-tools-for-stm32.9-2020-q2-update.win32_2.0.0.202105311346/tools/bin/../lib/gcc/arm-none-eabi/9.3.1/../../../../arm-none-eabi/lib/thumb/v7-m/nofp\libc_nano.a(lib_a-memcpy-stub.o)
                0x000000000800c690                memcpy
 .text.memmove  0x000000000800c6ac       0x34 c:/st/stm32cubeide_1.5.1/stm32cubeide/plugins/com.st.stm32cube.ide.mcu.externaltools.gnu-tools-for-stm32.9-2020-q2-update.win32_2.0.0.202105311346/tools/bin/../lib/gcc/arm-none-eabi/9.3.1/../../../../arm-none-eabi/lib/thumb/v7-m/nofp\libc_nano.a(lib_a-memmove.o)
                0x000000000800c6ac                memmove
 .text.memset   0x000000000800c6e0       0x10 c:/st/stm32cubeide_1.5.1/stm32cubeide/plugins/com.st.stm32cube.ide.mcu.externaltools.gnu-tools-for-stm32.9-2020-q2-update.win32_2.0.0.202105311346/tools/bin/../lib/gcc/arm-none-eabi/9.3.1/../../../../arm-none-eabi/lib/thumb/v7-m/nofp\libc_nano.a(lib_a-memset.o)
                0x000000000800c6e0                memset
 .text.snprintf
                0x000000000800c6f0       0x68 c:/st/stm32cubeide_1.5.1/stm32cubeide/plugins/com.st.stm32cube.ide.mcu.externaltools.gnu-tools-for-stm32.9-2020-q2-update.win32_2.0.0.202105311346/tools/bin/../lib/gcc/arm-none-eabi/9.3.1/../../../../arm-none-eabi/lib/thumb/v7-m/nofp\libc_nano.a(lib_a-snprintf.o)
                0x000000000800c6f0                sniprintf
                0x000000000800c6f0                snprintf
 .text.strstr   0x000000000800c758       0x2e c:/st/stm32cubeide_1.5.1/stm32cubeide/plugins/com.st.stm32cube.ide.mcu.externaltools.gnu-tools-for-stm32.9-2020-q2-update.win32_2.0.0.202105311346/tools/bin/../lib/gcc/arm-none-eabi/9.3.1/../../../../arm-none-eabi/lib/thumb/v7-m/nofp\libc_nano.a(lib_a-strstr.o)
                0x000000000800c758                strstr
 .text.__ssputs_r
                0x000000000800c786       0xb6 c:/st/stm32cubeide_1.5.1/stm32cubeide/plugins/com.st.stm32cube.ide.mcu.externaltools.gnu-tools-for-stm32.9-2020-q2-update.win32_2.0.0.202105311346/tools/bin/../lib/gcc/arm-none-eabi/9.3.1/../../../../arm-none-eabi/lib/thumb/v7-m/nofp\libc_nano.a(lib_a-nano-svfprintf.o)
                0x000000000800c786                __ssputs_r
 .text._svfprintf_r
                0x000000000800c83c      0x200 c:/st/stm32cubeide_1.5.1/stm32cubeide/plugins/com.st.stm32cube.ide.mcu.externaltools.gnu-tools-for-stm32.9-2020-q2-update.win32_2.0.0.202105311346/tools/bin/../lib/gcc/arm-none-eabi/9.3.1/../../../../arm-none-eabi/lib/thumb/v7-m/nofp\libc_nano.a(lib_a-nano-svfprintf.o)
                0x000000000800c83c                _svfiprintf_r
                0x000000000800c83c                _svfprintf_r
 .text._printf_common
                0x000000000800ca3c       0xde c:/st/stm32cubeide_1.5.1/stm32cubeide/plugins/com.st.stm32cube.ide.mcu.externaltools.gnu-tools-for-stm32.9-2020-q2-update.win32_2.0.0.202105311346/tools/bin/../lib/gcc/arm-none-eabi/9.3.1/../../../../arm-none-eabi/lib/thumb/v7-m/nofp\libc_nano.a(lib_a-nano-vfprintf_i.o)
                0x000000000800ca3c                _printf_common
 *fill*         0x000000000800cb1a        0x2 
 .text._printf_i
                0x000000000800cb1c      0x24c c:/st/stm32cubeide_1.5.1/stm32cubeide/plugins/com.st.stm32cube.ide.mcu.externaltools.gnu-tools-for-stm32.9-2020-q2-update.win32_2.0.0.202105311346/tools/bin/../lib/gcc/arm-none-eabi/9.3.1/../../../../arm-none-eabi/lib/thumb/v7-m/nofp\libc_nano.a(lib_a-nano-vfprintf_i.o)
                0x000000000800cb1c                _printf_i
 .text.memchr   0x000000000800cd68       0x1c c:/st/stm32cubeide_1.5.1/stm32cubeide/plugins/com.st.stm32cube.ide.mcu.externaltools.gnu-tools-for-stm32.9-2020-q2-update.win32_2.0.0.202105311346/tools/bin/../lib/gcc/arm-none-eabi/9.3.1/../../../../arm-none-eabi/lib/thumb/v7-m/nofp\libc_nano.a(lib_a-memchr-stub.o)
                0x000000000800cd68                memchr
 .text._free_r  0x000000000800cd84       0x98 c:/st/stm32cubeide_1.5.1/stm32cubeide/plugins/com.st.stm32cube.ide.mcu.externaltools.gnu-tools-for-stm32.9-2020-q2-update.win32_2.0.0.202105311346/tools/bin/../lib/gcc/arm-none-eabi/9.3.1/../../../../arm-none-eabi/lib/thumb/v7-m/nofp\libc_nano.a(lib_a-nano-freer.o)
                0x000000000800cd84                _free_r
 .text._malloc_r
                0x000000000800ce1c       0xb4 c:/st/stm32cubeide_1.5.1/stm32cubeide/plugins/com.st.stm32cube.ide.mcu.externaltools.gnu-tools-for-stm32.9-2020-q2-update.win32_2.0.0.202105311346/tools/bin/../lib/gcc/arm-none-eabi/9.3.1/../../../../arm-none-eabi/lib/thumb/v7-m/nofp\libc_nano.a(lib_a-nano-mallocr.o)
                0x000000000800ce1c                _malloc_r
 .text._realloc_r
                0x000000000800ced0       0x4c c:/st/stm32cubeide_1.5.1/stm32cubeide/plugins/com.st.stm32cube.ide.mcu.externaltools.gnu-tools-for-stm32.9-2020-q2-update.win32_2.0.0.202105311346/tools/bin/../lib/gcc/arm-none-eabi/9.3.1/../../../../arm-none-eabi/lib/thumb/v7-m/nofp\libc_nano.a(lib_a-nano-reallocr.o)
                0x000000000800ced0                _realloc_r
 .text._sbrk_r  0x000000000800cf1c       0x20 c:/st/stm32cubeide_1.5.1/stm32cubeide/plugins/com.st.stm32cube.ide.mcu.externaltools.gnu-tools-for-stm32.9-2020-q2-update.win32_2.0.0.202105311346/tools/bin/../lib/gcc/arm-none-eabi/9.3.1/../../../../arm-none-eabi/lib/thumb/v7-m/nofp\libc_nano.a(lib_a-sbrkr.o)
                0x000000000800cf1c                _sbrk_r
 .text.__malloc_lock
                0x000000000800cf3c        0xc c:/st/stm32cubeide_1.5.1/stm32cubeide/plugins/com.st.stm32cube.ide.mcu.externaltools.gnu-tools-for-stm32.9-2020-q2-update.win32_2.0.0.202105311346/tools/bin/../lib/gcc/arm-none-eabi/9.3.1/../../../../arm-none-eabi/lib/thumb/v7-m/nofp\libc_nano.a(lib_a-mlock.o)
                0x000000000800cf3c                __malloc_lock
 .text.__malloc_unlock
                0x000000000800cf48        0xc c:/st/stm32cubeide_1.5.1/stm32cubeide/plugins/com.st.stm32cube.ide.mcu.externaltools.gnu-tools-for-stm32.9-2020-q2-update.win32_2.0.0.202105311346/tools/bin/../lib/gcc/arm-none-eabi/9.3.1/../../../../arm-none-eabi/lib/thumb/v7-m/nofp\libc_nano.a(lib_a-mlock.o)
                0x000000000800cf48                __malloc_unlock
 .text._malloc_usable_size_r
                0x000000000800cf54       0x10 c:/st/stm32cubeide_1.5.1/stm32cubeide/plugins/com.st.stm32cube.ide.mcu.externaltools.gnu-tools-for-stm32.9-2020-q2-update.win32_2.0.0.202105311346/tools/bin/../lib/gcc/arm-none-eabi/9.3.1/../../../../arm-none-eabi/lib/thumb/v7-m/nofp\libc_nano.a(lib_a-nano-msizer.o)
                0x000000000800cf54                _malloc_usable_size_r
 .text.__retarget_lock_acquire_recursive
                0x000000000800cf64        0x2 c:/st/stm32cubeide_1.5.1/stm32cubeide/plugins/com.st.stm32cube.ide.mcu.externaltools.gnu-tools-for-stm32.9-2020-q2-update.win32_2.0.0.202105311346/tools/bin/../lib/gcc/arm-none-eabi/9.3.1/../../../../arm-none-eabi/lib/thumb/v7-m/nofp\libc_nano.a(lib_a-lock.o)
                0x000000000800cf64                __retarget_lock_acquire_recursive
 .text.__retarget_lock_release_recursive
                0x000000000800cf66        0x2 c:/st/stm32cubeide_1.5.1/stm32cubeide/plugins/com.st.stm32cube.ide.mcu.externaltools.gnu-tools-for-stm32.9-2020-q2-update.win32_2.0.0.202105311346/tools/bin/../lib/gcc/arm-none-eabi/9.3.1/../../../../arm-none-eabi/lib/thumb/v7-m/nofp\libc_nano.a(lib_a-lock.o)
                0x000000000800cf66                __retarget_lock_release_recursive
 *(.glue_7)
 .glue_7        0x000000000800cf68        0x0 linker stubs
 *(.glue_7t)
 .glue_7t       0x000000000800cf68        0x0 linker stubs
 *(.eh_frame)
 .eh_frame      0x000000000800cf68        0x0 c:/st/stm32cubeide_1.5.1/stm32cubeide/plugins/com.st.stm32cube.ide.mcu.externaltools.gnu-tools-for-stm32.9-2020-q2-update.win32_2.0.0.202105311346/tools/bin/../lib/gcc/arm-none-eabi/9.3.1/thumb/v7-m/nofp/crtbegin.o
 *(.init)
 .init          0x000000000800cf68        0x4 c:/st/stm32cubeide_1.5.1/stm32cubeide/plugins/com.st.stm32cube.ide.mcu.externaltools.gnu-tools-for-stm32.9-2020-q2-update.win32_2.0.0.202105311346/tools/bin/../lib/gcc/arm-none-eabi/9.3.1/thumb/v7-m/nofp/crti.o
                0x000000000800cf68                _init
 .init          0x000000000800cf6c        0x8 c:/st/stm32cubeide_1.5.1/stm32cubeide/plugins/com.st.stm32cube.ide.mcu.externaltools.gnu-tools-for-stm32.9-2020-q2-update.win32_2.0.0.202105311346/tools/bin/../lib/gcc/arm-none-eabi/9.3.1/thumb/v7-m/nofp/crtn.o
 *(.fini)
 .fini          0x000000000800cf74        0x4 c:/st/stm32cubeide_1.5.1/stm32cubeide/plugins/com.st.stm32cube.ide.mcu.externaltools.gnu-tools-for-stm32.9-2020-q2-update.win32_2.0.0.202105311346/tools/bin/../lib/gcc/arm-none-eabi/9.3.1/thumb/v7-m/nofp/crti.o
                0x000000000800cf74                _fini
 .fini          0x000000000800cf78        0x8 c:/st/stm32cubeide_1.5.1/stm32cubeide/plugins/com.st.stm32cube.ide.mcu.externaltools.gnu-tools-for-stm32.9-2020-q2-update.win32_2.0.0.202105311346/tools/bin/../lib/gcc/arm-none-eabi/9.3.1/thumb/v7-m/nofp/crtn.o
                0x000000000800cf80                . = ALIGN (0x4)
                0x000000000800cf80                _etext = .

.vfp11_veneer   0x000000000800cf80        0x0
 .vfp11_veneer  0x000000000800cf80        0x0 linker stubs

.v4_bx          0x000000000800cf80        0x0
 .v4_bx         0x000000000800cf80        0x0 linker stubs

.iplt           0x000000000800cf80        0x0
 .iplt          0x000000000800cf80        0x0 c:/st/stm32cubeide_1.5.1/stm32cubeide/plugins/com.st.stm32cube.ide.mcu.externaltools.gnu-tools-for-stm32.9-2020-q2-update.win32_2.0.0.202105311346/tools/bin/../lib/gcc/arm-none-eabi/9.3.1/thumb/v7-m/nofp/crtbegin.o

.rodata         0x000000000800cf80      0x79c
                0x000000000800cf80                . = ALIGN (0x4)
 *(.rodata)
 .rodata        0x000000000800cf80      0x1ff ./Core/Src/main.o
 *fill*         0x000000000800d17f        0x1 
 .rodata        0x000000000800d180       0x4e ./Core/Src/microrl.o
 *fill*         0x000000000800d1ce        0x2 
 .rodata        0x000000000800d1d0       0xf8 ./Core/Src/microrl_cmd.o
 .rodata        0x000000000800d2c8       0x10 ./Drivers/STM32F1xx_HAL_Driver/Src/stm32f1xx_hal_rcc.o
 .rodata        0x000000000800d2d8       0x46 ./USB_DEVICE/App/usbd_desc.o
 *(.rodata*)
 *fill*         0x000000000800d31e        0x2 
 .rodata.microrl_actions
                0x000000000800d320      0x1e4 ./Core/Src/microrl_cmd.o
                0x000000000800d320                microrl_actions
 .rodata.microrl_color_lookup
                0x000000000800d504       0xbb ./Core/Src/microrl_cmd.o
                0x000000000800d504                microrl_color_lookup
 *fill*         0x000000000800d5bf        0x1 
 .rodata.microrl_help_color
                0x000000000800d5c0        0x4 ./Core/Src/microrl_cmd.o
                0x000000000800d5c0                microrl_help_color
 .rodata.AHBPrescTable
                0x000000000800d5c4       0x10 ./Core/Src/system_stm32f1xx.o
                0x000000000800d5c4                AHBPrescTable
 .rodata.APBPrescTable
                0x000000000800d5d4        0x8 ./Core/Src/system_stm32f1xx.o
                0x000000000800d5d4                APBPrescTable
 .rodata._VFD_MAP_DIGITS
                0x000000000800d5dc       0x14 ./Core/Src/vfd.o
                0x000000000800d5dc                _VFD_MAP_DIGITS
 .rodata._VFD_MAP_ALPHA
                0x000000000800d5f0       0x34 ./Core/Src/vfd.o
                0x000000000800d5f0                _VFD_MAP_ALPHA
 .rodata._VFD_MAP_ALPHA_RU
                0x000000000800d624       0x40 ./Core/Src/vfd.o
                0x000000000800d624                _VFD_MAP_ALPHA_RU
 .rodata._VFD_MAP_SPECIAL
                0x000000000800d664       0x34 ./Core/Src/vfd.o
                0x000000000800d664                _VFD_MAP_SPECIAL
 .rodata._VFD_MAP_SPECIAL_CHAR
                0x000000000800d698       0x1a ./Core/Src/vfd.o
                0x000000000800d698                _VFD_MAP_SPECIAL_CHAR
 *fill*         0x000000000800d6b2        0x2 
 .rodata._VFD_MAP_SYMBOLS
                0x000000000800d6b4       0x32 ./Core/Src/vfd.o
                0x000000000800d6b4                _VFD_MAP_SYMBOLS
 .rodata._svfprintf_r.str1.1
                0x000000000800d6e6       0x11 c:/st/stm32cubeide_1.5.1/stm32cubeide/plugins/com.st.stm32cube.ide.mcu.externaltools.gnu-tools-for-stm32.9-2020-q2-update.win32_2.0.0.202105311346/tools/bin/../lib/gcc/arm-none-eabi/9.3.1/../../../../arm-none-eabi/lib/thumb/v7-m/nofp\libc_nano.a(lib_a-nano-svfprintf.o)
 .rodata._printf_i.str1.1
                0x000000000800d6f7       0x22 c:/st/stm32cubeide_1.5.1/stm32cubeide/plugins/com.st.stm32cube.ide.mcu.externaltools.gnu-tools-for-stm32.9-2020-q2-update.win32_2.0.0.202105311346/tools/bin/../lib/gcc/arm-none-eabi/9.3.1/../../../../arm-none-eabi/lib/thumb/v7-m/nofp\libc_nano.a(lib_a-nano-vfprintf_i.o)
                0x000000000800d71c                . = ALIGN (0x4)
 *fill*         0x000000000800d719        0x3 

.rel.dyn        0x000000000800d71c        0x0
 .rel.iplt      0x000000000800d71c        0x0 c:/st/stm32cubeide_1.5.1/stm32cubeide/plugins/com.st.stm32cube.ide.mcu.externaltools.gnu-tools-for-stm32.9-2020-q2-update.win32_2.0.0.202105311346/tools/bin/../lib/gcc/arm-none-eabi/9.3.1/thumb/v7-m/nofp/crtbegin.o

.ARM.extab      0x000000000800d71c        0x0
                0x000000000800d71c                . = ALIGN (0x4)
 *(.ARM.extab* .gnu.linkonce.armextab.*)
                0x000000000800d71c                . = ALIGN (0x4)

.ARM            0x000000000800d71c        0x0
                0x000000000800d71c                . = ALIGN (0x4)
                0x000000000800d71c                __exidx_start = .
 *(.ARM.exidx*)
                0x000000000800d71c                __exidx_end = .
                0x000000000800d71c                . = ALIGN (0x4)

.preinit_array  0x000000000800d71c        0x0
                0x000000000800d71c                . = ALIGN (0x4)
                0x000000000800d71c                PROVIDE (__preinit_array_start = .)
 *(.preinit_array*)
                0x000000000800d71c                PROVIDE (__preinit_array_end = .)
                0x000000000800d71c                . = ALIGN (0x4)

.init_array     0x000000000800d71c        0x4
                0x000000000800d71c                . = ALIGN (0x4)
                0x000000000800d71c                PROVIDE (__init_array_start = .)
 *(SORT_BY_NAME(.init_array.*))
 *(.init_array*)
 .init_array    0x000000000800d71c        0x4 c:/st/stm32cubeide_1.5.1/stm32cubeide/plugins/com.st.stm32cube.ide.mcu.externaltools.gnu-tools-for-stm32.9-2020-q2-update.win32_2.0.0.202105311346/tools/bin/../lib/gcc/arm-none-eabi/9.3.1/thumb/v7-m/nofp/crtbegin.o
                0x000000000800d720                PROVIDE (__init_array_end = .)
                0x000000000800d720                . = ALIGN (0x4)

.fini_array     0x000000000800d720        0x4
                0x000000000800d720                . = ALIGN (0x4)
                [!provide]                        PROVIDE (__fini_array_start = .)
 *(SORT_BY_NAME(.fini_array.*))
 *(.fini_array*)
 .fini_array    0x000000000800d720        0x4 c:/st/stm32cubeide_1.5.1/stm32cubeide/plugins/com.st.stm32cube.ide.mcu.externaltools.gnu-tools-for-stm32.9-2020-q2-update.win32_2.0.0.202105311346/tools/bin/../lib/gcc/arm-none-eabi/9.3.1/thumb/v7-m/nofp/crtbegin.o
                [!provide]                        PROVIDE (__fini_array_end = .)
                0x000000000800d724                . = ALIGN (0x4)
                0x000000000800d724                _sidata = LOADADDR (.data)

.data           0x0000000020000000      0x1f4 load address 0x000000000800d724
                0x0000000020000000                . = ALIGN (0x4)
                0x0000000020000000                _sdata = .
 *(.data)
 *(.data*)
 .data.address  0x0000000020000000        0x5 ./Core/Src/main.o
                0x0000000020000000                address
 .data.set_rx.9169
                0x0000000020000005        0x1 ./Core/Src/main.o
 *fill*         0x0000000020000006        0x2 
 .data.prompt_default
                0x0000000020000008        0x4 ./Core/Src/microrl.o
                0x0000000020000008                prompt_default
 .data.p_mcrl   0x000000002000000c        0x4 ./Core/Src/microrl_cmd.o
                0x000000002000000c                p_mcrl
 .data.color_out
                0x0000000020000010        0x1 ./Core/Src/microrl_cmd.o
                0x0000000020000010                color_out
 *fill*         0x0000000020000011        0x3 
 .data.SystemCoreClock
                0x0000000020000014        0x4 ./Core/Src/system_stm32f1xx.o
                0x0000000020000014                SystemCoreClock
 .data.uwTickPrio
                0x0000000020000018        0x4 ./Drivers/STM32F1xx_HAL_Driver/Src/stm32f1xx_hal.o
                0x0000000020000018                uwTickPrio
 .data.uwTickFreq
                0x000000002000001c        0x1 ./Drivers/STM32F1xx_HAL_Driver/Src/stm32f1xx_hal.o
                0x000000002000001c                uwTickFreq
 *fill*         0x000000002000001d        0x3 
 .data.USBD_CDC_DeviceQualifierDesc
                0x0000000020000020        0xa ./Middlewares/ST/STM32_USB_Device_Library/Class/CDC/Src/usbd_cdc.o
 *fill*         0x000000002000002a        0x2 
 .data.USBD_CDC
                0x000000002000002c       0x38 ./Middlewares/ST/STM32_USB_Device_Library/Class/CDC/Src/usbd_cdc.o
                0x000000002000002c                USBD_CDC
 .data.USBD_CDC_CfgHSDesc
                0x0000000020000064       0x43 ./Middlewares/ST/STM32_USB_Device_Library/Class/CDC/Src/usbd_cdc.o
                0x0000000020000064                USBD_CDC_CfgHSDesc
 *fill*         0x00000000200000a7        0x1 
 .data.USBD_CDC_CfgFSDesc
                0x00000000200000a8       0x43 ./Middlewares/ST/STM32_USB_Device_Library/Class/CDC/Src/usbd_cdc.o
                0x00000000200000a8                USBD_CDC_CfgFSDesc
 *fill*         0x00000000200000eb        0x1 
 .data.USBD_CDC_OtherSpeedCfgDesc
                0x00000000200000ec       0x43 ./Middlewares/ST/STM32_USB_Device_Library/Class/CDC/Src/usbd_cdc.o
                0x00000000200000ec                USBD_CDC_OtherSpeedCfgDesc
 *fill*         0x000000002000012f        0x1 
 .data.USBD_Interface_fops_FS
                0x0000000020000130       0x10 ./USB_DEVICE/App/usbd_cdc_if.o
                0x0000000020000130                USBD_Interface_fops_FS
 .data.FS_Desc  0x0000000020000140       0x1c ./USB_DEVICE/App/usbd_desc.o
                0x0000000020000140                FS_Desc
 .data.USBD_FS_DeviceDesc
                0x000000002000015c       0x12 ./USB_DEVICE/App/usbd_desc.o
                0x000000002000015c                USBD_FS_DeviceDesc
 *fill*         0x000000002000016e        0x2 
 .data.USBD_LangIDDesc
                0x0000000020000170        0x4 ./USB_DEVICE/App/usbd_desc.o
                0x0000000020000170                USBD_LangIDDesc
 .data.USBD_StringSerial
                0x0000000020000174       0x1a ./USB_DEVICE/App/usbd_desc.o
                0x0000000020000174                USBD_StringSerial
 *fill*         0x000000002000018e        0x2 
 .data._impure_ptr
                0x0000000020000190        0x4 c:/st/stm32cubeide_1.5.1/stm32cubeide/plugins/com.st.stm32cube.ide.mcu.externaltools.gnu-tools-for-stm32.9-2020-q2-update.win32_2.0.0.202105311346/tools/bin/../lib/gcc/arm-none-eabi/9.3.1/../../../../arm-none-eabi/lib/thumb/v7-m/nofp\libc_nano.a(lib_a-impure.o)
                0x0000000020000190                _impure_ptr
 .data.impure_data
                0x0000000020000194       0x60 c:/st/stm32cubeide_1.5.1/stm32cubeide/plugins/com.st.stm32cube.ide.mcu.externaltools.gnu-tools-for-stm32.9-2020-q2-update.win32_2.0.0.202105311346/tools/bin/../lib/gcc/arm-none-eabi/9.3.1/../../../../arm-none-eabi/lib/thumb/v7-m/nofp\libc_nano.a(lib_a-impure.o)
 *(.RamFunc)
 *(.RamFunc*)
                0x00000000200001f4                . = ALIGN (0x4)
                0x00000000200001f4                _edata = .

.igot.plt       0x00000000200001f4        0x0 load address 0x000000000800d918
 .igot.plt      0x00000000200001f4        0x0 c:/st/stm32cubeide_1.5.1/stm32cubeide/plugins/com.st.stm32cube.ide.mcu.externaltools.gnu-tools-for-stm32.9-2020-q2-update.win32_2.0.0.202105311346/tools/bin/../lib/gcc/arm-none-eabi/9.3.1/thumb/v7-m/nofp/crtbegin.o
                0x00000000200001f4                . = ALIGN (0x4)

.bss            0x00000000200001f4     0x15ac load address 0x000000000800d918
                0x00000000200001f4                _sbss = .
                0x00000000200001f4                __bss_start__ = _sbss
 *(.bss)
 .bss           0x00000000200001f4       0x1c c:/st/stm32cubeide_1.5.1/stm32cubeide/plugins/com.st.stm32cube.ide.mcu.externaltools.gnu-tools-for-stm32.9-2020-q2-update.win32_2.0.0.202105311346/tools/bin/../lib/gcc/arm-none-eabi/9.3.1/thumb/v7-m/nofp/crtbegin.o
 *(.bss*)
 .bss.head_index
                0x0000000020000210        0x4 ./Core/Src/fifo.o
                0x0000000020000210                head_index
 .bss.tail_index
                0x0000000020000214        0x4 ./Core/Src/fifo.o
                0x0000000020000214                tail_index
 .bss.last_time.9142
                0x0000000020000218        0x4 ./Core/Src/main.o
 .bss.last_time.9154
                0x000000002000021c        0x4 ./Core/Src/main.o
 .bss.last_time.9170
                0x0000000020000220        0x4 ./Core/Src/main.o
 .bss.payload.9173
                0x0000000020000224        0xa ./Core/Src/main.o
 *fill*         0x000000002000022e        0x2 
 .bss.total.9172
                0x0000000020000230        0x4 ./Core/Src/main.o
 .bss.good.9171
                0x0000000020000234        0x4 ./Core/Src/main.o
 .bss.active.9201
                0x0000000020000238        0x1 ./Core/Src/main.o
 *fill*         0x0000000020000239        0x3 
 .bss.arr.9202  0x000000002000023c       0x7e ./Core/Src/main.o
 *fill*         0x00000000200002ba        0x2 
 .bss.__sbrk_heap_end
                0x00000000200002bc        0x4 ./Core/Src/sysmem.o
 .bss.cfgidx.8602
                0x00000000200002c0        0x1 ./Middlewares/ST/STM32_USB_Device_Library/Core/Src/usbd_ctlreq.o
 *fill*         0x00000000200002c1        0x3 
 .bss.mem.8672  0x00000000200002c4      0x220 ./USB_DEVICE/Target/usbd_conf.o
 .bss.__malloc_free_list
                0x00000000200004e4        0x4 c:/st/stm32cubeide_1.5.1/stm32cubeide/plugins/com.st.stm32cube.ide.mcu.externaltools.gnu-tools-for-stm32.9-2020-q2-update.win32_2.0.0.202105311346/tools/bin/../lib/gcc/arm-none-eabi/9.3.1/../../../../arm-none-eabi/lib/thumb/v7-m/nofp\libc_nano.a(lib_a-nano-mallocr.o)
                0x00000000200004e4                __malloc_free_list
 .bss.__malloc_sbrk_start
                0x00000000200004e8        0x4 c:/st/stm32cubeide_1.5.1/stm32cubeide/plugins/com.st.stm32cube.ide.mcu.externaltools.gnu-tools-for-stm32.9-2020-q2-update.win32_2.0.0.202105311346/tools/bin/../lib/gcc/arm-none-eabi/9.3.1/../../../../arm-none-eabi/lib/thumb/v7-m/nofp\libc_nano.a(lib_a-nano-mallocr.o)
                0x00000000200004e8                __malloc_sbrk_start
 *(COMMON)
 COMMON         0x00000000200004ec      0x100 ./Core/Src/fifo.o
                0x00000000200004ec                fifo_buffer
 COMMON         0x00000000200005ec      0x11c ./Core/Src/main.o
                0x00000000200005ec                hspi2
                0x0000000020000644                hi2c1
                0x0000000020000698                last_active_time
                0x000000002000069c                vfd
                0x00000000200006c0                htim1
 COMMON         0x0000000020000708      0x104 ./Core/Src/microrl_cmd.o
                0x0000000020000708                compl_word
                0x0000000020000738                mcrl
 COMMON         0x000000002000080c        0x4 ./Drivers/STM32F1xx_HAL_Driver/Src/stm32f1xx_hal.o
                0x000000002000080c                uwTick
 COMMON         0x0000000020000810      0x2c4 ./USB_DEVICE/App/usb_device.o
                0x0000000020000810                hUsbDeviceFS
 COMMON         0x0000000020000ad4      0x7d0 ./USB_DEVICE/App/usbd_cdc_if.o
                0x0000000020000ad4                UserRxBufferFS
                0x0000000020000ebc                UserTxBufferFS
 COMMON         0x00000000200012a4      0x200 ./USB_DEVICE/App/usbd_desc.o
                0x00000000200012a4                USBD_StrDesc
 COMMON         0x00000000200014a4      0x2ec ./USB_DEVICE/Target/usbd_conf.o
                0x00000000200014a4                hpcd_USB_FS
 COMMON         0x0000000020001790        0x4 c:/st/stm32cubeide_1.5.1/stm32cubeide/plugins/com.st.stm32cube.ide.mcu.externaltools.gnu-tools-for-stm32.9-2020-q2-update.win32_2.0.0.202105311346/tools/bin/../lib/gcc/arm-none-eabi/9.3.1/../../../../arm-none-eabi/lib/thumb/v7-m/nofp\libc_nano.a(lib_a-reent.o)
                0x0000000020001790                errno
 COMMON         0x0000000020001794        0x9 c:/st/stm32cubeide_1.5.1/stm32cubeide/plugins/com.st.stm32cube.ide.mcu.externaltools.gnu-tools-for-stm32.9-2020-q2-update.win32_2.0.0.202105311346/tools/bin/../lib/gcc/arm-none-eabi/9.3.1/../../../../arm-none-eabi/lib/thumb/v7-m/nofp\libc_nano.a(lib_a-lock.o)
                0x0000000020001794                __lock___atexit_recursive_mutex
                0x0000000020001795                __lock___arc4random_mutex
                0x0000000020001796                __lock___env_recursive_mutex
                0x0000000020001797                __lock___sinit_recursive_mutex
                0x0000000020001798                __lock___malloc_recursive_mutex
                0x0000000020001799                __lock___at_quick_exit_mutex
                0x000000002000179a                __lock___dd_hash_mutex
                0x000000002000179b                __lock___tz_mutex
                0x000000002000179c                __lock___sfp_recursive_mutex
                0x00000000200017a0                . = ALIGN (0x4)
 *fill*         0x000000002000179d        0x3 
                0x00000000200017a0                _ebss = .
                0x00000000200017a0                __bss_end__ = _ebss

._user_heap_stack
                0x00000000200017a0      0x600 load address 0x000000000800d918
                0x00000000200017a0                . = ALIGN (0x8)
                [!provide]                        PROVIDE (end = .)
                0x00000000200017a0                PROVIDE (_end = .)
                0x00000000200019a0                . = (. + _Min_Heap_Size)
 *fill*         0x00000000200017a0      0x200 
                0x0000000020001da0                . = (. + _Min_Stack_Size)
 *fill*         0x00000000200019a0      0x400 
                0x0000000020001da0                . = ALIGN (0x8)

/DISCARD/
 libc.a(*)
 libm.a(*)
 libgcc.a(*)

.ARM.attributes
                0x0000000000000000       0x29
 *(.ARM.attributes)
 .ARM.attributes
                0x0000000000000000       0x1d c:/st/stm32cubeide_1.5.1/stm32cubeide/plugins/com.st.stm32cube.ide.mcu.externaltools.gnu-tools-for-stm32.9-2020-q2-update.win32_2.0.0.202105311346/tools/bin/../lib/gcc/arm-none-eabi/9.3.1/thumb/v7-m/nofp/crti.o
 .ARM.attributes
                0x000000000000001d       0x2d c:/st/stm32cubeide_1.5.1/stm32cubeide/plugins/com.st.stm32cube.ide.mcu.externaltools.gnu-tools-for-stm32.9-2020-q2-update.win32_2.0.0.202105311346/tools/bin/../lib/gcc/arm-none-eabi/9.3.1/thumb/v7-m/nofp/crtbegin.o
 .ARM.attributes
                0x000000000000004a       0x2d ./Core/Src/fifo.o
 .ARM.attributes
                0x0000000000000077       0x2d ./Core/Src/main.o
 .ARM.attributes
                0x00000000000000a4       0x2d ./Core/Src/microrl.o
 .ARM.attributes
                0x00000000000000d1       0x2d ./Core/Src/microrl_cmd.o
 .ARM.attributes
                0x00000000000000fe       0x2d ./Core/Src/nrf24l01p.o
 .ARM.attributes
                0x000000000000012b       0x2d ./Core/Src/stm32f1xx_hal_msp.o
 .ARM.attributes
                0x0000000000000158       0x2d ./Core/Src/stm32f1xx_it.o
 .ARM.attributes
                0x0000000000000185       0x2d ./Core/Src/sysmem.o
 .ARM.attributes
                0x00000000000001b2       0x2d ./Core/Src/system_stm32f1xx.o
 .ARM.attributes
                0x00000000000001df       0x2d ./Core/Src/vfd.o
 .ARM.attributes
                0x000000000000020c       0x21 ./Core/Startup/startup_stm32f103c8tx.o
 .ARM.attributes
                0x000000000000022d       0x2d ./Drivers/STM32F1xx_HAL_Driver/Src/stm32f1xx_hal.o
 .ARM.attributes
                0x000000000000025a       0x2d ./Drivers/STM32F1xx_HAL_Driver/Src/stm32f1xx_hal_cortex.o
 .ARM.attributes
                0x0000000000000287       0x2d ./Drivers/STM32F1xx_HAL_Driver/Src/stm32f1xx_hal_gpio.o
 .ARM.attributes
                0x00000000000002b4       0x2d ./Drivers/STM32F1xx_HAL_Driver/Src/stm32f1xx_hal_i2c.o
 .ARM.attributes
                0x00000000000002e1       0x2d ./Drivers/STM32F1xx_HAL_Driver/Src/stm32f1xx_hal_pcd.o
 .ARM.attributes
                0x000000000000030e       0x2d ./Drivers/STM32F1xx_HAL_Driver/Src/stm32f1xx_hal_pcd_ex.o
 .ARM.attributes
                0x000000000000033b       0x2d ./Drivers/STM32F1xx_HAL_Driver/Src/stm32f1xx_hal_rcc.o
 .ARM.attributes
                0x0000000000000368       0x2d ./Drivers/STM32F1xx_HAL_Driver/Src/stm32f1xx_hal_rcc_ex.o
 .ARM.attributes
                0x0000000000000395       0x2d ./Drivers/STM32F1xx_HAL_Driver/Src/stm32f1xx_hal_spi.o
 .ARM.attributes
                0x00000000000003c2       0x2d ./Drivers/STM32F1xx_HAL_Driver/Src/stm32f1xx_hal_tim.o
 .ARM.attributes
                0x00000000000003ef       0x2d ./Drivers/STM32F1xx_HAL_Driver/Src/stm32f1xx_hal_tim_ex.o
 .ARM.attributes
                0x000000000000041c       0x2d ./Drivers/STM32F1xx_HAL_Driver/Src/stm32f1xx_ll_usb.o
 .ARM.attributes
                0x0000000000000449       0x2d ./Middlewares/ST/STM32_USB_Device_Library/Class/CDC/Src/usbd_cdc.o
 .ARM.attributes
                0x0000000000000476       0x2d ./Middlewares/ST/STM32_USB_Device_Library/Core/Src/usbd_core.o
 .ARM.attributes
                0x00000000000004a3       0x2d ./Middlewares/ST/STM32_USB_Device_Library/Core/Src/usbd_ctlreq.o
 .ARM.attributes
                0x00000000000004d0       0x2d ./Middlewares/ST/STM32_USB_Device_Library/Core/Src/usbd_ioreq.o
 .ARM.attributes
                0x00000000000004fd       0x2d ./USB_DEVICE/App/usb_device.o
 .ARM.attributes
                0x000000000000052a       0x2d ./USB_DEVICE/App/usbd_cdc_if.o
 .ARM.attributes
                0x0000000000000557       0x2d ./USB_DEVICE/App/usbd_desc.o
 .ARM.attributes
                0x0000000000000584       0x2d ./USB_DEVICE/Target/usbd_conf.o
 .ARM.attributes
                0x00000000000005b1       0x2d c:/st/stm32cubeide_1.5.1/stm32cubeide/plugins/com.st.stm32cube.ide.mcu.externaltools.gnu-tools-for-stm32.9-2020-q2-update.win32_2.0.0.202105311346/tools/bin/../lib/gcc/arm-none-eabi/9.3.1/../../../../arm-none-eabi/lib/thumb/v7-m/nofp\libc_nano.a(lib_a-errno.o)
 .ARM.attributes
                0x00000000000005de       0x2d c:/st/stm32cubeide_1.5.1/stm32cubeide/plugins/com.st.stm32cube.ide.mcu.externaltools.gnu-tools-for-stm32.9-2020-q2-update.win32_2.0.0.202105311346/tools/bin/../lib/gcc/arm-none-eabi/9.3.1/../../../../arm-none-eabi/lib/thumb/v7-m/nofp\libc_nano.a(lib_a-impure.o)
 .ARM.attributes
                0x000000000000060b       0x2d c:/st/stm32cubeide_1.5.1/stm32cubeide/plugins/com.st.stm32cube.ide.mcu.externaltools.gnu-tools-for-stm32.9-2020-q2-update.win32_2.0.0.202105311346/tools/bin/../lib/gcc/arm-none-eabi/9.3.1/../../../../arm-none-eabi/lib/thumb/v7-m/nofp\libc_nano.a(lib_a-init.o)
 .ARM.attributes
                0x0000000000000638       0x2d c:/st/stm32cubeide_1.5.1/stm32cubeide/plugins/com.st.stm32cube.ide.mcu.externaltools.gnu-tools-for-stm32.9-2020-q2-update.win32_2.0.0.202105311346/tools/bin/../lib/gcc/arm-none-eabi/9.3.1/../../../../arm-none-eabi/lib/thumb/v7-m/nofp\libc_nano.a(lib_a-memcpy-stub.o)
 .ARM.attributes
                0x0000000000000665       0x2d c:/st/stm32cubeide_1.5.1/stm32cubeide/plugins/com.st.stm32cube.ide.mcu.externaltools.gnu-tools-for-stm32.9-2020-q2-update.win32_2.0.0.202105311346/tools/bin/../lib/gcc/arm-none-eabi/9.3.1/../../../../arm-none-eabi/lib/thumb/v7-m/nofp\libc_nano.a(lib_a-memmove.o)
 .ARM.attributes
                0x0000000000000692       0x2d c:/st/stm32cubeide_1.5.1/stm32cubeide/plugins/com.st.stm32cube.ide.mcu.externaltools.gnu-tools-for-stm32.9-2020-q2-update.win32_2.0.0.202105311346/tools/bin/../lib/gcc/arm-none-eabi/9.3.1/../../../../arm-none-eabi/lib/thumb/v7-m/nofp\libc_nano.a(lib_a-memset.o)
 .ARM.attributes
                0x00000000000006bf       0x2d c:/st/stm32cubeide_1.5.1/stm32cubeide/plugins/com.st.stm32cube.ide.mcu.externaltools.gnu-tools-for-stm32.9-2020-q2-update.win32_2.0.0.202105311346/tools/bin/../lib/gcc/arm-none-eabi/9.3.1/../../../../arm-none-eabi/lib/thumb/v7-m/nofp\libc_nano.a(lib_a-snprintf.o)
 .ARM.attributes
                0x00000000000006ec       0x1b c:/st/stm32cubeide_1.5.1/stm32cubeide/plugins/com.st.stm32cube.ide.mcu.externaltools.gnu-tools-for-stm32.9-2020-q2-update.win32_2.0.0.202105311346/tools/bin/../lib/gcc/arm-none-eabi/9.3.1/../../../../arm-none-eabi/lib/thumb/v7-m/nofp\libc_nano.a(lib_a-strcmp.o)
 .ARM.attributes
                0x0000000000000707       0x17 c:/st/stm32cubeide_1.5.1/stm32cubeide/plugins/com.st.stm32cube.ide.mcu.externaltools.gnu-tools-for-stm32.9-2020-q2-update.win32_2.0.0.202105311346/tools/bin/../lib/gcc/arm-none-eabi/9.3.1/../../../../arm-none-eabi/lib/thumb/v7-m/nofp\libc_nano.a(lib_a-strlen.o)
 .ARM.attributes
                0x000000000000071e       0x2d c:/st/stm32cubeide_1.5.1/stm32cubeide/plugins/com.st.stm32cube.ide.mcu.externaltools.gnu-tools-for-stm32.9-2020-q2-update.win32_2.0.0.202105311346/tools/bin/../lib/gcc/arm-none-eabi/9.3.1/../../../../arm-none-eabi/lib/thumb/v7-m/nofp\libc_nano.a(lib_a-strstr.o)
 .ARM.attributes
                0x000000000000074b       0x2d c:/st/stm32cubeide_1.5.1/stm32cubeide/plugins/com.st.stm32cube.ide.mcu.externaltools.gnu-tools-for-stm32.9-2020-q2-update.win32_2.0.0.202105311346/tools/bin/../lib/gcc/arm-none-eabi/9.3.1/../../../../arm-none-eabi/lib/thumb/v7-m/nofp\libc_nano.a(lib_a-nano-svfprintf.o)
 .ARM.attributes
                0x0000000000000778       0x2d c:/st/stm32cubeide_1.5.1/stm32cubeide/plugins/com.st.stm32cube.ide.mcu.externaltools.gnu-tools-for-stm32.9-2020-q2-update.win32_2.0.0.202105311346/tools/bin/../lib/gcc/arm-none-eabi/9.3.1/../../../../arm-none-eabi/lib/thumb/v7-m/nofp\libc_nano.a(lib_a-nano-vfprintf_i.o)
 .ARM.attributes
                0x00000000000007a5       0x2d c:/st/stm32cubeide_1.5.1/stm32cubeide/plugins/com.st.stm32cube.ide.mcu.externaltools.gnu-tools-for-stm32.9-2020-q2-update.win32_2.0.0.202105311346/tools/bin/../lib/gcc/arm-none-eabi/9.3.1/../../../../arm-none-eabi/lib/thumb/v7-m/nofp\libc_nano.a(lib_a-memchr-stub.o)
 .ARM.attributes
                0x00000000000007d2       0x2d c:/st/stm32cubeide_1.5.1/stm32cubeide/plugins/com.st.stm32cube.ide.mcu.externaltools.gnu-tools-for-stm32.9-2020-q2-update.win32_2.0.0.202105311346/tools/bin/../lib/gcc/arm-none-eabi/9.3.1/../../../../arm-none-eabi/lib/thumb/v7-m/nofp\libc_nano.a(lib_a-nano-freer.o)
 .ARM.attributes
                0x00000000000007ff       0x2d c:/st/stm32cubeide_1.5.1/stm32cubeide/plugins/com.st.stm32cube.ide.mcu.externaltools.gnu-tools-for-stm32.9-2020-q2-update.win32_2.0.0.202105311346/tools/bin/../lib/gcc/arm-none-eabi/9.3.1/../../../../arm-none-eabi/lib/thumb/v7-m/nofp\libc_nano.a(lib_a-nano-mallocr.o)