Archive member included to satisfy reference by file (symbol)

c:/st/stm32cubeide_1.5.1/stm32cubeide/plugins/com.st.stm32cube.ide.mcu.externaltools.gnu-tools-for-stm32.9-2020-q2-update.win32_2.0.0.202105311346/tools/bin/../lib/gcc/arm-none-eabi/9.3.1/../../../../arm-none-eabi/lib/thumb/v7-m/nofp\libc_nano.a(lib_a-errno.o)
                              ./Core/Src/syscalls.o (__errno)
c:/st/stm32cubeide_1.5.1/stm32cubeide/plugins/com.st.stm32cube.ide.mcu.externaltools.gnu-tools-for-stm32.9-2020-q2-update.win32_2.0.0.202105311346/tools/bin/../lib/gcc/arm-none-eabi/9.3.1/../../../../arm-none-eabi/lib/thumb/v7-m/nofp\libc_nano.a(lib_a-exit.o)
                              c:/st/stm32cubeide_1.5.1/stm32cubeide/plugins/com.st.stm32cube.ide.mcu.externaltools.gnu-tools-for-stm32.9-2020-q2-update.win32_2.0.0.202105311346/tools/bin/../lib/gcc/arm-none-eabi/9.3.1/../../../../arm-none-eabi/lib/thumb/v7-m/nofp/crt0.o (exit)
c:/st/stm32cubeide_1.5.1/stm32cubeide/plugins/com.st.stm32cube.ide.mcu.externaltools.gnu-tools-for-stm32.9-2020-q2-update.win32_2.0.0.202105311346/tools/bin/../lib/gcc/arm-none-eabi/9.3.1/../../../../arm-none-eabi/lib/thumb/v7-m/nofp\libc_nano.a(lib_a-impure.o)
                              c:/st/stm32cubeide_1.5.1/stm32cubeide/plugins/com.st.stm32cube.ide.mcu.externaltools.gnu-tools-for-stm32.9-2020-q2-update.win32_2.0.0.202105311346/tools/bin/../lib/gcc/arm-none-eabi/9.3.1/../../../../arm-none-eabi/lib/thumb/v7-m/nofp\libc_nano.a(lib_a-exit.o) (_global_impure_ptr)
c:/st/stm32cubeide_1.5.1/stm32cubeide/plugins/com.st.stm32cube.ide.mcu.externaltools.gnu-tools-for-stm32.9-2020-q2-update.win32_2.0.0.202105311346/tools/bin/../lib/gcc/arm-none-eabi/9.3.1/../../../../arm-none-eabi/lib/thumb/v7-m/nofp\libc_nano.a(lib_a-init.o)
                              c:/st/stm32cubeide_1.5.1/stm32cubeide/plugins/com.st.stm32cube.ide.mcu.externaltools.gnu-tools-for-stm32.9-2020-q2-update.win32_2.0.0.202105311346/tools/bin/../lib/gcc/arm-none-eabi/9.3.1/../../../../arm-none-eabi/lib/thumb/v7-m/nofp/crt0.o (__libc_init_array)
c:/st/stm32cubeide_1.5.1/stm32cubeide/plugins/com.st.stm32cube.ide.mcu.externaltools.gnu-tools-for-stm32.9-2020-q2-update.win32_2.0.0.202105311346/tools/bin/../lib/gcc/arm-none-eabi/9.3.1/../../../../arm-none-eabi/lib/thumb/v7-m/nofp\libc_nano.a(lib_a-memset.o)
                              c:/st/stm32cubeide_1.5.1/stm32cubeide/plugins/com.st.stm32cube.ide.mcu.externaltools.gnu-tools-for-stm32.9-2020-q2-update.win32_2.0.0.202105311346/tools/bin/../lib/gcc/arm-none-eabi/9.3.1/../../../../arm-none-eabi/lib/thumb/v7-m/nofp/crt0.o (memset)

Allocating common symbols
Common symbol       size              file

hUsbDeviceFS        0x2c4             ./USB_DEVICE/App/usb_device.o
hspi2               0x58              ./Core/Src/main.o
fifo_buffer         0x100             ./Core/Src/fifo.o
hi2c1               0x54              ./Core/Src/main.o
uwTick              0x4               ./Drivers/STM32F1xx_HAL_Driver/Src/stm32f1xx_hal.o
pFlash              0x20              ./Drivers/STM32F1xx_HAL_Driver/Src/stm32f1xx_hal_flash.o
UserRxBufferFS      0x3e8             ./USB_DEVICE/App/usbd_cdc_if.o
UserTxBufferFS      0x3e8             ./USB_DEVICE/App/usbd_cdc_if.o
vfd                 0x21              ./Core/Src/main.o
_VFD_BUF_BACKUP     0x21              ./Core/Src/vfd.o
hpcd_USB_FS         0x2ec             ./USB_DEVICE/Target/usbd_conf.o
USBD_StrDesc        0x200             ./USB_DEVICE/App/usbd_desc.o

Discarded input sections

 .text          0x0000000000000000        0x0 c:/st/stm32cubeide_1.5.1/stm32cubeide/plugins/com.st.stm32cube.ide.mcu.externaltools.gnu-tools-for-stm32.9-2020-q2-update.win32_2.0.0.202105311346/tools/bin/../lib/gcc/arm-none-eabi/9.3.1/thumb/v7-m/nofp/crti.o
 .data          0x0000000000000000        0x0 c:/st/stm32cubeide_1.5.1/stm32cubeide/plugins/com.st.stm32cube.ide.mcu.externaltools.gnu-tools-for-stm32.9-2020-q2-update.win32_2.0.0.202105311346/tools/bin/../lib/gcc/arm-none-eabi/9.3.1/thumb/v7-m/nofp/crti.o
 .bss           0x0000000000000000        0x0 c:/st/stm32cubeide_1.5.1/stm32cubeide/plugins/com.st.stm32cube.ide.mcu.externaltools.gnu-tools-for-stm32.9-2020-q2-update.win32_2.0.0.202105311346/tools/bin/../lib/gcc/arm-none-eabi/9.3.1/thumb/v7-m/nofp/crti.o
 .data          0x0000000000000000        0x4 c:/st/stm32cubeide_1.5.1/stm32cubeide/plugins/com.st.stm32cube.ide.mcu.externaltools.gnu-tools-for-stm32.9-2020-q2-update.win32_2.0.0.202105311346/tools/bin/../lib/gcc/arm-none-eabi/9.3.1/thumb/v7-m/nofp/crtbegin.o
 .text          0x0000000000000000       0x7c c:/st/stm32cubeide_1.5.1/stm32cubeide/plugins/com.st.stm32cube.ide.mcu.externaltools.gnu-tools-for-stm32.9-2020-q2-update.win32_2.0.0.202105311346/tools/bin/../lib/gcc/arm-none-eabi/9.3.1/../../../../arm-none-eabi/lib/thumb/v7-m/nofp/crt0.o
[...]
Memory Configuration

Name             Origin             Length             Attributes
RAM              0x0000000020000000 0x0000000000005000 xrw
FLASH            0x0000000008000000 0x0000000000010000 xr
*default*        0x0000000000000000 0xffffffffffffffff

Linker script and memory map

LOAD c:/st/stm32cubeide_1.5.1/stm32cubeide/plugins/com.st.stm32cube.ide.mcu.externaltools.gnu-tools-for-stm32.9-2020-q2-update.win32_2.0.0.202105311346/tools/bin/../lib/gcc/arm-none-eabi/9.3.1/thumb/v7-m/nofp/crti.o
LOAD c:/st/stm32cubeide_1.5.1/stm32cubeide/plugins/com.st.stm32cube.ide.mcu.externaltools.gnu-tools-for-stm32.9-2020-q2-update.win32_2.0.0.202105311346/tools/bin/../lib/gcc/arm-none-eabi/9.3.1/thumb/v7-m/nofp/crtbegin.o
LOAD c:/st/stm32cubeide_1.5.1/stm32cubeide/plugins/com.st.stm32cube.ide.mcu.externaltools.gnu-tools-for-stm32.9-2020-q2-update.win32_2.0.0.202105311346/tools/bin/../lib/gcc/arm-none-eabi/9.3.1/../../../../arm-none-eabi/lib/thumb/v7-m/nofp/crt0.o
LOAD ./Core/Src/fifo.o
LOAD ./Core/Src/main.o
LOAD ./Core/Src/nrf24l01p.o
LOAD ./Core/Src/stm32f1xx_hal_msp.o
LOAD ./Core/Src/stm32f1xx_it.o
LOAD ./Core/Src/syscalls.o
LOAD ./Core/Src/sysmem.o
LOAD ./Core/Src/system_stm32f1xx.o
LOAD ./Core/Src/vfd.o
LOAD ./Core/Startup/startup_stm32f103c8tx.o
LOAD ./Drivers/STM32F1xx_HAL_Driver/Src/stm32f1xx_hal.o
LOAD ./Drivers/STM32F1xx_HAL_Driver/Src/stm32f1xx_hal_cortex.o
LOAD ./Drivers/STM32F1xx_HAL_Driver/Src/stm32f1xx_hal_dma.o
LOAD ./Drivers/STM32F1xx_HAL_Driver/Src/stm32f1xx_hal_exti.o
LOAD ./Drivers/STM32F1xx_HAL_Driver/Src/stm32f1xx_hal_flash.o
LOAD ./Drivers/STM32F1xx_HAL_Driver/Src/stm32f1xx_hal_flash_ex.o
LOAD ./Drivers/STM32F1xx_HAL_Driver/Src/stm32f1xx_hal_gpio.o
LOAD ./Drivers/STM32F1xx_HAL_Driver/Src/stm32f1xx_hal_gpio_ex.o
LOAD ./Drivers/STM32F1xx_HAL_Driver/Src/stm32f1xx_hal_i2c.o
LOAD ./Drivers/STM32F1xx_HAL_Driver/Src/stm32f1xx_hal_pcd.o
LOAD ./Drivers/STM32F1xx_HAL_Driver/Src/stm32f1xx_hal_pcd_ex.o
LOAD ./Drivers/STM32F1xx_HAL_Driver/Src/stm32f1xx_hal_pwr.o
LOAD ./Drivers/STM32F1xx_HAL_Driver/Src/stm32f1xx_hal_rcc.o
LOAD ./Drivers/STM32F1xx_HAL_Driver/Src/stm32f1xx_hal_rcc_ex.o
LOAD ./Drivers/STM32F1xx_HAL_Driver/Src/stm32f1xx_hal_spi.o
LOAD ./Drivers/STM32F1xx_HAL_Driver/Src/stm32f1xx_hal_tim.o
LOAD ./Drivers/STM32F1xx_HAL_Driver/Src/stm32f1xx_hal_tim_ex.o
LOAD ./Drivers/STM32F1xx_HAL_Driver/Src/stm32f1xx_ll_usb.o
LOAD ./Middlewares/ST/STM32_USB_Device_Library/Class/CDC/Src/usbd_cdc.o
LOAD ./Middlewares/ST/STM32_USB_Device_Library/Core/Src/usbd_core.o
LOAD ./Middlewares/ST/STM32_USB_Device_Library/Core/Src/usbd_ctlreq.o
LOAD ./Middlewares/ST/STM32_USB_Device_Library/Core/Src/usbd_ioreq.o
LOAD ./USB_DEVICE/App/usb_device.o
LOAD ./USB_DEVICE/App/usbd_cdc_if.o
LOAD ./USB_DEVICE/App/usbd_desc.o
LOAD ./USB_DEVICE/Target/usbd_conf.o
START GROUP
LOAD c:/st/stm32cubeide_1.5.1/stm32cubeide/plugins/com.st.stm32cube.ide.mcu.externaltools.gnu-tools-for-stm32.9-2020-q2-update.win32_2.0.0.202105311346/tools/bin/../lib/gcc/arm-none-eabi/9.3.1/../../../../arm-none-eabi/lib/thumb/v7-m/nofp\libc_nano.a
LOAD c:/st/stm32cubeide_1.5.1/stm32cubeide/plugins/com.st.stm32cube.ide.mcu.externaltools.gnu-tools-for-stm32.9-2020-q2-update.win32_2.0.0.202105311346/tools/bin/../lib/gcc/arm-none-eabi/9.3.1/../../../../arm-none-eabi/lib/thumb/v7-m/nofp\libm.a
END GROUP
START GROUP
LOAD c:/st/stm32cubeide_1.5.1/stm32cubeide/plugins/com.st.stm32cube.ide.mcu.externaltools.gnu-tools-for-stm32.9-2020-q2-update.win32_2.0.0.202105311346/tools/bin/../lib/gcc/arm-none-eabi/9.3.1/thumb/v7-m/nofp\libgcc.a
LOAD c:/st/stm32cubeide_1.5.1/stm32cubeide/plugins/com.st.stm32cube.ide.mcu.externaltools.gnu-tools-for-stm32.9-2020-q2-update.win32_2.0.0.202105311346/tools/bin/../lib/gcc/arm-none-eabi/9.3.1/../../../../arm-none-eabi/lib/thumb/v7-m/nofp\libc_nano.a
END GROUP
START GROUP
LOAD c:/st/stm32cubeide_1.5.1/stm32cubeide/plugins/com.st.stm32cube.ide.mcu.externaltools.gnu-tools-for-stm32.9-2020-q2-update.win32_2.0.0.202105311346/tools/bin/../lib/gcc/arm-none-eabi/9.3.1/thumb/v7-m/nofp\libgcc.a
LOAD c:/st/stm32cubeide_1.5.1/stm32cubeide/plugins/com.st.stm32cube.ide.mcu.externaltools.gnu-tools-for-stm32.9-2020-q2-update.win32_2.0.0.202105311346/tools/bin/../lib/gcc/arm-none-eabi/9.3.1/../../../../arm-none-eabi/lib/thumb/v7-m/nofp\libc_nano.a
LOAD c:/st/stm32cubeide_1.5.1/stm32cubeide/plugins/com.st.stm32cube.ide.mcu.externaltools.gnu-tools-for-stm32.9-2020-q2-update.win32_2.0.0.202105311346/tools/bin/../lib/gcc/arm-none-eabi/9.3.1/../../../../arm-none-eabi/lib/thumb/v7-m/nofp\libnosys.a
END GROUP
START GROUP
LOAD c:/st/stm32cubeide_1.5.1/stm32cubeide/plugins/com.st.stm32cube.ide.mcu.externaltools.gnu-tools-for-stm32.9-2020-q2-update.win32_2.0.0.202105311346/tools/bin/../lib/gcc/arm-none-eabi/9.3.1/thumb/v7-m/nofp\libgcc.a
LOAD c:/st/stm32cubeide_1.5.1/stm32cubeide/plugins/com.st.stm32cube.ide.mcu.externaltools.gnu-tools-for-stm32.9-2020-q2-update.win32_2.0.0.202105311346/tools/bin/../lib/gcc/arm-none-eabi/9.3.1/../../../../arm-none-eabi/lib/thumb/v7-m/nofp\libc_nano.a
LOAD c:/st/stm32cubeide_1.5.1/stm32cubeide/plugins/com.st.stm32cube.ide.mcu.externaltools.gnu-tools-for-stm32.9-2020-q2-update.win32_2.0.0.202105311346/tools/bin/../lib/gcc/arm-none-eabi/9.3.1/../../../../arm-none-eabi/lib/thumb/v7-m/nofp\libnosys.a
END GROUP
LOAD c:/st/stm32cubeide_1.5.1/stm32cubeide/plugins/com.st.stm32cube.ide.mcu.externaltools.gnu-tools-for-stm32.9-2020-q2-update.win32_2.0.0.202105311346/tools/bin/../lib/gcc/arm-none-eabi/9.3.1/thumb/v7-m/nofp/crtend.o
LOAD c:/st/stm32cubeide_1.5.1/stm32cubeide/plugins/com.st.stm32cube.ide.mcu.externaltools.gnu-tools-for-stm32.9-2020-q2-update.win32_2.0.0.202105311346/tools/bin/../lib/gcc/arm-none-eabi/9.3.1/thumb/v7-m/nofp/crtn.o
                0x0000000020005000                _estack = (ORIGIN (RAM) + LENGTH (RAM))
                0x0000000000000200                _Min_Heap_Size = 0x200
                0x0000000000000400                _Min_Stack_Size = 0x400

.isr_vector     0x0000000008000000      0x10c
                0x0000000008000000                . = ALIGN (0x4)
 *(.isr_vector)
 .isr_vector    0x0000000008000000      0x10c ./Core/Startup/startup_stm32f103c8tx.o
                0x0000000008000000                g_pfnVectors
                0x000000000800010c                . = ALIGN (0x4)

.text           0x000000000800010c     0xa0dc
                0x000000000800010c                . = ALIGN (0x4)
 *(.text)
 .text          0x000000000800010c       0x40 c:/st/stm32cubeide_1.5.1/stm32cubeide/plugins/com.st.stm32cube.ide.mcu.externaltools.gnu-tools-for-stm32.9-2020-q2-update.win32_2.0.0.202105311346/tools/bin/../lib/gcc/arm-none-eabi/9.3.1/thumb/v7-m/nofp/crtbegin.o
 *(.text*)
 .text.fifo_push
                0x000000000800014c       0x50 ./Core/Src/fifo.o
                0x000000000800014c                fifo_push
 .text.fifo_length
                0x000000000800019c       0x3c ./Core/Src/fifo.o
                0x000000000800019c                fifo_length
 .text.delay    0x00000000080001d8       0x16 ./Core/Src/main.o
                0x00000000080001d8                delay
 .text.nrf_init_tx
                0x00000000080001ee       0x66 ./Core/Src/main.o
                0x00000000080001ee                nrf_init_tx
 .text.nrf_init_rx
                0x0000000008000254       0x56 ./Core/Src/main.o
                0x0000000008000254                nrf_init_rx
 *fill*         0x00000000080002aa        0x2 
 .text.nrf24l01p_spi_ss
                0x00000000080002ac       0x54 ./Core/Src/main.o
                0x00000000080002ac                nrf24l01p_spi_ss
 .text.nrf24l01p_spi_rw
                0x0000000008000300       0x2c ./Core/Src/main.o
                0x0000000008000300                nrf24l01p_spi_rw
 .text.vfd_spi_cs
                0x000000000800032c       0x24 ./Core/Src/main.o
                0x000000000800032c                vfd_spi_cs
 .text.vfd_spi_tx
                0x0000000008000350       0x24 ./Core/Src/main.o
                0x0000000008000350                vfd_spi_tx
 .text.do_microrl
                0x0000000008000374        0xc ./Core/Src/main.o
                0x0000000008000374                do_microrl
 .text.do_vfd_init
                0x0000000008000380      0x16c ./Core/Src/main.o
                0x0000000008000380                do_vfd_init
 .text.do_led   0x00000000080004ec       0x38 ./Core/Src/main.o
                0x00000000080004ec                do_led
 .text.read.8469
                0x0000000008000524       0x60 ./Core/Src/main.o
 .text.do_fram_test
                0x0000000008000584      0x1c4 ./Core/Src/main.o
                0x0000000008000584                do_fram_test
 .text.write.8473
                0x0000000008000748       0x54 ./Core/Src/main.o
 .text.do_buttons_and_nrf
                0x000000000800079c      0x2a4 ./Core/Src/main.o
                0x000000000800079c                do_buttons_and_nrf
 .text.main     0x0000000008000a40      0x154 ./Core/Src/main.o
                0x0000000008000a40                main
 .text.SystemClock_Config
                0x0000000008000b94       0xb6 ./Core/Src/main.o
                0x0000000008000b94                SystemClock_Config
 *fill*         0x0000000008000c4a        0x2 
 .text.MX_I2C1_Init
                0x0000000008000c4c       0x5c ./Core/Src/main.o
 .text.MX_SPI2_Init
                0x0000000008000ca8       0x6c ./Core/Src/main.o
 .text.MX_GPIO_Init
                0x0000000008000d14      0x130 ./Core/Src/main.o
 .text.Error_Handler
                0x0000000008000e44        0xa ./Core/Src/main.o
                0x0000000008000e44                Error_Handler
 .text.nrf24l01p_get_clear_irq_flags
                0x0000000008000e4e       0x18 ./Core/Src/nrf24l01p.o
                0x0000000008000e4e                nrf24l01p_get_clear_irq_flags
 .text.nrf24l01p_clear_irq_flag
                0x0000000008000e66       0x24 ./Core/Src/nrf24l01p.o
                0x0000000008000e66                nrf24l01p_clear_irq_flag
 .text.nrf24l01p_get_irq_flags
                0x0000000008000e8a       0x14 ./Core/Src/nrf24l01p.o
                0x0000000008000e8a                nrf24l01p_get_irq_flags
 .text.nrf24l01p_set_crc_mode
                0x0000000008000e9e       0x36 ./Core/Src/nrf24l01p.o
                0x0000000008000e9e                nrf24l01p_set_crc_mode
 .text.nrf24l01p_open_pipe
                0x0000000008000ed4       0xae ./Core/Src/nrf24l01p.o
                0x0000000008000ed4                nrf24l01p_open_pipe
 .text.nrf24l01p_close_pipe
                0x0000000008000f82       0x84 ./Core/Src/nrf24l01p.o
                0x0000000008000f82                nrf24l01p_close_pipe
 .text.nrf24l01p_set_address
                0x0000000008001006       0x54 ./Core/Src/nrf24l01p.o
                0x0000000008001006                nrf24l01p_set_address
 *fill*         0x000000000800105a        0x2 
 .text.nrf24l01p_set_auto_retr
                0x000000000800105c       0x40 ./Core/Src/nrf24l01p.o
                0x000000000800105c                nrf24l01p_set_auto_retr
 .text.nrf24l01p_set_address_width
                0x000000000800109c       0x20 ./Core/Src/nrf24l01p.o
                0x000000000800109c                nrf24l01p_set_address_width
 .text.nrf24l01p_set_rx_payload_width
                0x00000000080010bc       0x28 ./Core/Src/nrf24l01p.o
                0x00000000080010bc                nrf24l01p_set_rx_payload_width
 .text.nrf24l01p_get_address_width
                0x00000000080010e4       0x14 ./Core/Src/nrf24l01p.o
                0x00000000080010e4                nrf24l01p_get_address_width
 .text.nrf24l01p_set_operation_mode
                0x00000000080010f8       0x3e ./Core/Src/nrf24l01p.o
                0x00000000080010f8                nrf24l01p_set_operation_mode
 .text.nrf24l01p_set_power_mode
                0x0000000008001136       0x3c ./Core/Src/nrf24l01p.o
                0x0000000008001136                nrf24l01p_set_power_mode
 .text.nrf24l01p_set_rf_channel
                0x0000000008001172       0x1c ./Core/Src/nrf24l01p.o
                0x0000000008001172                nrf24l01p_set_rf_channel
 .text.nrf24l01p_rx_fifo_empty
                0x000000000800118e       0x18 ./Core/Src/nrf24l01p.o
                0x000000000800118e                nrf24l01p_rx_fifo_empty
 .text.nrf24l01p_write_tx_payload
                0x00000000080011a6       0x20 ./Core/Src/nrf24l01p.o
                0x00000000080011a6                nrf24l01p_write_tx_payload
 .text.nrf24l01p_read_rx_fifo_payload_width
                0x00000000080011c6       0x2c ./Core/Src/nrf24l01p.o
                0x00000000080011c6                nrf24l01p_read_rx_fifo_payload_width
 .text.nrf24l01p_get_rx_data_source
                0x00000000080011f2       0x18 ./Core/Src/nrf24l01p.o
                0x00000000080011f2                nrf24l01p_get_rx_data_source
 .text.nrf24l01p_read_rx_payload
                0x000000000800120a       0x1a ./Core/Src/nrf24l01p.o
                0x000000000800120a                nrf24l01p_read_rx_payload
 .text.nrf24l01p_flush_tx
                0x0000000008001224       0x10 ./Core/Src/nrf24l01p.o
                0x0000000008001224                nrf24l01p_flush_tx
 .text.nrf24l01p_nop
                0x0000000008001234       0x12 ./Core/Src/nrf24l01p.o
                0x0000000008001234                nrf24l01p_nop
 .text.nrf24l01p_read_reg
                0x0000000008001246       0x32 ./Core/Src/nrf24l01p.o
                0x0000000008001246                nrf24l01p_read_reg
 .text.nrf24l01p_write_reg
                0x0000000008001278       0x80 ./Core/Src/nrf24l01p.o
                0x0000000008001278                nrf24l01p_write_reg
 .text.nrf24l01p_read_multibyte_reg
                0x00000000080012f8       0xba ./Core/Src/nrf24l01p.o
                0x00000000080012f8                nrf24l01p_read_multibyte_reg
 .text.nrf24l01p_write_multibyte_reg
                0x00000000080013b2       0x7c ./Core/Src/nrf24l01p.o
                0x00000000080013b2                nrf24l01p_write_multibyte_reg
 *fill*         0x000000000800142e        0x2 
 .text.HAL_MspInit
                0x0000000008001430       0x64 ./Core/Src/stm32f1xx_hal_msp.o
                0x0000000008001430                HAL_MspInit
 .text.HAL_I2C_MspInit
                0x0000000008001494       0x7c ./Core/Src/stm32f1xx_hal_msp.o
                0x0000000008001494                HAL_I2C_MspInit
 .text.HAL_SPI_MspInit
                0x0000000008001510       0x98 ./Core/Src/stm32f1xx_hal_msp.o
                0x0000000008001510                HAL_SPI_MspInit
 .text.NMI_Handler
                0x00000000080015a8        0x6 ./Core/Src/stm32f1xx_it.o
                0x00000000080015a8                NMI_Handler
 .text.HardFault_Handler
                0x00000000080015ae        0x6 ./Core/Src/stm32f1xx_it.o
                0x00000000080015ae                HardFault_Handler
 .text.MemManage_Handler
                0x00000000080015b4        0x6 ./Core/Src/stm32f1xx_it.o
                0x00000000080015b4                MemManage_Handler
 .text.BusFault_Handler
                0x00000000080015ba        0x6 ./Core/Src/stm32f1xx_it.o
                0x00000000080015ba                BusFault_Handler
 .text.UsageFault_Handler
                0x00000000080015c0        0x6 ./Core/Src/stm32f1xx_it.o
                0x00000000080015c0                UsageFault_Handler
 .text.SVC_Handler
                0x00000000080015c6        0xc ./Core/Src/stm32f1xx_it.o
                0x00000000080015c6                SVC_Handler
 .text.DebugMon_Handler
                0x00000000080015d2        0xc ./Core/Src/stm32f1xx_it.o
                0x00000000080015d2                DebugMon_Handler
 .text.PendSV_Handler
                0x00000000080015de        0xc ./Core/Src/stm32f1xx_it.o
                0x00000000080015de                PendSV_Handler
 .text.SysTick_Handler
                0x00000000080015ea        0xc ./Core/Src/stm32f1xx_it.o
                0x00000000080015ea                SysTick_Handler
 *fill*         0x00000000080015f6        0x2 
 .text.USB_LP_CAN1_RX0_IRQHandler
                0x00000000080015f8       0x14 ./Core/Src/stm32f1xx_it.o
                0x00000000080015f8                USB_LP_CAN1_RX0_IRQHandler
 .text.SystemInit
                0x000000000800160c        0xc ./Core/Src/system_stm32f1xx.o
                0x000000000800160c                SystemInit
 .text._vfd_get_char_code
                0x0000000008001618       0xdc ./Core/Src/vfd.o
                0x0000000008001618                _vfd_get_char_code
 .text.vfd_put_string
                0x00000000080016f4      0x10c ./Core/Src/vfd.o
                0x00000000080016f4                vfd_put_string
 .text.vfd_set_symbols
                0x0000000008001800       0xb0 ./Core/Src/vfd.o
                0x0000000008001800                vfd_set_symbols
 .text.vfd_clr_symbols
                0x00000000080018b0       0xb4 ./Core/Src/vfd.o
                0x00000000080018b0                vfd_clr_symbols
 .text.vfd_clear_buf
                0x0000000008001964       0x34 ./Core/Src/vfd.o
                0x0000000008001964                vfd_clear_buf
 .text.vfd_update
                0x0000000008001998       0x50 ./Core/Src/vfd.o
                0x0000000008001998                vfd_update
 .text.vfd_leds
                0x00000000080019e8       0x48 ./Core/Src/vfd.o
                0x00000000080019e8                vfd_leds
 .text.vfd_init
                0x0000000008001a30       0x28 ./Core/Src/vfd.o
                0x0000000008001a30                vfd_init
 .text.vfd_control
                0x0000000008001a58       0x52 ./Core/Src/vfd.o
                0x0000000008001a58                vfd_control
 *fill*         0x0000000008001aaa        0x2 
 .text.Reset_Handler
                0x0000000008001aac       0x48 ./Core/Startup/startup_stm32f103c8tx.o
                0x0000000008001aac                Reset_Handler
 .text.Default_Handler
                0x0000000008001af4        0x2 ./Core/Startup/startup_stm32f103c8tx.o
                0x0000000008001af4                RTC_Alarm_IRQHandler
                0x0000000008001af4                EXTI2_IRQHandler
                0x0000000008001af4                TIM1_CC_IRQHandler
                0x0000000008001af4                PVD_IRQHandler
                0x0000000008001af4                EXTI3_IRQHandler
                0x0000000008001af4                EXTI0_IRQHandler
                0x0000000008001af4                I2C2_EV_IRQHandler
                0x0000000008001af4                ADC1_2_IRQHandler
                0x0000000008001af4                SPI1_IRQHandler
                0x0000000008001af4                TAMPER_IRQHandler
                0x0000000008001af4                DMA1_Channel4_IRQHandler
                0x0000000008001af4                USART3_IRQHandler
                0x0000000008001af4                RTC_IRQHandler
                0x0000000008001af4                DMA1_Channel7_IRQHandler
                0x0000000008001af4                CAN1_RX1_IRQHandler
                0x0000000008001af4                TIM4_IRQHandler
                0x0000000008001af4                I2C1_EV_IRQHandler
                0x0000000008001af4                DMA1_Channel6_IRQHandler
                0x0000000008001af4                TIM3_IRQHandler
                0x0000000008001af4                RCC_IRQHandler
                0x0000000008001af4                TIM1_TRG_COM_IRQHandler
                0x0000000008001af4                DMA1_Channel1_IRQHandler
                0x0000000008001af4                Default_Handler
                0x0000000008001af4                EXTI15_10_IRQHandler
                0x0000000008001af4                EXTI9_5_IRQHandler
                0x0000000008001af4                SPI2_IRQHandler
                0x0000000008001af4                DMA1_Channel5_IRQHandler
                0x0000000008001af4                EXTI4_IRQHandler
                0x0000000008001af4                USB_HP_CAN1_TX_IRQHandler
                0x0000000008001af4                DMA1_Channel3_IRQHandler
                0x0000000008001af4                TIM1_UP_IRQHandler
                0x0000000008001af4                WWDG_IRQHandler
                0x0000000008001af4                TIM2_IRQHandler
                0x0000000008001af4                TIM1_BRK_IRQHandler
                0x0000000008001af4                EXTI1_IRQHandler
                0x0000000008001af4                USART2_IRQHandler
                0x0000000008001af4                I2C2_ER_IRQHandler
                0x0000000008001af4                DMA1_Channel2_IRQHandler
                0x0000000008001af4                CAN1_SCE_IRQHandler
                0x0000000008001af4                FLASH_IRQHandler
                0x0000000008001af4                USART1_IRQHandler
                0x0000000008001af4                I2C1_ER_IRQHandler
                0x0000000008001af4                USBWakeUp_IRQHandler
 *fill*         0x0000000008001af6        0x2 
 .text.HAL_Init
                0x0000000008001af8       0x2c ./Drivers/STM32F1xx_HAL_Driver/Src/stm32f1xx_hal.o
                0x0000000008001af8                HAL_Init
 .text.HAL_InitTick
                0x0000000008001b24       0x60 ./Drivers/STM32F1xx_HAL_Driver/Src/stm32f1xx_hal.o
                0x0000000008001b24                HAL_InitTick
 .text.HAL_IncTick
                0x0000000008001b84       0x24 ./Drivers/STM32F1xx_HAL_Driver/Src/stm32f1xx_hal.o
                0x0000000008001b84                HAL_IncTick
 .text.HAL_GetTick
                0x0000000008001ba8       0x14 ./Drivers/STM32F1xx_HAL_Driver/Src/stm32f1xx_hal.o
                0x0000000008001ba8                HAL_GetTick
 .text.HAL_Delay
                0x0000000008001bbc       0x48 ./Drivers/STM32F1xx_HAL_Driver/Src/stm32f1xx_hal.o
                0x0000000008001bbc                HAL_Delay
 .text.__NVIC_SetPriorityGrouping
                0x0000000008001c04       0x48 ./Drivers/STM32F1xx_HAL_Driver/Src/stm32f1xx_hal_cortex.o
 .text.__NVIC_GetPriorityGrouping
                0x0000000008001c4c       0x1c ./Drivers/STM32F1xx_HAL_Driver/Src/stm32f1xx_hal_cortex.o
 .text.__NVIC_EnableIRQ
                0x0000000008001c68       0x38 ./Drivers/STM32F1xx_HAL_Driver/Src/stm32f1xx_hal_cortex.o
 .text.__NVIC_SetPriority
                0x0000000008001ca0       0x54 ./Drivers/STM32F1xx_HAL_Driver/Src/stm32f1xx_hal_cortex.o
 .text.NVIC_EncodePriority
                0x0000000008001cf4       0x64 ./Drivers/STM32F1xx_HAL_Driver/Src/stm32f1xx_hal_cortex.o
 .text.SysTick_Config
                0x0000000008001d58       0x44 ./Drivers/STM32F1xx_HAL_Driver/Src/stm32f1xx_hal_cortex.o
 .text.HAL_NVIC_SetPriorityGrouping
                0x0000000008001d9c       0x16 ./Drivers/STM32F1xx_HAL_Driver/Src/stm32f1xx_hal_cortex.o
                0x0000000008001d9c                HAL_NVIC_SetPriorityGrouping
 .text.HAL_NVIC_SetPriority
                0x0000000008001db2       0x38 ./Drivers/STM32F1xx_HAL_Driver/Src/stm32f1xx_hal_cortex.o
                0x0000000008001db2                HAL_NVIC_SetPriority
 .text.HAL_NVIC_EnableIRQ
                0x0000000008001dea       0x1c ./Drivers/STM32F1xx_HAL_Driver/Src/stm32f1xx_hal_cortex.o
                0x0000000008001dea                HAL_NVIC_EnableIRQ
 .text.HAL_SYSTICK_Config
                0x0000000008001e06       0x18 ./Drivers/STM32F1xx_HAL_Driver/Src/stm32f1xx_hal_cortex.o
                0x0000000008001e06                HAL_SYSTICK_Config
 *fill*         0x0000000008001e1e        0x2 
 .text.HAL_GPIO_Init
                0x0000000008001e20      0x308 ./Drivers/STM32F1xx_HAL_Driver/Src/stm32f1xx_hal_gpio.o
                0x0000000008001e20                HAL_GPIO_Init
 .text.HAL_GPIO_ReadPin
                0x0000000008002128       0x2e ./Drivers/STM32F1xx_HAL_Driver/Src/stm32f1xx_hal_gpio.o
                0x0000000008002128                HAL_GPIO_ReadPin
 .text.HAL_GPIO_WritePin
                0x0000000008002156       0x30 ./Drivers/STM32F1xx_HAL_Driver/Src/stm32f1xx_hal_gpio.o
                0x0000000008002156                HAL_GPIO_WritePin
 .text.HAL_GPIO_TogglePin
                0x0000000008002186       0x32 ./Drivers/STM32F1xx_HAL_Driver/Src/stm32f1xx_hal_gpio.o
                0x0000000008002186                HAL_GPIO_TogglePin
 .text.HAL_I2C_Init
                0x00000000080021b8      0x288 ./Drivers/STM32F1xx_HAL_Driver/Src/stm32f1xx_hal_i2c.o
                0x00000000080021b8                HAL_I2C_Init
 .text.HAL_I2C_Mem_Write
                0x0000000008002440      0x1f4 ./Drivers/STM32F1xx_HAL_Driver/Src/stm32f1xx_hal_i2c.o
                0x0000000008002440                HAL_I2C_Mem_Write
 .text.HAL_I2C_Mem_Read
                0x0000000008002634      0x4d0 ./Drivers/STM32F1xx_HAL_Driver/Src/stm32f1xx_hal_i2c.o
                0x0000000008002634                HAL_I2C_Mem_Read
 .text.I2C_RequestMemoryWrite
                0x0000000008002b04      0x12c ./Drivers/STM32F1xx_HAL_Driver/Src/stm32f1xx_hal_i2c.o
 .text.I2C_RequestMemoryRead
                0x0000000008002c30      0x1d0 ./Drivers/STM32F1xx_HAL_Driver/Src/stm32f1xx_hal_i2c.o
 .text.I2C_WaitOnFlagUntilTimeout
                0x0000000008002e00       0xae ./Drivers/STM32F1xx_HAL_Driver/Src/stm32f1xx_hal_i2c.o
 .text.I2C_WaitOnMasterAddressFlagUntilTimeout
                0x0000000008002eae       0xfe ./Drivers/STM32F1xx_HAL_Driver/Src/stm32f1xx_hal_i2c.o
 .text.I2C_WaitOnTXEFlagUntilTimeout
                0x0000000008002fac       0x82 ./Drivers/STM32F1xx_HAL_Driver/Src/stm32f1xx_hal_i2c.o
 .text.I2C_WaitOnBTFFlagUntilTimeout
                0x000000000800302e       0x82 ./Drivers/STM32F1xx_HAL_Driver/Src/stm32f1xx_hal_i2c.o
 .text.I2C_WaitOnRXNEFlagUntilTimeout
                0x00000000080030b0       0xac ./Drivers/STM32F1xx_HAL_Driver/Src/stm32f1xx_hal_i2c.o
 .text.I2C_IsAcknowledgeFailed
                0x000000000800315c       0x5c ./Drivers/STM32F1xx_HAL_Driver/Src/stm32f1xx_hal_i2c.o
 .text.HAL_PCD_Init
                0x00000000080031b8      0x216 ./Drivers/STM32F1xx_HAL_Driver/Src/stm32f1xx_hal_pcd.o
                0x00000000080031b8                HAL_PCD_Init
 .text.HAL_PCD_Start
                0x00000000080033ce       0x4c ./Drivers/STM32F1xx_HAL_Driver/Src/stm32f1xx_hal_pcd.o
                0x00000000080033ce                HAL_PCD_Start
 .text.HAL_PCD_IRQHandler
                0x000000000800341a      0x2aa ./Drivers/STM32F1xx_HAL_Driver/Src/stm32f1xx_hal_pcd.o
                0x000000000800341a                HAL_PCD_IRQHandler
 .text.HAL_PCD_SetAddress
                0x00000000080036c4       0x4a ./Drivers/STM32F1xx_HAL_Driver/Src/stm32f1xx_hal_pcd.o
                0x00000000080036c4                HAL_PCD_SetAddress
 .text.HAL_PCD_EP_Open
                0x000000000800370e       0xcc ./Drivers/STM32F1xx_HAL_Driver/Src/stm32f1xx_hal_pcd.o
                0x000000000800370e                HAL_PCD_EP_Open
 .text.HAL_PCD_EP_Close
                0x00000000080037da       0x90 ./Drivers/STM32F1xx_HAL_Driver/Src/stm32f1xx_hal_pcd.o
                0x00000000080037da                HAL_PCD_EP_Close
 .text.HAL_PCD_EP_Receive
                0x000000000800386a       0x7a ./Drivers/STM32F1xx_HAL_Driver/Src/stm32f1xx_hal_pcd.o
                0x000000000800386a                HAL_PCD_EP_Receive
 .text.HAL_PCD_EP_GetRxCount
                0x00000000080038e4       0x2e ./Drivers/STM32F1xx_HAL_Driver/Src/stm32f1xx_hal_pcd.o
                0x00000000080038e4                HAL_PCD_EP_GetRxCount
 .text.HAL_PCD_EP_Transmit
                0x0000000008003912       0x86 ./Drivers/STM32F1xx_HAL_Driver/Src/stm32f1xx_hal_pcd.o
                0x0000000008003912                HAL_PCD_EP_Transmit
 .text.HAL_PCD_EP_SetStall
                0x0000000008003998       0xc0 ./Drivers/STM32F1xx_HAL_Driver/Src/stm32f1xx_hal_pcd.o
                0x0000000008003998                HAL_PCD_EP_SetStall
 .text.HAL_PCD_EP_ClrStall
                0x0000000008003a58       0xa8 ./Drivers/STM32F1xx_HAL_Driver/Src/stm32f1xx_hal_pcd.o
                0x0000000008003a58                HAL_PCD_EP_ClrStall
 .text.PCD_EP_ISR_Handler
                0x0000000008003b00      0x600 ./Drivers/STM32F1xx_HAL_Driver/Src/stm32f1xx_hal_pcd.o
 .text.HAL_PCD_EP_DB_Receive
                0x0000000008004100      0x21a ./Drivers/STM32F1xx_HAL_Driver/Src/stm32f1xx_hal_pcd.o
 .text.HAL_PCD_EP_DB_Transmit
                0x000000000800431a      0x7a4 ./Drivers/STM32F1xx_HAL_Driver/Src/stm32f1xx_hal_pcd.o
 .text.HAL_PCDEx_PMAConfig
                0x0000000008004abe       0x84 ./Drivers/STM32F1xx_HAL_Driver/Src/stm32f1xx_hal_pcd_ex.o
                0x0000000008004abe                HAL_PCDEx_PMAConfig
 *fill*         0x0000000008004b42        0x2 
 .text.HAL_RCC_OscConfig
                0x0000000008004b44      0x500 ./Drivers/STM32F1xx_HAL_Driver/Src/stm32f1xx_hal_rcc.o
                0x0000000008004b44                HAL_RCC_OscConfig
 .text.HAL_RCC_ClockConfig
                0x0000000008005044      0x1d4 ./Drivers/STM32F1xx_HAL_Driver/Src/stm32f1xx_hal_rcc.o
                0x0000000008005044                HAL_RCC_ClockConfig
 .text.HAL_RCC_GetSysClockFreq
                0x0000000008005218       0xc4 ./Drivers/STM32F1xx_HAL_Driver/Src/stm32f1xx_hal_rcc.o
                0x0000000008005218                HAL_RCC_GetSysClockFreq
 .text.HAL_RCC_GetHCLKFreq
                0x00000000080052dc       0x14 ./Drivers/STM32F1xx_HAL_Driver/Src/stm32f1xx_hal_rcc.o
                0x00000000080052dc                HAL_RCC_GetHCLKFreq
 .text.HAL_RCC_GetPCLK1Freq
                0x00000000080052f0       0x28 ./Drivers/STM32F1xx_HAL_Driver/Src/stm32f1xx_hal_rcc.o
                0x00000000080052f0                HAL_RCC_GetPCLK1Freq
 .text.RCC_Delay
                0x0000000008005318       0x3c ./Drivers/STM32F1xx_HAL_Driver/Src/stm32f1xx_hal_rcc.o
 .text.HAL_RCCEx_PeriphCLKConfig
                0x0000000008005354      0x16c ./Drivers/STM32F1xx_HAL_Driver/Src/stm32f1xx_hal_rcc_ex.o
                0x0000000008005354                HAL_RCCEx_PeriphCLKConfig
 .text.HAL_SPI_Init
                0x00000000080054c0      0x108 ./Drivers/STM32F1xx_HAL_Driver/Src/stm32f1xx_hal_spi.o
                0x00000000080054c0                HAL_SPI_Init
 .text.HAL_SPI_Transmit
                0x00000000080055c8      0x278 ./Drivers/STM32F1xx_HAL_Driver/Src/stm32f1xx_hal_spi.o
                0x00000000080055c8                HAL_SPI_Transmit
 .text.HAL_SPI_TransmitReceive
                0x0000000008005840      0x344 ./Drivers/STM32F1xx_HAL_Driver/Src/stm32f1xx_hal_spi.o
                0x0000000008005840                HAL_SPI_TransmitReceive
 .text.SPI_WaitFlagStateUntilTimeout
                0x0000000008005b84      0x110 ./Drivers/STM32F1xx_HAL_Driver/Src/stm32f1xx_hal_spi.o
 .text.SPI_EndRxTxTransaction
                0x0000000008005c94       0x3c ./Drivers/STM32F1xx_HAL_Driver/Src/stm32f1xx_hal_spi.o
 .text.USB_CoreInit
                0x0000000008005cd0       0x20 ./Drivers/STM32F1xx_HAL_Driver/Src/stm32f1xx_ll_usb.o
                0x0000000008005cd0                USB_CoreInit
 .text.USB_EnableGlobalInt
                0x0000000008005cf0       0x2c ./Drivers/STM32F1xx_HAL_Driver/Src/stm32f1xx_ll_usb.o
                0x0000000008005cf0                USB_EnableGlobalInt
 .text.USB_DisableGlobalInt
                0x0000000008005d1c       0x34 ./Drivers/STM32F1xx_HAL_Driver/Src/stm32f1xx_ll_usb.o
                0x0000000008005d1c                USB_DisableGlobalInt
 .text.USB_SetCurrentMode
                0x0000000008005d50       0x18 ./Drivers/STM32F1xx_HAL_Driver/Src/stm32f1xx_ll_usb.o
                0x0000000008005d50                USB_SetCurrentMode
 .text.USB_DevInit
                0x0000000008005d68       0x40 ./Drivers/STM32F1xx_HAL_Driver/Src/stm32f1xx_ll_usb.o
                0x0000000008005d68                USB_DevInit
 .text.USB_ActivateEndpoint
                0x0000000008005da8      0x6d4 ./Drivers/STM32F1xx_HAL_Driver/Src/stm32f1xx_ll_usb.o
                0x0000000008005da8                USB_ActivateEndpoint
 .text.USB_DeactivateEndpoint
                0x000000000800647c      0x3d8 ./Drivers/STM32F1xx_HAL_Driver/Src/stm32f1xx_ll_usb.o
                0x000000000800647c                USB_DeactivateEndpoint
 .text.USB_EPStartXfer
                0x0000000008006854     0x15ee ./Drivers/STM32F1xx_HAL_Driver/Src/stm32f1xx_ll_usb.o
                0x0000000008006854                USB_EPStartXfer
 .text.USB_EPSetStall
                0x0000000008007e42       0xa0 ./Drivers/STM32F1xx_HAL_Driver/Src/stm32f1xx_ll_usb.o
                0x0000000008007e42                USB_EPSetStall
 .text.USB_EPClearStall
                0x0000000008007ee2      0x15a ./Drivers/STM32F1xx_HAL_Driver/Src/stm32f1xx_ll_usb.o
                0x0000000008007ee2                USB_EPClearStall
 .text.USB_SetDevAddress
                0x000000000800803c       0x26 ./Drivers/STM32F1xx_HAL_Driver/Src/stm32f1xx_ll_usb.o
                0x000000000800803c                USB_SetDevAddress
 .text.USB_DevConnect
                0x0000000008008062       0x14 ./Drivers/STM32F1xx_HAL_Driver/Src/stm32f1xx_ll_usb.o
                0x0000000008008062                USB_DevConnect
 .text.USB_DevDisconnect
                0x0000000008008076       0x14 ./Drivers/STM32F1xx_HAL_Driver/Src/stm32f1xx_ll_usb.o
                0x0000000008008076                USB_DevDisconnect
 .text.USB_ReadInterrupts
                0x000000000800808a       0x1e ./Drivers/STM32F1xx_HAL_Driver/Src/stm32f1xx_ll_usb.o
                0x000000000800808a                USB_ReadInterrupts
 .text.USB_EP0_OutStart
                0x00000000080080a8       0x16 ./Drivers/STM32F1xx_HAL_Driver/Src/stm32f1xx_ll_usb.o
                0x00000000080080a8                USB_EP0_OutStart
 .text.USB_WritePMA
                0x00000000080080be       0x8a ./Drivers/STM32F1xx_HAL_Driver/Src/stm32f1xx_ll_usb.o
                0x00000000080080be                USB_WritePMA
 .text.USB_ReadPMA
                0x0000000008008148       0x9e ./Drivers/STM32F1xx_HAL_Driver/Src/stm32f1xx_ll_usb.o
                0x0000000008008148                USB_ReadPMA
 .text.USBD_CDC_Init
                0x00000000080081e6       0xf4 ./Middlewares/ST/STM32_USB_Device_Library/Class/CDC/Src/usbd_cdc.o
 .text.USBD_CDC_DeInit
                0x00000000080082da       0x6e ./Middlewares/ST/STM32_USB_Device_Library/Class/CDC/Src/usbd_cdc.o
 .text.USBD_CDC_Setup
                0x0000000008008348      0x146 ./Middlewares/ST/STM32_USB_Device_Library/Class/CDC/Src/usbd_cdc.o
 .text.USBD_CDC_DataIn
                0x000000000800848e       0xa6 ./Middlewares/ST/STM32_USB_Device_Library/Class/CDC/Src/usbd_cdc.o
 .text.USBD_CDC_DataOut
                0x0000000008008534       0x56 ./Middlewares/ST/STM32_USB_Device_Library/Class/CDC/Src/usbd_cdc.o
 .text.USBD_CDC_EP0_RxReady
                0x000000000800858a       0x50 ./Middlewares/ST/STM32_USB_Device_Library/Class/CDC/Src/usbd_cdc.o
 *fill*         0x00000000080085da        0x2 
 .text.USBD_CDC_GetFSCfgDesc
                0x00000000080085dc       0x20 ./Middlewares/ST/STM32_USB_Device_Library/Class/CDC/Src/usbd_cdc.o
 .text.USBD_CDC_GetHSCfgDesc
                0x00000000080085fc       0x20 ./Middlewares/ST/STM32_USB_Device_Library/Class/CDC/Src/usbd_cdc.o
 .text.USBD_CDC_GetOtherSpeedCfgDesc
                0x000000000800861c       0x20 ./Middlewares/ST/STM32_USB_Device_Library/Class/CDC/Src/usbd_cdc.o
 .text.USBD_CDC_GetDeviceQualifierDescriptor
                0x000000000800863c       0x20 ./Middlewares/ST/STM32_USB_Device_Library/Class/CDC/Src/usbd_cdc.o
                0x000000000800863c                USBD_CDC_GetDeviceQualifierDescriptor
 .text.USBD_CDC_RegisterInterface
                0x000000000800865c       0x2c ./Middlewares/ST/STM32_USB_Device_Library/Class/CDC/Src/usbd_cdc.o
                0x000000000800865c                USBD_CDC_RegisterInterface
 .text.USBD_CDC_SetTxBuffer
                0x0000000008008688       0x32 ./Middlewares/ST/STM32_USB_Device_Library/Class/CDC/Src/usbd_cdc.o
                0x0000000008008688                USBD_CDC_SetTxBuffer
 .text.USBD_CDC_SetRxBuffer
                0x00000000080086ba       0x26 ./Middlewares/ST/STM32_USB_Device_Library/Class/CDC/Src/usbd_cdc.o
                0x00000000080086ba                USBD_CDC_SetRxBuffer
 .text.USBD_CDC_ReceivePacket
                0x00000000080086e0       0x54 ./Middlewares/ST/STM32_USB_Device_Library/Class/CDC/Src/usbd_cdc.o
                0x00000000080086e0                USBD_CDC_ReceivePacket
 .text.USBD_Init
                0x0000000008008734       0x56 ./Middlewares/ST/STM32_USB_Device_Library/Core/Src/usbd_core.o
                0x0000000008008734                USBD_Init
 .text.USBD_RegisterClass
                0x000000000800878a       0x32 ./Middlewares/ST/STM32_USB_Device_Library/Core/Src/usbd_core.o
                0x000000000800878a                USBD_RegisterClass
 .text.USBD_Start
                0x00000000080087bc       0x18 ./Middlewares/ST/STM32_USB_Device_Library/Core/Src/usbd_core.o
                0x00000000080087bc                USBD_Start
 .text.USBD_RunTestMode
                0x00000000080087d4       0x14 ./Middlewares/ST/STM32_USB_Device_Library/Core/Src/usbd_core.o
                0x00000000080087d4                USBD_RunTestMode
 .text.USBD_SetClassConfig
                0x00000000080087e8       0x3e ./Middlewares/ST/STM32_USB_Device_Library/Core/Src/usbd_core.o
                0x00000000080087e8                USBD_SetClassConfig
 .text.USBD_ClrClassConfig
                0x0000000008008826       0x26 ./Middlewares/ST/STM32_USB_Device_Library/Core/Src/usbd_core.o
                0x0000000008008826                USBD_ClrClassConfig
 .text.USBD_LL_SetupStage
                0x000000000800884c       0x9a ./Middlewares/ST/STM32_USB_Device_Library/Core/Src/usbd_core.o
                0x000000000800884c                USBD_LL_SetupStage
 .text.USBD_LL_DataOutStage
                0x00000000080088e6       0xe2 ./Middlewares/ST/STM32_USB_Device_Library/Core/Src/usbd_core.o
                0x00000000080088e6                USBD_LL_DataOutStage
 .text.USBD_LL_DataInStage
                0x00000000080089c8      0x14a ./Middlewares/ST/STM32_USB_Device_Library/Core/Src/usbd_core.o
                0x00000000080089c8                USBD_LL_DataInStage
 .text.USBD_LL_Reset
                0x0000000008008b12       0x82 ./Middlewares/ST/STM32_USB_Device_Library/Core/Src/usbd_core.o
                0x0000000008008b12                USBD_LL_Reset
 .text.USBD_LL_SetSpeed
                0x0000000008008b94       0x1e ./Middlewares/ST/STM32_USB_Device_Library/Core/Src/usbd_core.o
                0x0000000008008b94                USBD_LL_SetSpeed
 .text.USBD_LL_Suspend
                0x0000000008008bb2       0x28 ./Middlewares/ST/STM32_USB_Device_Library/Core/Src/usbd_core.o
                0x0000000008008bb2                USBD_LL_Suspend
 .text.USBD_LL_Resume
                0x0000000008008bda       0x2a ./Middlewares/ST/STM32_USB_Device_Library/Core/Src/usbd_core.o
                0x0000000008008bda                USBD_LL_Resume
 .text.USBD_LL_SOF
                0x0000000008008c04       0x34 ./Middlewares/ST/STM32_USB_Device_Library/Core/Src/usbd_core.o
                0x0000000008008c04                USBD_LL_SOF
 .text.USBD_StdDevReq
                0x0000000008008c38       0xd4 ./Middlewares/ST/STM32_USB_Device_Library/Core/Src/usbd_ctlreq.o
                0x0000000008008c38                USBD_StdDevReq
 .text.USBD_StdItfReq
                0x0000000008008d0c       0x90 ./Middlewares/ST/STM32_USB_Device_Library/Core/Src/usbd_ctlreq.o
                0x0000000008008d0c                USBD_StdItfReq
 .text.USBD_StdEPReq
                0x0000000008008d9c      0x2c6 ./Middlewares/ST/STM32_USB_Device_Library/Core/Src/usbd_ctlreq.o
                0x0000000008008d9c                USBD_StdEPReq
 *fill*         0x0000000008009062        0x2 
 .text.USBD_GetDescriptor
                0x0000000008009064      0x2d0 ./Middlewares/ST/STM32_USB_Device_Library/Core/Src/usbd_ctlreq.o
 .text.USBD_SetAddress
                0x0000000008009334       0x86 ./Middlewares/ST/STM32_USB_Device_Library/Core/Src/usbd_ctlreq.o
 *fill*         0x00000000080093ba        0x2 
 .text.USBD_SetConfig
                0x00000000080093bc      0x11c ./Middlewares/ST/STM32_USB_Device_Library/Core/Src/usbd_ctlreq.o
 .text.USBD_GetConfig
                0x00000000080094d8       0x6a ./Middlewares/ST/STM32_USB_Device_Library/Core/Src/usbd_ctlreq.o
 .text.USBD_GetStatus
                0x0000000008009542       0x66 ./Middlewares/ST/STM32_USB_Device_Library/Core/Src/usbd_ctlreq.o
 .text.USBD_SetFeature
                0x00000000080095a8       0x28 ./Middlewares/ST/STM32_USB_Device_Library/Core/Src/usbd_ctlreq.o
 .text.USBD_ClrFeature
                0x00000000080095d0       0x42 ./Middlewares/ST/STM32_USB_Device_Library/Core/Src/usbd_ctlreq.o
 .text.USBD_ParseSetupRequest
                0x0000000008009612       0x78 ./Middlewares/ST/STM32_USB_Device_Library/Core/Src/usbd_ctlreq.o
                0x0000000008009612                USBD_ParseSetupRequest
 .text.USBD_CtlError
                0x000000000800968a       0x22 ./Middlewares/ST/STM32_USB_Device_Library/Core/Src/usbd_ctlreq.o
                0x000000000800968a                USBD_CtlError
 .text.USBD_GetString
                0x00000000080096ac       0x84 ./Middlewares/ST/STM32_USB_Device_Library/Core/Src/usbd_ctlreq.o
                0x00000000080096ac                USBD_GetString
 .text.USBD_GetLen
                0x0000000008009730       0x2e ./Middlewares/ST/STM32_USB_Device_Library/Core/Src/usbd_ctlreq.o
 .text.USBD_CtlSendData
                0x000000000800975e       0x38 ./Middlewares/ST/STM32_USB_Device_Library/Core/Src/usbd_ioreq.o
                0x000000000800975e                USBD_CtlSendData
 .text.USBD_CtlContinueSendData
                0x0000000008009796       0x24 ./Middlewares/ST/STM32_USB_Device_Library/Core/Src/usbd_ioreq.o
                0x0000000008009796                USBD_CtlContinueSendData
 .text.USBD_CtlPrepareRx
                0x00000000080097ba       0x3c ./Middlewares/ST/STM32_USB_Device_Library/Core/Src/usbd_ioreq.o
                0x00000000080097ba                USBD_CtlPrepareRx
 .text.USBD_CtlContinueRx
                0x00000000080097f6       0x24 ./Middlewares/ST/STM32_USB_Device_Library/Core/Src/usbd_ioreq.o
                0x00000000080097f6                USBD_CtlContinueRx
 .text.USBD_CtlSendStatus
                0x000000000800981a       0x26 ./Middlewares/ST/STM32_USB_Device_Library/Core/Src/usbd_ioreq.o
                0x000000000800981a                USBD_CtlSendStatus
 .text.USBD_CtlReceiveStatus
                0x0000000008009840       0x26 ./Middlewares/ST/STM32_USB_Device_Library/Core/Src/usbd_ioreq.o
                0x0000000008009840                USBD_CtlReceiveStatus
 *fill*         0x0000000008009866        0x2 
 .text.MX_USB_DEVICE_Init
                0x0000000008009868       0x60 ./USB_DEVICE/App/usb_device.o
                0x0000000008009868                MX_USB_DEVICE_Init
 .text.CDC_Init_FS
                0x00000000080098c8       0x28 ./USB_DEVICE/App/usbd_cdc_if.o
 .text.CDC_DeInit_FS
                0x00000000080098f0        0xe ./USB_DEVICE/App/usbd_cdc_if.o
 *fill*         0x00000000080098fe        0x2 
 .text.CDC_Control_FS
                0x0000000008009900       0xbc ./USB_DEVICE/App/usbd_cdc_if.o
 .text.CDC_Receive_FS
                0x00000000080099bc       0x4c ./USB_DEVICE/App/usbd_cdc_if.o
 .text.USBD_FS_DeviceDescriptor
                0x0000000008009a08       0x24 ./USB_DEVICE/App/usbd_desc.o
                0x0000000008009a08                USBD_FS_DeviceDescriptor
 .text.USBD_FS_LangIDStrDescriptor
                0x0000000008009a2c       0x24 ./USB_DEVICE/App/usbd_desc.o
                0x0000000008009a2c                USBD_FS_LangIDStrDescriptor
 .text.USBD_FS_ProductStrDescriptor
                0x0000000008009a50       0x3c ./USB_DEVICE/App/usbd_desc.o
                0x0000000008009a50                USBD_FS_ProductStrDescriptor
 .text.USBD_FS_ManufacturerStrDescriptor
                0x0000000008009a8c       0x28 ./USB_DEVICE/App/usbd_desc.o
                0x0000000008009a8c                USBD_FS_ManufacturerStrDescriptor
 .text.USBD_FS_SerialStrDescriptor
                0x0000000008009ab4       0x24 ./USB_DEVICE/App/usbd_desc.o
                0x0000000008009ab4                USBD_FS_SerialStrDescriptor
 .text.USBD_FS_ConfigStrDescriptor
                0x0000000008009ad8       0x3c ./USB_DEVICE/App/usbd_desc.o
                0x0000000008009ad8                USBD_FS_ConfigStrDescriptor
 .text.USBD_FS_InterfaceStrDescriptor
                0x0000000008009b14       0x3c ./USB_DEVICE/App/usbd_desc.o
                0x0000000008009b14                USBD_FS_InterfaceStrDescriptor
 .text.Get_SerialNum
                0x0000000008009b50       0x58 ./USB_DEVICE/App/usbd_desc.o
 .text.IntToUnicode
                0x0000000008009ba8       0x7c ./USB_DEVICE/App/usbd_desc.o
 .text.HAL_PCD_MspInit
                0x0000000008009c24       0x4c ./USB_DEVICE/Target/usbd_conf.o
                0x0000000008009c24                HAL_PCD_MspInit
 .text.HAL_PCD_SetupStageCallback
                0x0000000008009c70       0x24 ./USB_DEVICE/Target/usbd_conf.o
                0x0000000008009c70                HAL_PCD_SetupStageCallback
 .text.HAL_PCD_DataOutStageCallback
                0x0000000008009c94       0x36 ./USB_DEVICE/Target/usbd_conf.o
                0x0000000008009c94                HAL_PCD_DataOutStageCallback
 .text.HAL_PCD_DataInStageCallback
                0x0000000008009cca       0x34 ./USB_DEVICE/Target/usbd_conf.o
                0x0000000008009cca                HAL_PCD_DataInStageCallback
 .text.HAL_PCD_SOFCallback
                0x0000000008009cfe       0x1c ./USB_DEVICE/Target/usbd_conf.o
                0x0000000008009cfe                HAL_PCD_SOFCallback
 .text.HAL_PCD_ResetCallback
                0x0000000008009d1a       0x3c ./USB_DEVICE/Target/usbd_conf.o
                0x0000000008009d1a                HAL_PCD_ResetCallback
 *fill*         0x0000000008009d56        0x2 
 .text.HAL_PCD_SuspendCallback
                0x0000000008009d58       0x34 ./USB_DEVICE/Target/usbd_conf.o
                0x0000000008009d58                HAL_PCD_SuspendCallback
 .text.HAL_PCD_ResumeCallback
                0x0000000008009d8c       0x1c ./USB_DEVICE/Target/usbd_conf.o
                0x0000000008009d8c                HAL_PCD_ResumeCallback
 .text.USBD_LL_Init
                0x0000000008009da8       0xb4 ./USB_DEVICE/Target/usbd_conf.o
                0x0000000008009da8                USBD_LL_Init
 .text.USBD_LL_Start
                0x0000000008009e5c       0x36 ./USB_DEVICE/Target/usbd_conf.o
                0x0000000008009e5c                USBD_LL_Start
 .text.USBD_LL_OpenEP
                0x0000000008009e92       0x4c ./USB_DEVICE/Target/usbd_conf.o
                0x0000000008009e92                USBD_LL_OpenEP
 .text.USBD_LL_CloseEP
                0x0000000008009ede       0x3e ./USB_DEVICE/Target/usbd_conf.o
                0x0000000008009ede                USBD_LL_CloseEP
 .text.USBD_LL_StallEP
                0x0000000008009f1c       0x3e ./USB_DEVICE/Target/usbd_conf.o
                0x0000000008009f1c                USBD_LL_StallEP
 .text.USBD_LL_ClearStallEP
                0x0000000008009f5a       0x3e ./USB_DEVICE/Target/usbd_conf.o
                0x0000000008009f5a                USBD_LL_ClearStallEP
 .text.USBD_LL_IsStallEP
                0x0000000008009f98       0x58 ./USB_DEVICE/Target/usbd_conf.o
                0x0000000008009f98                USBD_LL_IsStallEP
 .text.USBD_LL_SetUSBAddress
                0x0000000008009ff0       0x3e ./USB_DEVICE/Target/usbd_conf.o
                0x0000000008009ff0                USBD_LL_SetUSBAddress
 .text.USBD_LL_Transmit
                0x000000000800a02e       0x46 ./USB_DEVICE/Target/usbd_conf.o
                0x000000000800a02e                USBD_LL_Transmit
 .text.USBD_LL_PrepareReceive
                0x000000000800a074       0x46 ./USB_DEVICE/Target/usbd_conf.o
                0x000000000800a074                USBD_LL_PrepareReceive
 .text.USBD_LL_GetRxDataSize
                0x000000000800a0ba       0x26 ./USB_DEVICE/Target/usbd_conf.o
                0x000000000800a0ba                USBD_LL_GetRxDataSize
 .text.USBD_static_malloc
                0x000000000800a0e0       0x18 ./USB_DEVICE/Target/usbd_conf.o
                0x000000000800a0e0                USBD_static_malloc
 .text.USBD_static_free
                0x000000000800a0f8       0x12 ./USB_DEVICE/Target/usbd_conf.o
                0x000000000800a0f8                USBD_static_free
 .text.HAL_PCDEx_SetConnectionState
                0x000000000800a10a       0x16 ./USB_DEVICE/Target/usbd_conf.o
                0x000000000800a10a                HAL_PCDEx_SetConnectionState
 .text.USBD_Get_USB_Status
                0x000000000800a120       0x58 ./USB_DEVICE/Target/usbd_conf.o
 .text.__libc_init_array
                0x000000000800a178       0x48 c:/st/stm32cubeide_1.5.1/stm32cubeide/plugins/com.st.stm32cube.ide.mcu.externaltools.gnu-tools-for-stm32.9-2020-q2-update.win32_2.0.0.202105311346/tools/bin/../lib/gcc/arm-none-eabi/9.3.1/../../../../arm-none-eabi/lib/thumb/v7-m/nofp\libc_nano.a(lib_a-init.o)
                0x000000000800a178                __libc_init_array
 .text.memset   0x000000000800a1c0       0x10 c:/st/stm32cubeide_1.5.1/stm32cubeide/plugins/com.st.stm32cube.ide.mcu.externaltools.gnu-tools-for-stm32.9-2020-q2-update.win32_2.0.0.202105311346/tools/bin/../lib/gcc/arm-none-eabi/9.3.1/../../../../arm-none-eabi/lib/thumb/v7-m/nofp\libc_nano.a(lib_a-memset.o)
                0x000000000800a1c0                memset
 *(.glue_7)
 .glue_7        0x000000000800a1d0        0x0 linker stubs
 *(.glue_7t)
 .glue_7t       0x000000000800a1d0        0x0 linker stubs
 *(.eh_frame)
 .eh_frame      0x000000000800a1d0        0x0 c:/st/stm32cubeide_1.5.1/stm32cubeide/plugins/com.st.stm32cube.ide.mcu.externaltools.gnu-tools-for-stm32.9-2020-q2-update.win32_2.0.0.202105311346/tools/bin/../lib/gcc/arm-none-eabi/9.3.1/thumb/v7-m/nofp/crtbegin.o
 *(.init)
 .init          0x000000000800a1d0        0x4 c:/st/stm32cubeide_1.5.1/stm32cubeide/plugins/com.st.stm32cube.ide.mcu.externaltools.gnu-tools-for-stm32.9-2020-q2-update.win32_2.0.0.202105311346/tools/bin/../lib/gcc/arm-none-eabi/9.3.1/thumb/v7-m/nofp/crti.o
                0x000000000800a1d0                _init
 .init          0x000000000800a1d4        0x8 c:/st/stm32cubeide_1.5.1/stm32cubeide/plugins/com.st.stm32cube.ide.mcu.externaltools.gnu-tools-for-stm32.9-2020-q2-update.win32_2.0.0.202105311346/tools/bin/../lib/gcc/arm-none-eabi/9.3.1/thumb/v7-m/nofp/crtn.o
 *(.fini)
 .fini          0x000000000800a1dc        0x4 c:/st/stm32cubeide_1.5.1/stm32cubeide/plugins/com.st.stm32cube.ide.mcu.externaltools.gnu-tools-for-stm32.9-2020-q2-update.win32_2.0.0.202105311346/tools/bin/../lib/gcc/arm-none-eabi/9.3.1/thumb/v7-m/nofp/crti.o
                0x000000000800a1dc                _fini
 .fini          0x000000000800a1e0        0x8 c:/st/stm32cubeide_1.5.1/stm32cubeide/plugins/com.st.stm32cube.ide.mcu.externaltools.gnu-tools-for-stm32.9-2020-q2-update.win32_2.0.0.202105311346/tools/bin/../lib/gcc/arm-none-eabi/9.3.1/thumb/v7-m/nofp/crtn.o
                0x000000000800a1e8                . = ALIGN (0x4)
                0x000000000800a1e8                _etext = .

.vfp11_veneer   0x000000000800a1e8        0x0
 .vfp11_veneer  0x000000000800a1e8        0x0 linker stubs

.v4_bx          0x000000000800a1e8        0x0
 .v4_bx         0x000000000800a1e8        0x0 linker stubs

.iplt           0x000000000800a1e8        0x0
 .iplt          0x000000000800a1e8        0x0 c:/st/stm32cubeide_1.5.1/stm32cubeide/plugins/com.st.stm32cube.ide.mcu.externaltools.gnu-tools-for-stm32.9-2020-q2-update.win32_2.0.0.202105311346/tools/bin/../lib/gcc/arm-none-eabi/9.3.1/thumb/v7-m/nofp/crtbegin.o

.rodata         0x000000000800a1e8      0x244
                0x000000000800a1e8                . = ALIGN (0x4)
 *(.rodata)
 .rodata        0x000000000800a1e8       0xc5 ./Core/Src/main.o
 *fill*         0x000000000800a2ad        0x3 
 .rodata        0x000000000800a2b0       0x10 ./Drivers/STM32F1xx_HAL_Driver/Src/stm32f1xx_hal_rcc.o
 .rodata        0x000000000800a2c0       0x46 ./USB_DEVICE/App/usbd_desc.o
 *(.rodata*)
 *fill*         0x000000000800a306        0x2 
 .rodata.AHBPrescTable
                0x000000000800a308       0x10 ./Core/Src/system_stm32f1xx.o
                0x000000000800a308                AHBPrescTable
 .rodata.APBPrescTable
                0x000000000800a318        0x8 ./Core/Src/system_stm32f1xx.o
                0x000000000800a318                APBPrescTable
 .rodata._VFD_MAP_DIGITS
                0x000000000800a320       0x14 ./Core/Src/vfd.o
                0x000000000800a320                _VFD_MAP_DIGITS
 .rodata._VFD_MAP_ALPHA
                0x000000000800a334       0x34 ./Core/Src/vfd.o
                0x000000000800a334                _VFD_MAP_ALPHA
 .rodata._VFD_MAP_ALPHA_RU
                0x000000000800a368       0x40 ./Core/Src/vfd.o
                0x000000000800a368                _VFD_MAP_ALPHA_RU
 .rodata._VFD_MAP_SPECIAL
                0x000000000800a3a8       0x34 ./Core/Src/vfd.o
                0x000000000800a3a8                _VFD_MAP_SPECIAL
 .rodata._VFD_MAP_SPECIAL_CHAR
                0x000000000800a3dc       0x1a ./Core/Src/vfd.o
                0x000000000800a3dc                _VFD_MAP_SPECIAL_CHAR
 *fill*         0x000000000800a3f6        0x2 
 .rodata._VFD_MAP_SYMBOLS
                0x000000000800a3f8       0x32 ./Core/Src/vfd.o
                0x000000000800a3f8                _VFD_MAP_SYMBOLS
                0x000000000800a42c                . = ALIGN (0x4)
 *fill*         0x000000000800a42a        0x2 

.rel.dyn        0x000000000800a42c        0x0
 .rel.iplt      0x000000000800a42c        0x0 c:/st/stm32cubeide_1.5.1/stm32cubeide/plugins/com.st.stm32cube.ide.mcu.externaltools.gnu-tools-for-stm32.9-2020-q2-update.win32_2.0.0.202105311346/tools/bin/../lib/gcc/arm-none-eabi/9.3.1/thumb/v7-m/nofp/crtbegin.o

.ARM.extab      0x000000000800a42c        0x0
                0x000000000800a42c                . = ALIGN (0x4)
 *(.ARM.extab* .gnu.linkonce.armextab.*)
                0x000000000800a42c                . = ALIGN (0x4)

.ARM            0x000000000800a42c        0x0
                0x000000000800a42c                . = ALIGN (0x4)
                0x000000000800a42c                __exidx_start = .
 *(.ARM.exidx*)
                0x000000000800a42c                __exidx_end = .
                0x000000000800a42c                . = ALIGN (0x4)

.preinit_array  0x000000000800a42c        0x0
                0x000000000800a42c                . = ALIGN (0x4)
                0x000000000800a42c                PROVIDE (__preinit_array_start = .)
 *(.preinit_array*)
                0x000000000800a42c                PROVIDE (__preinit_array_end = .)
                0x000000000800a42c                . = ALIGN (0x4)

.init_array     0x000000000800a42c        0x4
                0x000000000800a42c                . = ALIGN (0x4)
                0x000000000800a42c                PROVIDE (__init_array_start = .)
 *(SORT_BY_NAME(.init_array.*))
 *(.init_array*)
 .init_array    0x000000000800a42c        0x4 c:/st/stm32cubeide_1.5.1/stm32cubeide/plugins/com.st.stm32cube.ide.mcu.externaltools.gnu-tools-for-stm32.9-2020-q2-update.win32_2.0.0.202105311346/tools/bin/../lib/gcc/arm-none-eabi/9.3.1/thumb/v7-m/nofp/crtbegin.o
                0x000000000800a430                PROVIDE (__init_array_end = .)
                0x000000000800a430                . = ALIGN (0x4)

.fini_array     0x000000000800a430        0x4
                0x000000000800a430                . = ALIGN (0x4)
                [!provide]                        PROVIDE (__fini_array_start = .)
 *(SORT_BY_NAME(.fini_array.*))
 *(.fini_array*)
 .fini_array    0x000000000800a430        0x4 c:/st/stm32cubeide_1.5.1/stm32cubeide/plugins/com.st.stm32cube.ide.mcu.externaltools.gnu-tools-for-stm32.9-2020-q2-update.win32_2.0.0.202105311346/tools/bin/../lib/gcc/arm-none-eabi/9.3.1/thumb/v7-m/nofp/crtbegin.o
                [!provide]                        PROVIDE (__fini_array_end = .)
                0x000000000800a434                . = ALIGN (0x4)
                0x000000000800a434                _sidata = LOADADDR (.data)

.data           0x0000000020000000      0x184 load address 0x000000000800a434
                0x0000000020000000                . = ALIGN (0x4)
                0x0000000020000000                _sdata = .
 *(.data)
 *(.data*)
 .data.address  0x0000000020000000        0x5 ./Core/Src/main.o
                0x0000000020000000                address
 .data.set_rx.8491
                0x0000000020000005        0x1 ./Core/Src/main.o
 *fill*         0x0000000020000006        0x2 
 .data.SystemCoreClock
                0x0000000020000008        0x4 ./Core/Src/system_stm32f1xx.o
                0x0000000020000008                SystemCoreClock
 .data.uwTickPrio
                0x000000002000000c        0x4 ./Drivers/STM32F1xx_HAL_Driver/Src/stm32f1xx_hal.o
                0x000000002000000c                uwTickPrio
 .data.uwTickFreq
                0x0000000020000010        0x1 ./Drivers/STM32F1xx_HAL_Driver/Src/stm32f1xx_hal.o
                0x0000000020000010                uwTickFreq
 *fill*         0x0000000020000011        0x3 
 .data.USBD_CDC_DeviceQualifierDesc
                0x0000000020000014        0xa ./Middlewares/ST/STM32_USB_Device_Library/Class/CDC/Src/usbd_cdc.o
 *fill*         0x000000002000001e        0x2 
 .data.USBD_CDC
                0x0000000020000020       0x38 ./Middlewares/ST/STM32_USB_Device_Library/Class/CDC/Src/usbd_cdc.o
                0x0000000020000020                USBD_CDC
 .data.USBD_CDC_CfgHSDesc
                0x0000000020000058       0x43 ./Middlewares/ST/STM32_USB_Device_Library/Class/CDC/Src/usbd_cdc.o
                0x0000000020000058                USBD_CDC_CfgHSDesc
 *fill*         0x000000002000009b        0x1 
 .data.USBD_CDC_CfgFSDesc
                0x000000002000009c       0x43 ./Middlewares/ST/STM32_USB_Device_Library/Class/CDC/Src/usbd_cdc.o
                0x000000002000009c                USBD_CDC_CfgFSDesc
 *fill*         0x00000000200000df        0x1 
 .data.USBD_CDC_OtherSpeedCfgDesc
                0x00000000200000e0       0x43 ./Middlewares/ST/STM32_USB_Device_Library/Class/CDC/Src/usbd_cdc.o
                0x00000000200000e0                USBD_CDC_OtherSpeedCfgDesc
 *fill*         0x0000000020000123        0x1 
 .data.USBD_Interface_fops_FS
                0x0000000020000124       0x10 ./USB_DEVICE/App/usbd_cdc_if.o
                0x0000000020000124                USBD_Interface_fops_FS
 .data.FS_Desc  0x0000000020000134       0x1c ./USB_DEVICE/App/usbd_desc.o
                0x0000000020000134                FS_Desc
 .data.USBD_FS_DeviceDesc
                0x0000000020000150       0x12 ./USB_DEVICE/App/usbd_desc.o
                0x0000000020000150                USBD_FS_DeviceDesc
 *fill*         0x0000000020000162        0x2 
 .data.USBD_LangIDDesc
                0x0000000020000164        0x4 ./USB_DEVICE/App/usbd_desc.o
                0x0000000020000164                USBD_LangIDDesc
 .data.USBD_StringSerial
                0x0000000020000168       0x1a ./USB_DEVICE/App/usbd_desc.o
                0x0000000020000168                USBD_StringSerial
 *(.RamFunc)
 *(.RamFunc*)
                0x0000000020000184                . = ALIGN (0x4)
 *fill*         0x0000000020000182        0x2 
                0x0000000020000184                _edata = .

.igot.plt       0x0000000020000184        0x0 load address 0x000000000800a5b8
 .igot.plt      0x0000000020000184        0x0 c:/st/stm32cubeide_1.5.1/stm32cubeide/plugins/com.st.stm32cube.ide.mcu.externaltools.gnu-tools-for-stm32.9-2020-q2-update.win32_2.0.0.202105311346/tools/bin/../lib/gcc/arm-none-eabi/9.3.1/thumb/v7-m/nofp/crtbegin.o
                0x0000000020000184                . = ALIGN (0x4)

.bss            0x0000000020000184     0x13b0 load address 0x000000000800a5b8
                0x0000000020000184                _sbss = .
                0x0000000020000184                __bss_start__ = _sbss
 *(.bss)
 .bss           0x0000000020000184       0x1c c:/st/stm32cubeide_1.5.1/stm32cubeide/plugins/com.st.stm32cube.ide.mcu.externaltools.gnu-tools-for-stm32.9-2020-q2-update.win32_2.0.0.202105311346/tools/bin/../lib/gcc/arm-none-eabi/9.3.1/thumb/v7-m/nofp/crtbegin.o
 *(.bss*)
 .bss.head_index
                0x00000000200001a0        0x4 ./Core/Src/fifo.o
                0x00000000200001a0                head_index
 .bss.tail_index
                0x00000000200001a4        0x4 ./Core/Src/fifo.o
                0x00000000200001a4                tail_index
 .bss.last_time.8464
                0x00000000200001a8        0x4 ./Core/Src/main.o
 .bss.last_time.8476
                0x00000000200001ac        0x4 ./Core/Src/main.o
 .bss.last_time.8492
                0x00000000200001b0        0x4 ./Core/Src/main.o
 .bss.payload.8493
                0x00000000200001b4        0xa ./Core/Src/main.o
 .bss.cfgidx.8074
                0x00000000200001be        0x1 ./Middlewares/ST/STM32_USB_Device_Library/Core/Src/usbd_ctlreq.o
 *fill*         0x00000000200001bf        0x1 
 .bss.mem.8144  0x00000000200001c0      0x220 ./USB_DEVICE/Target/usbd_conf.o
 *(COMMON)
 COMMON         0x00000000200003e0      0x100 ./Core/Src/fifo.o
                0x00000000200003e0                fifo_buffer
 COMMON         0x00000000200004e0       0xcd ./Core/Src/main.o
                0x00000000200004e0                hspi2
                0x0000000020000538                hi2c1
                0x000000002000058c                vfd
 *fill*         0x00000000200005ad        0x3 
 COMMON         0x00000000200005b0        0x4 ./Drivers/STM32F1xx_HAL_Driver/Src/stm32f1xx_hal.o
                0x00000000200005b0                uwTick
 COMMON         0x00000000200005b4      0x2c4 ./USB_DEVICE/App/usb_device.o
                0x00000000200005b4                hUsbDeviceFS
 COMMON         0x0000000020000878      0x7d0 ./USB_DEVICE/App/usbd_cdc_if.o
                0x0000000020000878                UserRxBufferFS
                0x0000000020000c60                UserTxBufferFS
 COMMON         0x0000000020001048      0x200 ./USB_DEVICE/App/usbd_desc.o
                0x0000000020001048                USBD_StrDesc
 COMMON         0x0000000020001248      0x2ec ./USB_DEVICE/Target/usbd_conf.o
                0x0000000020001248                hpcd_USB_FS
                0x0000000020001534                . = ALIGN (0x4)
                0x0000000020001534                _ebss = .
                0x0000000020001534                __bss_end__ = _ebss

._user_heap_stack
                0x0000000020001534      0x604 load address 0x000000000800a5b8
                0x0000000020001538                . = ALIGN (0x8)
 *fill*         0x0000000020001534        0x4 
                [!provide]                        PROVIDE (end = .)
                0x0000000020001538                PROVIDE (_end = .)
                0x0000000020001738                . = (. + _Min_Heap_Size)
 *fill*         0x0000000020001538      0x200 
                0x0000000020001b38                . = (. + _Min_Stack_Size)
 *fill*         0x0000000020001738      0x400 
                0x0000000020001b38                . = ALIGN (0x8)

/DISCARD/
 libc.a(*)
 libm.a(*)
 libgcc.a(*)

.ARM.attributes
                0x0000000000000000       0x29
 *(.ARM.attributes)
 .ARM.attributes
                0x0000000000000000       0x1d c:/st/stm32cubeide_1.5.1/stm32cubeide/plugins/com.st.stm32cube.ide.mcu.externaltools.gnu-tools-for-stm32.9-2020-q2-update.win32_2.0.0.202105311346/tools/bin/../lib/gcc/arm-none-eabi/9.3.1/thumb/v7-m/nofp/crti.o
 .ARM.attributes
                0x000000000000001d       0x2d c:/st/stm32cubeide_1.5.1/stm32cubeide/plugins/com.st.stm32cube.ide.mcu.externaltools.gnu-tools-for-stm32.9-2020-q2-update.win32_2.0.0.202105311346/tools/bin/../lib/gcc/arm-none-eabi/9.3.1/thumb/v7-m/nofp/crtbegin.o
 .ARM.attributes
                0x000000000000004a       0x2d ./Core/Src/fifo.o
 .ARM.attributes
                0x0000000000000077       0x2d ./Core/Src/main.o
 .ARM.attributes
                0x00000000000000a4       0x2d ./Core/Src/nrf24l01p.o
 .ARM.attributes
                0x00000000000000d1       0x2d ./Core/Src/stm32f1xx_hal_msp.o
 .ARM.attributes
                0x00000000000000fe       0x2d ./Core/Src/stm32f1xx_it.o
 .ARM.attributes
                0x000000000000012b       0x2d ./Core/Src/system_stm32f1xx.o
 .ARM.attributes
                0x0000000000000158       0x2d ./Core/Src/vfd.o
 .ARM.attributes
                0x0000000000000185       0x21 ./Core/Startup/startup_stm32f103c8tx.o
 .ARM.attributes
                0x00000000000001a6       0x2d ./Drivers/STM32F1xx_HAL_Driver/Src/stm32f1xx_hal.o
 .ARM.attributes
                0x00000000000001d3       0x2d ./Drivers/STM32F1xx_HAL_Driver/Src/stm32f1xx_hal_cortex.o
 .ARM.attributes
                0x0000000000000200       0x2d ./Drivers/STM32F1xx_HAL_Driver/Src/stm32f1xx_hal_gpio.o
 .ARM.attributes
                0x000000000000022d       0x2d ./Drivers/STM32F1xx_HAL_Driver/Src/stm32f1xx_hal_i2c.o
 .ARM.attributes
                0x000000000000025a       0x2d ./Drivers/STM32F1xx_HAL_Driver/Src/stm32f1xx_hal_pcd.o
 .ARM.attributes
                0x0000000000000287       0x2d ./Drivers/STM32F1xx_HAL_Driver/Src/stm32f1xx_hal_pcd_ex.o
 .ARM.attributes
                0x00000000000002b4       0x2d ./Drivers/STM32F1xx_HAL_Driver/Src/stm32f1xx_hal_rcc.o
 .ARM.attributes
                0x00000000000002e1       0x2d ./Drivers/STM32F1xx_HAL_Driver/Src/stm32f1xx_hal_rcc_ex.o
 .ARM.attributes
                0x000000000000030e       0x2d ./Drivers/STM32F1xx_HAL_Driver/Src/stm32f1xx_hal_spi.o
 .ARM.attributes
                0x000000000000033b       0x2d ./Drivers/STM32F1xx_HAL_Driver/Src/stm32f1xx_ll_usb.o
 .ARM.attributes
                0x0000000000000368       0x2d ./Middlewares/ST/STM32_USB_Device_Library/Class/CDC/Src/usbd_cdc.o
 .ARM.attributes
                0x0000000000000395       0x2d ./Middlewares/ST/STM32_USB_Device_Library/Core/Src/usbd_core.o
 .ARM.attributes
                0x00000000000003c2       0x2d ./Middlewares/ST/STM32_USB_Device_Library/Core/Src/usbd_ctlreq.o
 .ARM.attributes
                0x00000000000003ef       0x2d ./Middlewares/ST/STM32_USB_Device_Library/Core/Src/usbd_ioreq.o
 .ARM.attributes
                0x000000000000041c       0x2d ./USB_DEVICE/App/usb_device.o
 .ARM.attributes
                0x0000000000000449       0x2d ./USB_DEVICE/App/usbd_cdc_if.o
 .ARM.attributes
                0x0000000000000476       0x2d ./USB_DEVICE/App/usbd_desc.o
 .ARM.attributes
                0x00000000000004a3       0x2d ./USB_DEVICE/Target/usbd_conf.o
 .ARM.attributes
                0x00000000000004d0       0x2d c:/st/stm32cubeide_1.5.1/stm32cubeide/plugins/com.st.stm32cube.ide.mcu.externaltools.gnu-tools-for-stm32.9-2020-q2-update.win32_2.0.0.202105311346/tools/bin/../lib/gcc/arm-none-eabi/9.3.1/../../../../arm-none-eabi/lib/thumb/v7-m/nofp\libc_nano.a(lib_a-init.o)
 .ARM.attributes
                0x00000000000004fd       0x2d c:/st/stm32cubeide_1.5.1/stm32cubeide/plugins/com.st.stm32cube.ide.mcu.externaltools.gnu-tools-for-stm32.9-2020-q2-update.win32_2.0.0.202105311346/tools/bin/../lib/gcc/arm-none-eabi/9.3.1/../../../../arm-none-eabi/lib/thumb/v7-m/nofp\libc_nano.a(lib_a-memset.o)
 .ARM.attributes
                0x000000000000052a       0x1d c:/st/stm32cubeide_1.5.1/stm32cubeide/plugins/com.st.stm32cube.ide.mcu.externaltools.gnu-tools-for-stm32.9-2020-q2-update.win32_2.0.0.202105311346/tools/bin/../lib/gcc/arm-none-eabi/9.3.1/thumb/v7-m/nofp/crtn.o
OUTPUT(VFD_test.elf elf32-littlearm)
LOAD linker stubs
LOAD c:/st/stm32cubeide_1.5.1/stm32cubeide/plugins/com.st.stm32cube.ide.mcu.externaltools.gnu-tools-for-stm32.9-2020-q2-update.win32_2.0.0.202105311346/tools/bin/../lib/gcc/arm-none-eabi/9.3.1/../../../../arm-none-eabi/lib/thumb/v7-m/nofp\libc.a
LOAD c:/st/stm32cubeide_1.5.1/stm32cubeide/plugins/com.st.stm32cube.ide.mcu.externaltools.gnu-tools-for-stm32.9-2020-q2-update.win32_2.0.0.202105311346/tools/bin/../lib/gcc/arm-none-eabi/9.3.1/../../../../arm-none-eabi/lib/thumb/v7-m/nofp\libm.a
LOAD c:/st/stm32cubeide_1.5.1/stm32cubeide/plugins/com.st.stm32cube.ide.mcu.externaltools.gnu-tools-for-stm32.9-2020-q2-update.win32_2.0.0.202105311346/tools/bin/../lib/gcc/arm-none-eabi/9.3.1/thumb/v7-m/nofp\libgcc.a

.debug_info     0x0000000000000000    0x188c8
 .debug_info    0x0000000000000000      0x241 ./Core/Src/fifo.o
 .debug_info    0x0000000000000241     0x2252 ./Core/Src/main.o
 .debug_info    0x0000000000002493      0xcf9 ./Core/Src/nrf24l01p.o
 .debug_info    0x000000000000318c      0xc5c ./Core/Src/stm32f1xx_hal_msp.o
 .debug_info    0x0000000000003de8      0x713 ./Core/Src/stm32f1xx_it.o
 .debug_info    0x00000000000044fb      0x2be ./Core/Src/system_stm32f1xx.o
 .debug_info    0x00000000000047b9      0x77a ./Core/Src/vfd.o
 .debug_info    0x0000000000004f33       0x22 ./Core/Startup/startup_stm32f103c8tx.o
 .debug_info    0x0000000000004f55      0x76a ./Drivers/STM32F1xx_HAL_Driver/Src/stm32f1xx_hal.o
 .debug_info    0x00000000000056bf      0xbdc ./Drivers/STM32F1xx_HAL_Driver/Src/stm32f1xx_hal_cortex.o
 .debug_info    0x000000000000629b      0x701 ./Drivers/STM32F1xx_HAL_Driver/Src/stm32f1xx_hal_gpio.o
 .debug_info    0x000000000000699c     0x278e ./Drivers/STM32F1xx_HAL_Driver/Src/stm32f1xx_hal_i2c.o
 .debug_info    0x000000000000912a     0x1509 ./Drivers/STM32F1xx_HAL_Driver/Src/stm32f1xx_hal_pcd.o
 .debug_info    0x000000000000a633      0x7fc ./Drivers/STM32F1xx_HAL_Driver/Src/stm32f1xx_hal_pcd_ex.o
 .debug_info    0x000000000000ae2f      0x88e ./Drivers/STM32F1xx_HAL_Driver/Src/stm32f1xx_hal_rcc.o
 .debug_info    0x000000000000b6bd      0x480 ./Drivers/STM32F1xx_HAL_Driver/Src/stm32f1xx_hal_rcc_ex.o
 .debug_info    0x000000000000bb3d     0x16bf ./Drivers/STM32F1xx_HAL_Driver/Src/stm32f1xx_hal_spi.o
 .debug_info    0x000000000000d1fc     0x19e6 ./Drivers/STM32F1xx_HAL_Driver/Src/stm32f1xx_ll_usb.o
 .debug_info    0x000000000000ebe2     0x193a ./Middlewares/ST/STM32_USB_Device_Library/Class/CDC/Src/usbd_cdc.o
 .debug_info    0x000000000001051c     0x12ef ./Middlewares/ST/STM32_USB_Device_Library/Core/Src/usbd_core.o
 .debug_info    0x000000000001180b     0x125c ./Middlewares/ST/STM32_USB_Device_Library/Core/Src/usbd_ctlreq.o
 .debug_info    0x0000000000012a67     0x102e ./Middlewares/ST/STM32_USB_Device_Library/Core/Src/usbd_ioreq.o
 .debug_info    0x0000000000013a95      0xf6b ./USB_DEVICE/App/usb_device.o
 .debug_info    0x0000000000014a00     0x1158 ./USB_DEVICE/App/usbd_cdc_if.o
 .debug_info    0x0000000000015b58      0xde8 ./USB_DEVICE/App/usbd_desc.o
 .debug_info    0x0000000000016940     0x1f88 ./USB_DEVICE/Target/usbd_conf.o

.debug_abbrev   0x0000000000000000     0x388e
 .debug_abbrev  0x0000000000000000      0x116 ./Core/Src/fifo.o
 .debug_abbrev  0x0000000000000116      0x3e1 ./Core/Src/main.o
 .debug_abbrev  0x00000000000004f7      0x1bf ./Core/Src/nrf24l01p.o
 .debug_abbrev  0x00000000000006b6      0x1ac ./Core/Src/stm32f1xx_hal_msp.o
 .debug_abbrev  0x0000000000000862      0x173 ./Core/Src/stm32f1xx_it.o
 .debug_abbrev  0x00000000000009d5      0x14e ./Core/Src/system_stm32f1xx.o
 .debug_abbrev  0x0000000000000b23      0x207 ./Core/Src/vfd.o
 .debug_abbrev  0x0000000000000d2a       0x12 ./Core/Startup/startup_stm32f103c8tx.o
 .debug_abbrev  0x0000000000000d3c      0x1ed ./Drivers/STM32F1xx_HAL_Driver/Src/stm32f1xx_hal.o
 .debug_abbrev  0x0000000000000f29      0x313 ./Drivers/STM32F1xx_HAL_Driver/Src/stm32f1xx_hal_cortex.o
 .debug_abbrev  0x000000000000123c      0x1e8 ./Drivers/STM32F1xx_HAL_Driver/Src/stm32f1xx_hal_gpio.o
 .debug_abbrev  0x0000000000001424      0x288 ./Drivers/STM32F1xx_HAL_Driver/Src/stm32f1xx_hal_i2c.o
 .debug_abbrev  0x00000000000016ac      0x29e ./Drivers/STM32F1xx_HAL_Driver/Src/stm32f1xx_hal_pcd.o
 .debug_abbrev  0x000000000000194a      0x1ac ./Drivers/STM32F1xx_HAL_Driver/Src/stm32f1xx_hal_pcd_ex.o
 .debug_abbrev  0x0000000000001af6      0x273 ./Drivers/STM32F1xx_HAL_Driver/Src/stm32f1xx_hal_rcc.o
 .debug_abbrev  0x0000000000001d69      0x193 ./Drivers/STM32F1xx_HAL_Driver/Src/stm32f1xx_hal_rcc_ex.o
 .debug_abbrev  0x0000000000001efc      0x26e ./Drivers/STM32F1xx_HAL_Driver/Src/stm32f1xx_hal_spi.o
 .debug_abbrev  0x000000000000216a      0x1fa ./Drivers/STM32F1xx_HAL_Driver/Src/stm32f1xx_ll_usb.o
 .debug_abbrev  0x0000000000002364      0x2f6 ./Middlewares/ST/STM32_USB_Device_Library/Class/CDC/Src/usbd_cdc.o
 .debug_abbrev  0x000000000000265a      0x2a8 ./Middlewares/ST/STM32_USB_Device_Library/Core/Src/usbd_core.o
 .debug_abbrev  0x0000000000002902      0x2de ./Middlewares/ST/STM32_USB_Device_Library/Core/Src/usbd_ctlreq.o
 .debug_abbrev  0x0000000000002be0      0x20a ./Middlewares/ST/STM32_USB_Device_Library/Core/Src/usbd_ioreq.o
 .debug_abbrev  0x0000000000002dea      0x1e4 ./USB_DEVICE/App/usb_device.o
 .debug_abbrev  0x0000000000002fce      0x2d9 ./USB_DEVICE/App/usbd_cdc_if.o
 .debug_abbrev  0x00000000000032a7      0x2ca ./USB_DEVICE/App/usbd_desc.o
 .debug_abbrev  0x0000000000003571      0x31d ./USB_DEVICE/Target/usbd_conf.o

.debug_aranges  0x0000000000000000     0x1238
 .debug_aranges
                0x0000000000000000       0x38 ./Core/Src/fifo.o
 .debug_aranges
                0x0000000000000038       0xb8 ./Core/Src/main.o
 .debug_aranges
                0x00000000000000f0      0x218 ./Core/Src/nrf24l01p.o
 .debug_aranges
                0x0000000000000308       0x40 ./Core/Src/stm32f1xx_hal_msp.o
 .debug_aranges
                0x0000000000000348       0x68 ./Core/Src/stm32f1xx_it.o
 .debug_aranges
                0x00000000000003b0       0x28 ./Core/Src/system_stm32f1xx.o
 .debug_aranges
                0x00000000000003d8       0x78 ./Core/Src/vfd.o
 .debug_aranges
                0x0000000000000450       0x28 ./Core/Startup/startup_stm32f103c8tx.o
 .debug_aranges
                0x0000000000000478       0xe0 ./Drivers/STM32F1xx_HAL_Driver/Src/stm32f1xx_hal.o
 .debug_aranges
                0x0000000000000558      0x100 ./Drivers/STM32F1xx_HAL_Driver/Src/stm32f1xx_hal_cortex.o
 .debug_aranges
                0x0000000000000658       0x58 ./Drivers/STM32F1xx_HAL_Driver/Src/stm32f1xx_hal_gpio.o
 .debug_aranges
                0x00000000000006b0      0x2a0 ./Drivers/STM32F1xx_HAL_Driver/Src/stm32f1xx_hal_i2c.o
 .debug_aranges
                0x0000000000000950      0x138 ./Drivers/STM32F1xx_HAL_Driver/Src/stm32f1xx_hal_pcd.o
 .debug_aranges
                0x0000000000000a88       0x38 ./Drivers/STM32F1xx_HAL_Driver/Src/stm32f1xx_hal_pcd_ex.o
 .debug_aranges
                0x0000000000000ac0       0x90 ./Drivers/STM32F1xx_HAL_Driver/Src/stm32f1xx_hal_rcc.o
 .debug_aranges
                0x0000000000000b50       0x30 ./Drivers/STM32F1xx_HAL_Driver/Src/stm32f1xx_hal_rcc_ex.o
 .debug_aranges
                0x0000000000000b80      0x1d0 ./Drivers/STM32F1xx_HAL_Driver/Src/stm32f1xx_hal_spi.o
 .debug_aranges
                0x0000000000000d50       0xf0 ./Drivers/STM32F1xx_HAL_Driver/Src/stm32f1xx_ll_usb.o
 .debug_aranges
                0x0000000000000e40       0x90 ./Middlewares/ST/STM32_USB_Device_Library/Class/CDC/Src/usbd_cdc.o
 .debug_aranges
                0x0000000000000ed0       0xb8 ./Middlewares/ST/STM32_USB_Device_Library/Core/Src/usbd_core.o
 .debug_aranges
                0x0000000000000f88       0x88 ./Middlewares/ST/STM32_USB_Device_Library/Core/Src/usbd_ctlreq.o
 .debug_aranges
                0x0000000000001010       0x50 ./Middlewares/ST/STM32_USB_Device_Library/Core/Src/usbd_ioreq.o
 .debug_aranges
                0x0000000000001060       0x20 ./USB_DEVICE/App/usb_device.o
 .debug_aranges
                0x0000000000001080       0x40 ./USB_DEVICE/App/usbd_cdc_if.o
 .debug_aranges
                0x00000000000010c0       0x60 ./USB_DEVICE/App/usbd_desc.o
 .debug_aranges
                0x0000000000001120      0x118 ./USB_DEVICE/Target/usbd_conf.o

.debug_ranges   0x0000000000000000     0x10c8
 .debug_ranges  0x0000000000000000       0x28 ./Core/Src/fifo.o
 .debug_ranges  0x0000000000000028       0xa8 ./Core/Src/main.o
 .debug_ranges  0x00000000000000d0      0x208 ./Core/Src/nrf24l01p.o
 .debug_ranges  0x00000000000002d8       0x30 ./Core/Src/stm32f1xx_hal_msp.o
 .debug_ranges  0x0000000000000308       0x58 ./Core/Src/stm32f1xx_it.o
 .debug_ranges  0x0000000000000360       0x18 ./Core/Src/system_stm32f1xx.o
 .debug_ranges  0x0000000000000378       0x68 ./Core/Src/vfd.o
 .debug_ranges  0x00000000000003e0       0x20 ./Core/Startup/startup_stm32f103c8tx.o
 .debug_ranges  0x0000000000000400       0xd0 ./Drivers/STM32F1xx_HAL_Driver/Src/stm32f1xx_hal.o
 .debug_ranges  0x00000000000004d0       0xf0 ./Drivers/STM32F1xx_HAL_Driver/Src/stm32f1xx_hal_cortex.o
 .debug_ranges  0x00000000000005c0       0x48 ./Drivers/STM32F1xx_HAL_Driver/Src/stm32f1xx_hal_gpio.o
 .debug_ranges  0x0000000000000608      0x2b8 ./Drivers/STM32F1xx_HAL_Driver/Src/stm32f1xx_hal_i2c.o
 .debug_ranges  0x00000000000008c0      0x128 ./Drivers/STM32F1xx_HAL_Driver/Src/stm32f1xx_hal_pcd.o
 .debug_ranges  0x00000000000009e8       0x28 ./Drivers/STM32F1xx_HAL_Driver/Src/stm32f1xx_hal_pcd_ex.o
 .debug_ranges  0x0000000000000a10       0x80 ./Drivers/STM32F1xx_HAL_Driver/Src/stm32f1xx_hal_rcc.o
 .debug_ranges  0x0000000000000a90       0x20 ./Drivers/STM32F1xx_HAL_Driver/Src/stm32f1xx_hal_rcc_ex.o
 .debug_ranges  0x0000000000000ab0      0x1c0 ./Drivers/STM32F1xx_HAL_Driver/Src/stm32f1xx_hal_spi.o
 .debug_ranges  0x0000000000000c70       0xe0 ./Drivers/STM32F1xx_HAL_Driver/Src/stm32f1xx_ll_usb.o
 .debug_ranges  0x0000000000000d50       0x80 ./Middlewares/ST/STM32_USB_Device_Library/Class/CDC/Src/usbd_cdc.o
 .debug_ranges  0x0000000000000dd0       0xa8 ./Middlewares/ST/STM32_USB_Device_Library/Core/Src/usbd_core.o
 .debug_ranges  0x0000000000000e78       0x78 ./Middlewares/ST/STM32_USB_Device_Library/Core/Src/usbd_ctlreq.o
 .debug_ranges  0x0000000000000ef0       0x40 ./Middlewares/ST/STM32_USB_Device_Library/Core/Src/usbd_ioreq.o
 .debug_ranges  0x0000000000000f30       0x10 ./USB_DEVICE/App/usb_device.o
 .debug_ranges  0x0000000000000f40       0x30 ./USB_DEVICE/App/usbd_cdc_if.o
 .debug_ranges  0x0000000000000f70       0x50 ./USB_DEVICE/App/usbd_desc.o
 .debug_ranges  0x0000000000000fc0      0x108 ./USB_DEVICE/Target/usbd_conf.o

.debug_macro    0x0000000000000000    0x1a656
 .debug_macro   0x0000000000000000      0x1e4 ./Core/Src/fifo.o
 .debug_macro   0x00000000000001e4      0xa9c ./Core/Src/fifo.o
 .debug_macro   0x0000000000000c80      0x221 ./Core/Src/fifo.o
 .debug_macro   0x0000000000000ea1       0x2e ./Core/Src/fifo.o
 .debug_macro   0x0000000000000ecf       0x22 ./Core/Src/fifo.o
 .debug_macro   0x0000000000000ef1       0x22 ./Core/Src/fifo.o
 .debug_macro   0x0000000000000f13       0x8e ./Core/Src/fifo.o
 .debug_macro   0x0000000000000fa1       0x51 ./Core/Src/fifo.o
 .debug_macro   0x0000000000000ff2      0x103 ./Core/Src/fifo.o
 .debug_macro   0x00000000000010f5       0x6a ./Core/Src/fifo.o
 .debug_macro   0x000000000000115f      0x1df ./Core/Src/fifo.o
 .debug_macro   0x000000000000133e       0x1c ./Core/Src/fifo.o
 .debug_macro   0x000000000000135a       0x22 ./Core/Src/fifo.o
 .debug_macro   0x000000000000137c       0xc3 ./Core/Src/fifo.o
 .debug_macro   0x000000000000143f      0xd23 ./Core/Src/fifo.o
 .debug_macro   0x0000000000002162     0xe09e ./Core/Src/fifo.o
 .debug_macro   0x0000000000010200       0x6d ./Core/Src/fifo.o
 .debug_macro   0x000000000001026d     0x3468 ./Core/Src/fifo.o
 .debug_macro   0x00000000000136d5      0x174 ./Core/Src/fifo.o
 .debug_macro   0x0000000000013849       0x5c ./Core/Src/fifo.o
 .debug_macro   0x00000000000138a5      0x5be ./Core/Src/fifo.o
 .debug_macro   0x0000000000013e63      0x289 ./Core/Src/fifo.o
 .debug_macro   0x00000000000140ec      0x1cb ./Core/Src/fifo.o
 .debug_macro   0x00000000000142b7      0x114 ./Core/Src/fifo.o
 .debug_macro   0x00000000000143cb      0x1b2 ./Core/Src/fifo.o
 .debug_macro   0x000000000001457d       0x27 ./Core/Src/fifo.o
 .debug_macro   0x00000000000145a4      0x136 ./Core/Src/fifo.o
 .debug_macro   0x00000000000146da      0x1bc ./Core/Src/fifo.o
 .debug_macro   0x0000000000014896       0x34 ./Core/Src/fifo.o
 .debug_macro   0x00000000000148ca       0x3c ./Core/Src/fifo.o
 .debug_macro   0x0000000000014906       0x57 ./Core/Src/fifo.o
 .debug_macro   0x000000000001495d       0x88 ./Core/Src/fifo.o
 .debug_macro   0x00000000000149e5      0x241 ./Core/Src/fifo.o
 .debug_macro   0x0000000000014c26      0x287 ./Core/Src/fifo.o
 .debug_macro   0x0000000000014ead      0x141 ./Core/Src/fifo.o
 .debug_macro   0x0000000000014fee      0x217 ./Core/Src/fifo.o
 .debug_macro   0x0000000000015205       0x65 ./Core/Src/fifo.o
 .debug_macro   0x000000000001526a      0x249 ./Core/Src/fifo.o
 .debug_macro   0x00000000000154b3       0x83 ./Core/Src/fifo.o
 .debug_macro   0x0000000000015536       0x22 ./Core/Src/fifo.o
 .debug_macro   0x0000000000015558       0x64 ./Core/Src/fifo.o
 .debug_macro   0x00000000000155bc      0x43e ./Core/Src/main.o
 .debug_macro   0x00000000000159fa       0x52 ./Core/Src/main.o
 .debug_macro   0x0000000000015a4c       0x18 ./Core/Src/main.o
 .debug_macro   0x0000000000015a64       0x3c ./Core/Src/main.o
 .debug_macro   0x0000000000015aa0       0x34 ./Core/Src/main.o
 .debug_macro   0x0000000000015ad4       0x16 ./Core/Src/main.o
 .debug_macro   0x0000000000015aea       0x35 ./Core/Src/main.o
 .debug_macro   0x0000000000015b1f      0x333 ./Core/Src/main.o
 .debug_macro   0x0000000000015e52       0x10 ./Core/Src/main.o
 .debug_macro   0x0000000000015e62       0x16 ./Core/Src/main.o
 .debug_macro   0x0000000000015e78       0x43 ./Core/Src/main.o
 .debug_macro   0x0000000000015ebb       0x34 ./Core/Src/main.o
 .debug_macro   0x0000000000015eef       0x10 ./Core/Src/main.o
 .debug_macro   0x0000000000015eff       0x58 ./Core/Src/main.o
 .debug_macro   0x0000000000015f57       0x71 ./Core/Src/main.o
 .debug_macro   0x0000000000015fc8       0x1c ./Core/Src/main.o
 .debug_macro   0x0000000000015fe4      0x12a ./Core/Src/main.o
 .debug_macro   0x000000000001610e       0x10 ./Core/Src/main.o
 .debug_macro   0x000000000001611e       0x1c ./Core/Src/main.o
 .debug_macro   0x000000000001613a       0x52 ./Core/Src/main.o
 .debug_macro   0x000000000001618c       0x22 ./Core/Src/main.o
 .debug_macro   0x00000000000161ae       0x10 ./Core/Src/main.o
 .debug_macro   0x00000000000161be       0x40 ./Core/Src/main.o
 .debug_macro   0x00000000000161fe       0xd5 ./Core/Src/main.o
 .debug_macro   0x00000000000162d3       0x1c ./Core/Src/main.o
 .debug_macro   0x00000000000162ef       0x3d ./Core/Src/main.o
 .debug_macro   0x000000000001632c       0x16 ./Core/Src/main.o
 .debug_macro   0x0000000000016342      0x145 ./Core/Src/main.o
 .debug_macro   0x0000000000016487       0x16 ./Core/Src/main.o
 .debug_macro   0x000000000001649d       0x16 ./Core/Src/main.o
 .debug_macro   0x00000000000164b3       0x29 ./Core/Src/main.o
 .debug_macro   0x00000000000164dc       0x16 ./Core/Src/main.o
 .debug_macro   0x00000000000164f2       0x20 ./Core/Src/main.o
 .debug_macro   0x0000000000016512       0x60 ./Core/Src/main.o
 .debug_macro   0x0000000000016572      0x1c8 ./Core/Src/main.o
 .debug_macro   0x000000000001673a       0x8f ./Core/Src/main.o
 .debug_macro   0x00000000000167c9       0x10 ./Core/Src/main.o
 .debug_macro   0x00000000000167d9       0x8c ./Core/Src/nrf24l01p.o
 .debug_macro   0x0000000000016865      0x1d4 ./Core/Src/stm32f1xx_hal_msp.o
 .debug_macro   0x0000000000016a39      0x1de ./Core/Src/stm32f1xx_it.o
 .debug_macro   0x0000000000016c17      0x1bc ./Core/Src/system_stm32f1xx.o
 .debug_macro   0x0000000000016dd3      0x1de ./Core/Src/vfd.o
 .debug_macro   0x0000000000016fb1      0x1e0 ./Drivers/STM32F1xx_HAL_Driver/Src/stm32f1xx_hal.o
 .debug_macro   0x0000000000017191      0x1bc ./Drivers/STM32F1xx_HAL_Driver/Src/stm32f1xx_hal_cortex.o
 .debug_macro   0x000000000001734d      0x227 ./Drivers/STM32F1xx_HAL_Driver/Src/stm32f1xx_hal_gpio.o
 .debug_macro   0x0000000000017574      0x203 ./Drivers/STM32F1xx_HAL_Driver/Src/stm32f1xx_hal_i2c.o
 .debug_macro   0x0000000000017777      0x1c8 ./Drivers/STM32F1xx_HAL_Driver/Src/stm32f1xx_hal_pcd.o
 .debug_macro   0x000000000001793f      0x1bc ./Drivers/STM32F1xx_HAL_Driver/Src/stm32f1xx_hal_pcd_ex.o
 .debug_macro   0x0000000000017afb      0x1ce ./Drivers/STM32F1xx_HAL_Driver/Src/stm32f1xx_hal_rcc.o
 .debug_macro   0x0000000000017cc9      0x1bc ./Drivers/STM32F1xx_HAL_Driver/Src/stm32f1xx_hal_rcc_ex.o
 .debug_macro   0x0000000000017e85      0x1c4 ./Drivers/STM32F1xx_HAL_Driver/Src/stm32f1xx_hal_spi.o
 .debug_macro   0x0000000000018049      0x1bc ./Drivers/STM32F1xx_HAL_Driver/Src/stm32f1xx_ll_usb.o
 .debug_macro   0x0000000000018205      0x3ea ./Middlewares/ST/STM32_USB_Device_Library/Class/CDC/Src/usbd_cdc.o
 .debug_macro   0x00000000000185ef       0x97 ./Middlewares/ST/STM32_USB_Device_Library/Class/CDC/Src/usbd_cdc.o
 .debug_macro   0x0000000000018686       0xfd ./Middlewares/ST/STM32_USB_Device_Library/Class/CDC/Src/usbd_cdc.o
 .debug_macro   0x0000000000018783       0xbd ./Middlewares/ST/STM32_USB_Device_Library/Class/CDC/Src/usbd_cdc.o
 .debug_macro   0x0000000000018840       0x56 ./Middlewares/ST/STM32_USB_Device_Library/Class/CDC/Src/usbd_cdc.o
 .debug_macro   0x0000000000018896      0x3d1 ./Middlewares/ST/STM32_USB_Device_Library/Core/Src/usbd_core.o
 .debug_macro   0x0000000000018c67      0x1ce ./Middlewares/ST/STM32_USB_Device_Library/Core/Src/usbd_core.o
 .debug_macro   0x0000000000018e35      0x3db ./Middlewares/ST/STM32_USB_Device_Library/Core/Src/usbd_ctlreq.o
 .debug_macro   0x0000000000019210      0x3d7 ./Middlewares/ST/STM32_USB_Device_Library/Core/Src/usbd_ioreq.o
 .debug_macro   0x00000000000195e7      0x410 ./USB_DEVICE/App/usb_device.o
 .debug_macro   0x00000000000199f7       0x22 ./USB_DEVICE/App/usb_device.o
 .debug_macro   0x0000000000019a19       0x16 ./USB_DEVICE/App/usb_device.o
 .debug_macro   0x0000000000019a2f      0x409 ./USB_DEVICE/App/usbd_cdc_if.o
 .debug_macro   0x0000000000019e38      0x40e ./USB_DEVICE/App/usbd_desc.o
 .debug_macro   0x000000000001a246       0x1c ./USB_DEVICE/App/usbd_desc.o
 .debug_macro   0x000000000001a262      0x3f4 ./USB_DEVICE/Target/usbd_conf.o

.debug_line     0x0000000000000000    0x15dca
 .debug_line    0x0000000000000000      0x735 ./Core/Src/fifo.o
 .debug_line    0x0000000000000735     0x1080 ./Core/Src/main.o
 .debug_line    0x00000000000017b5      0xc67 ./Core/Src/nrf24l01p.o
 .debug_line    0x000000000000241c      0x754 ./Core/Src/stm32f1xx_hal_msp.o
 .debug_line    0x0000000000002b70      0x790 ./Core/Src/stm32f1xx_it.o
 .debug_line    0x0000000000003300      0x727 ./Core/Src/system_stm32f1xx.o
 .debug_line    0x0000000000003a27      0xaf3 ./Core/Src/vfd.o
 .debug_line    0x000000000000451a       0x87 ./Core/Startup/startup_stm32f103c8tx.o
 .debug_line    0x00000000000045a1      0x954 ./Drivers/STM32F1xx_HAL_Driver/Src/stm32f1xx_hal.o
 .debug_line    0x0000000000004ef5      0xb3c ./Drivers/STM32F1xx_HAL_Driver/Src/stm32f1xx_hal_cortex.o
 .debug_line    0x0000000000005a31      0x9eb ./Drivers/STM32F1xx_HAL_Driver/Src/stm32f1xx_hal_gpio.o
 .debug_line    0x000000000000641c     0x3a3e ./Drivers/STM32F1xx_HAL_Driver/Src/stm32f1xx_hal_i2c.o
 .debug_line    0x0000000000009e5a     0x1342 ./Drivers/STM32F1xx_HAL_Driver/Src/stm32f1xx_hal_pcd.o
 .debug_line    0x000000000000b19c      0x722 ./Drivers/STM32F1xx_HAL_Driver/Src/stm32f1xx_hal_pcd_ex.o
 .debug_line    0x000000000000b8be      0xd62 ./Drivers/STM32F1xx_HAL_Driver/Src/stm32f1xx_hal_rcc.o
 .debug_line    0x000000000000c620      0x8a0 ./Drivers/STM32F1xx_HAL_Driver/Src/stm32f1xx_hal_rcc_ex.o
 .debug_line    0x000000000000cec0     0x1bd9 ./Drivers/STM32F1xx_HAL_Driver/Src/stm32f1xx_hal_spi.o
 .debug_line    0x000000000000ea99     0x105c ./Drivers/STM32F1xx_HAL_Driver/Src/stm32f1xx_ll_usb.o
 .debug_line    0x000000000000faf5      0xd43 ./Middlewares/ST/STM32_USB_Device_Library/Class/CDC/Src/usbd_cdc.o
 .debug_line    0x0000000000010838      0xdc3 ./Middlewares/ST/STM32_USB_Device_Library/Core/Src/usbd_core.o
 .debug_line    0x00000000000115fb      0xfe2 ./Middlewares/ST/STM32_USB_Device_Library/Core/Src/usbd_ctlreq.o
 .debug_line    0x00000000000125dd      0xa59 ./Middlewares/ST/STM32_USB_Device_Library/Core/Src/usbd_ioreq.o
 .debug_line    0x0000000000013036      0xa19 ./USB_DEVICE/App/usb_device.o
 .debug_line    0x0000000000013a4f      0xa9b ./USB_DEVICE/App/usbd_cdc_if.o
 .debug_line    0x00000000000144ea      0xae2 ./USB_DEVICE/App/usbd_desc.o
 .debug_line    0x0000000000014fcc      0xdfe ./USB_DEVICE/Target/usbd_conf.o

.debug_str      0x0000000000000000    0x8a8b0
 .debug_str     0x0000000000000000    0x800f9 ./Core/Src/fifo.o
                                      0x80443 (size before relaxing)
 .debug_str     0x00000000000800f9     0x5f99 ./Core/Src/main.o
                                      0x8659e (size before relaxing)
 .debug_str     0x0000000000086092      0xe61 ./Core/Src/nrf24l01p.o
                                       0x4d9f (size before relaxing)
 .debug_str     0x0000000000086ef3       0xa8 ./Core/Src/stm32f1xx_hal_msp.o
                                      0x80b19 (size before relaxing)
 .debug_str     0x0000000000086f9b      0x39e ./Core/Src/stm32f1xx_it.o
                                      0x807f9 (size before relaxing)
 .debug_str     0x0000000000087339       0x52 ./Core/Src/system_stm32f1xx.o
                                      0x80292 (size before relaxing)
 .debug_str     0x000000000008738b      0x2f7 ./Core/Src/vfd.o
                                      0x807b9 (size before relaxing)
 .debug_str     0x0000000000087682       0x36 ./Core/Startup/startup_stm32f103c8tx.o
                                         0x74 (size before relaxing)
 .debug_str     0x00000000000876b8      0x554 ./Drivers/STM32F1xx_HAL_Driver/Src/stm32f1xx_hal.o
                                      0x80923 (size before relaxing)
 .debug_str     0x0000000000087c0c      0x2d8 ./Drivers/STM32F1xx_HAL_Driver/Src/stm32f1xx_hal_cortex.o
                                      0x8092b (size before relaxing)
 .debug_str     0x0000000000087ee4      0x31f ./Drivers/STM32F1xx_HAL_Driver/Src/stm32f1xx_hal_gpio.o
                                      0x80656 (size before relaxing)
 .debug_str     0x0000000000088203      0xb2f ./Drivers/STM32F1xx_HAL_Driver/Src/stm32f1xx_hal_i2c.o
                                      0x812ce (size before relaxing)
 .debug_str     0x0000000000088d32      0x3e5 ./Drivers/STM32F1xx_HAL_Driver/Src/stm32f1xx_hal_pcd.o
                                      0x809e5 (size before relaxing)
 .debug_str     0x0000000000089117      0x18d ./Drivers/STM32F1xx_HAL_Driver/Src/stm32f1xx_hal_pcd_ex.o
                                      0x80732 (size before relaxing)
 .debug_str     0x00000000000892a4      0x244 ./Drivers/STM32F1xx_HAL_Driver/Src/stm32f1xx_hal_rcc.o
                                      0x8068f (size before relaxing)
 .debug_str     0x00000000000894e8       0xb9 ./Drivers/STM32F1xx_HAL_Driver/Src/stm32f1xx_hal_rcc_ex.o
                                      0x8041c (size before relaxing)
 .debug_str     0x00000000000895a1      0x52e ./Drivers/STM32F1xx_HAL_Driver/Src/stm32f1xx_hal_spi.o
                                      0x80b9e (size before relaxing)
 .debug_str     0x0000000000089acf      0x2ad ./Drivers/STM32F1xx_HAL_Driver/Src/stm32f1xx_ll_usb.o
                                      0x80765 (size before relaxing)
 .debug_str     0x0000000000089d7c      0x293 ./Middlewares/ST/STM32_USB_Device_Library/Class/CDC/Src/usbd_cdc.o
                                      0x85c4c (size before relaxing)
 .debug_str     0x000000000008a00f      0x1b5 ./Middlewares/ST/STM32_USB_Device_Library/Core/Src/usbd_core.o
                                      0x85547 (size before relaxing)
 .debug_str     0x000000000008a1c4      0x12f ./Middlewares/ST/STM32_USB_Device_Library/Core/Src/usbd_ctlreq.o
                                      0x854cd (size before relaxing)
 .debug_str     0x000000000008a2f3       0xc9 ./Middlewares/ST/STM32_USB_Device_Library/Core/Src/usbd_ioreq.o
                                      0x85455 (size before relaxing)
 .debug_str     0x000000000008a3bc       0xc2 ./USB_DEVICE/App/usb_device.o
                                      0x857bc (size before relaxing)
 .debug_str     0x000000000008a47e       0x86 ./USB_DEVICE/App/usbd_cdc_if.o
                                      0x8580d (size before relaxing)
 .debug_str     0x000000000008a504      0x258 ./USB_DEVICE/App/usbd_desc.o
                                      0x853c0 (size before relaxing)
 .debug_str     0x000000000008a75c      0x154 ./USB_DEVICE/Target/usbd_conf.o
                                      0x86072 (size before relaxing)

.comment        0x0000000000000000       0x53
 .comment       0x0000000000000000       0x53 ./Core/Src/fifo.o
                                         0x54 (size before relaxing)
 .comment       0x0000000000000053       0x54 ./Core/Src/main.o
 .comment       0x0000000000000053       0x54 ./Core/Src/nrf24l01p.o
 .comment       0x0000000000000053       0x54 ./Core/Src/stm32f1xx_hal_msp.o
 .comment       0x0000000000000053       0x54 ./Core/Src/stm32f1xx_it.o
 .comment       0x0000000000000053       0x54 ./Core/Src/system_stm32f1xx.o
 .comment       0x0000000000000053       0x54 ./Core/Src/vfd.o
 .comment       0x0000000000000053       0x54 ./Drivers/STM32F1xx_HAL_Driver/Src/stm32f1xx_hal.o
 .comment       0x0000000000000053       0x54 ./Drivers/STM32F1xx_HAL_Driver/Src/stm32f1xx_hal_cortex.o
 .comment       0x0000000000000053       0x54 ./Drivers/STM32F1xx_HAL_Driver/Src/stm32f1xx_hal_gpio.o
 .comment       0x0000000000000053       0x54 ./Drivers/STM32F1xx_HAL_Driver/Src/stm32f1xx_hal_i2c.o
 .comment       0x0000000000000053       0x54 ./Drivers/STM32F1xx_HAL_Driver/Src/stm32f1xx_hal_pcd.o
 .comment       0x0000000000000053       0x54 ./Drivers/STM32F1xx_HAL_Driver/Src/stm32f1xx_hal_pcd_ex.o
 .comment       0x0000000000000053       0x54 ./Drivers/STM32F1xx_HAL_Driver/Src/stm32f1xx_hal_rcc.o
 .comment       0x0000000000000053       0x54 ./Drivers/STM32F1xx_HAL_Driver/Src/stm32f1xx_hal_rcc_ex.o
 .comment       0x0000000000000053       0x54 ./Drivers/STM32F1xx_HAL_Driver/Src/stm32f1xx_hal_spi.o