main.c:77:6:active	8	static
main.c:103:6:delay_us	16	static
main.c:109:6:delay	16	static
main.c:114:6:nrf_init_tx	16	static
main.c:134:6:nrf_init_rx	16	static
main.c:150:6:nrf24l01p_spi_ss	16	static
main.c:161:9:nrf24l01p_spi_rw	32	static
main.c:169:6:vfd_spi_cs	16	static
main.c:174:6:vfd_spi_tx	16	static
main.c:179:6:do_vfd_init	80	static
main.c:263:6:do_led	8	static
main.c:274:7:read	40	static
main.c:272:6:do_fram_test	288	static
main.c:285:7:write	40	static
main.c:352:6:do_buttons_and_nrf	40	static
main.c:507:6:do_microrl	16	static
main.c:516:6:sigint	16	static
main.c:533:6:do_nrf_scan	160	static
main.c:598:5:nrf_scan	16	static
main.c:612:5:main	24	static
main.c:725:6:SystemClock_Config	88	static
main.c:771:13:MX_I2C1_Init	8	static
main.c:805:13:MX_SPI2_Init	8	static
main.c:843:13:MX_TIM1_Init	32	static
main.c:889:13:MX_GPIO_Init	40	static
main.c:948:6:Error_Handler	4	static,ignoring_inline_asm
