main.c:70:6:nrf24l01p_spi_ss	16	static
main.c:81:9:nrf24l01p_spi_rw	32	static
main.c:89:6:vfd_spi_cs	16	static
main.c:94:6:vfd_spi_tx	16	static
main.c:100:6:do_microrl	4	static
main.c:106:6:do_vfd_init	88	static
main.c:191:6:do_test_buttons	8	static
main.c:214:6:do_led	8	static
main.c:225:7:read	40	static
main.c:223:6:do_fram_test	288	static
main.c:236:7:write	40	static
main.c:318:6:delay	16	static
main.c:323:6:nrf_init_tx	16	static
main.c:343:6:nrf_init_rx	16	static
main.c:365:5:main	40	static
main.c:566:6:SystemClock_Config	72	static
main.c:605:13:MX_I2C1_Init	8	static
main.c:639:13:MX_SPI2_Init	8	static
main.c:677:13:MX_GPIO_Init	40	static
main.c:736:6:Error_Handler	4	static,ignoring_inline_asm
