microrl.c:54:13:hist_erase_older	24	static
microrl.c:65:12:hist_is_space_for_new	16	static
microrl.c:81:13:hist_save_line	32	static
microrl.c:113:12:hist_restore_line	56	static
microrl.c:189:12:split	32	static
microrl.c:214:20:print_prompt	16	static
microrl.c:220:20:terminal_backspace	16	static
microrl.c:226:20:terminal_newline	16	static
microrl.c:236:14:u16bit_to_str	32	static
microrl.c:256:13:terminal_move_cursor	40	static
microrl.c:281:13:terminal_reset_cursor	40	static
microrl.c:301:13:terminal_print_line	32	static
microrl.c:319:6:microrl_init	16	static
microrl.c:343:6:microrl_set_complete_callback	16	static
microrl.c:349:6:microrl_set_execute_callback	16	static
microrl.c:355:6:microrl_set_sigint_callback	16	static
microrl.c:362:13:hist_search	24	static
microrl.c:377:12:escape_process	16	static
microrl.c:431:12:microrl_insert_text	32	static
microrl.c:454:13:microrl_backspace	16	static
microrl.c:471:12:common_len	32	static
microrl.c:493:13:microrl_get_complite	80	static
microrl.c:536:6:new_line_handler	64	static
microrl.c:564:6:microrl_insert_char	16	static
