nrf24l01p.c:33:6:nrf24l01p_set_irq_mode	16	static
nrf24l01p.c:38:9:nrf24l01p_get_clear_irq_flags	8	static
nrf24l01p.c:44:6:nrf24l01p_clear_irq_flag	16	static
nrf24l01p.c:49:6:nrf24l01p_get_irq_mode	16	static
nrf24l01p.c:54:9:nrf24l01p_get_irq_flags	8	static
nrf24l01p.c:59:6:nrf24l01p_set_crc_mode	16	static
nrf24l01p.c:64:6:nrf24l01p_open_pipe	16	static
nrf24l01p.c:92:6:nrf24l01p_close_pipe	16	static
nrf24l01p.c:116:6:nrf24l01p_set_address	16	static
nrf24l01p.c:138:6:nrf24l01p_set_auto_retr	16	static
nrf24l01p.c:143:6:nrf24l01p_set_address_width	16	static
nrf24l01p.c:148:6:nrf24l01p_set_rx_payload_width	16	static
nrf24l01p.c:153:9:nrf24l01p_get_crc_mode	8	static
nrf24l01p.c:158:9:nrf24l01p_get_pipe_status	24	static
nrf24l01p.c:171:9:nrf24l01p_get_address	16	static
nrf24l01p.c:186:9:nrf24l01p_get_auto_retr_status	8	static
nrf24l01p.c:191:9:nrf24l01p_get_packet_lost_ctr	8	static
nrf24l01p.c:196:9:nrf24l01p_get_address_width	8	static
nrf24l01p.c:201:9:nrf24l01p_get_rx_payload_width	16	static
nrf24l01p.c:206:6:nrf24l01p_set_operation_mode	16	static
nrf24l01p.c:211:6:nrf24l01p_set_power_mode	16	static
nrf24l01p.c:216:6:nrf24l01p_set_rf_channel	16	static
nrf24l01p.c:221:6:nrf24l01p_set_output_power	16	static
nrf24l01p.c:226:6:nrf24l01p_set_datarate	16	static
nrf24l01p.c:231:9:nrf24l01p_get_operation_mode	8	static
nrf24l01p.c:236:9:nrf24l01p_get_power_mode	8	static
nrf24l01p.c:241:9:nrf24l01p_get_rf_channel	8	static
nrf24l01p.c:246:9:nrf24l01p_get_output_power	8	static
nrf24l01p.c:251:9:nrf24l01p_get_datarate	8	static
nrf24l01p.c:256:6:nrf24l01p_rx_fifo_empty	8	static
nrf24l01p.c:261:6:nrf24l01p_rx_fifo_full	8	static
nrf24l01p.c:266:6:nrf24l01p_tx_fifo_empty	8	static
nrf24l01p.c:271:6:nrf24l01p_tx_fifo_full	8	static
nrf24l01p.c:276:9:nrf24l01p_get_tx_fifo_status	8	static
nrf24l01p.c:281:9:nrf24l01p_get_rx_fifo_status	8	static
nrf24l01p.c:286:9:nrf24l01p_get_fifo_status	8	static
nrf24l01p.c:291:9:nrf24l01p_get_transmit_attempts	8	static
nrf24l01p.c:296:6:nrf24l01p_get_carrier_detect	8	static
nrf24l01p.c:301:6:nrf24l01p_write_tx_payload	16	static
nrf24l01p.c:306:6:nrf24l01p_setup_dyn_pl	16	static
nrf24l01p.c:311:6:nrf24l01p_enable_dynamic_pl	8	static
nrf24l01p.c:316:6:nrf24l01p_disable_dynamic_pl	8	static
nrf24l01p.c:321:6:nrf24l01p_enable_ack_pl	8	static
nrf24l01p.c:326:6:nrf24l01p_disable_ack_pl	8	static
nrf24l01p.c:331:6:nrf24l01p_enable_dynamic_ack	8	static
nrf24l01p.c:336:6:nrf24l01p_disable_dynamic_ack	8	static
nrf24l01p.c:341:6:nrf24l01p_write_ack_payload	16	static
nrf24l01p.c:352:9:nrf24l01p_read_rx_fifo_payload_width	16	static
nrf24l01p.c:365:6:nrf24l01p_lock_unlock	8	static
nrf24l01p.c:375:9:nrf24l01p_get_rx_data_source	8	static
nrf24l01p.c:382:10:nrf24l01p_read_rx_payload	16	static
nrf24l01p.c:387:6:nrf24l01p_reuse_tx	8	static
nrf24l01p.c:392:6:nrf24l01p_get_reuse_tx_status	8	static
nrf24l01p.c:397:6:nrf24l01p_flush_rx	8	static
nrf24l01p.c:402:6:nrf24l01p_flush_tx	8	static
nrf24l01p.c:407:9:nrf24l01p_nop	8	static
nrf24l01p.c:412:6:nrf24l01p_set_pll_mode	16	static
nrf24l01p.c:417:22:nrf24l01p_get_pll_mode	8	static
nrf24l01p.c:422:6:nrf24l01p_set_lna_gain	16	static
nrf24l01p.c:427:22:nrf24l01p_get_lna_gain	8	static
nrf24l01p.c:432:9:nrf24l01p_read_reg	24	static
nrf24l01p.c:443:9:nrf24l01p_write_reg	24	static
nrf24l01p.c:469:10:nrf24l01p_read_multibyte_reg	32	static
nrf24l01p.c:511:6:nrf24l01p_write_multibyte_reg	16	static
