nrf24l01p.c:33:6:nrf24l01p_set_irq_mode	16	static
nrf24l01p.c:38:9:nrf24l01p_get_clear_irq_flags	8	static
nrf24l01p.c:44:6:nrf24l01p_clear_irq_flag	16	static
nrf24l01p.c:49:6:nrf24l01p_get_irq_mode	16	static
nrf24l01p.c:54:9:nrf24l01p_get_irq_flags	8	static
nrf24l01p.c:59:6:nrf24l01p_set_crc_mode	16	static
nrf24l01p.c:64:6:nrf24l01p_open_pipe	16	static
nrf24l01p.c:92:6:nrf24l01p_close_pipe	16	static
nrf24l01p.c:116:6:nrf24l01p_set_address	16	static
nrf24l01p.c:138:6:nrf24l01p_set_auto_retr	16	static
nrf24l01p.c:143:6:nrf24l01p_set_address_width	16	static
nrf24l01p.c:148:6:nrf24l01p_set_rx_payload_width	16	static
nrf24l01p.c:153:9:nrf24l01p_get_crc_mode	8	static
nrf24l01p.c:158:9:nrf24l01p_get_pipe_status	24	static
nrf24l01p.c:171:9:nrf24l01p_get_address	16	static
nrf24l01p.c:186:9:nrf24l01p_get_auto_retr_status	8	static
nrf24l01p.c:191:9:nrf24l01p_get_packet_lost_ctr	8	static
nrf24l01p.c:196:9:nrf24l01p_get_address_width	8	static
nrf24l01p.c:201:9:nrf24l01p_get_rx_payload_width	16	static
nrf24l01p.c:206:6:nrf24l01p_set_operation_mode	16	static
nrf24l01p.c:211:6:nrf24l01p_set_power_mode	16	static
nrf24l01p.c:216:6:nrf24l01p_set_rf_channel	16	static
nrf24l01p.c:221:6:nrf24l01p_set_output_power	16	static
nrf24l01p.c:226:6:nrf24l01p_set_datarate	16	static
nrf24l01p.c:240:9:nrf24l01p_get_operation_mode	8	static
nrf24l01p.c:245:9:nrf24l01p_get_power_mode	8	static
nrf24l01p.c:250:9:nrf24l01p_get_rf_channel	8	static
nrf24l01p.c:255:9:nrf24l01p_get_output_power	8	static
nrf24l01p.c:260:9:nrf24l01p_get_datarate	8	static
nrf24l01p.c:267:6:nrf24l01p_rx_fifo_empty	8	static
nrf24l01p.c:272:6:nrf24l01p_rx_fifo_full	8	static
nrf24l01p.c:277:6:nrf24l01p_tx_fifo_empty	8	static
nrf24l01p.c:282:6:nrf24l01p_tx_fifo_full	8	static
nrf24l01p.c:287:9:nrf24l01p_get_tx_fifo_status	8	static
nrf24l01p.c:292:9:nrf24l01p_get_rx_fifo_status	8	static
nrf24l01p.c:297:9:nrf24l01p_get_fifo_status	8	static
nrf24l01p.c:302:9:nrf24l01p_get_transmit_attempts	8	static
nrf24l01p.c:307:6:nrf24l01p_get_carrier_detect	8	static
nrf24l01p.c:312:6:nrf24l01p_write_tx_payload	16	static
nrf24l01p.c:317:6:nrf24l01p_setup_dyn_pl	16	static
nrf24l01p.c:322:6:nrf24l01p_enable_dynamic_pl	8	static
nrf24l01p.c:327:6:nrf24l01p_disable_dynamic_pl	8	static
nrf24l01p.c:332:6:nrf24l01p_enable_ack_pl	8	static
nrf24l01p.c:337:6:nrf24l01p_disable_ack_pl	8	static
nrf24l01p.c:342:6:nrf24l01p_enable_dynamic_ack	8	static
nrf24l01p.c:347:6:nrf24l01p_disable_dynamic_ack	8	static
nrf24l01p.c:352:6:nrf24l01p_write_ack_payload	16	static
nrf24l01p.c:363:9:nrf24l01p_read_rx_fifo_payload_width	16	static
nrf24l01p.c:389:9:nrf24l01p_get_rx_data_source	8	static
nrf24l01p.c:396:10:nrf24l01p_read_rx_payload	16	static
nrf24l01p.c:401:6:nrf24l01p_reuse_tx	8	static
nrf24l01p.c:406:6:nrf24l01p_get_reuse_tx_status	8	static
nrf24l01p.c:411:6:nrf24l01p_flush_rx	8	static
nrf24l01p.c:416:6:nrf24l01p_flush_tx	8	static
nrf24l01p.c:421:9:nrf24l01p_nop	8	static
nrf24l01p.c:426:6:nrf24l01p_set_pll_mode	16	static
nrf24l01p.c:431:22:nrf24l01p_get_pll_mode	8	static
nrf24l01p.c:439:6:nrf24l01p_set_lna_gain	16	static
nrf24l01p.c:444:22:nrf24l01p_get_lna_gain	8	static
nrf24l01p.c:449:9:nrf24l01p_read_reg	24	static
nrf24l01p.c:460:9:nrf24l01p_write_reg	24	static
nrf24l01p.c:486:10:nrf24l01p_read_multibyte_reg	32	static
nrf24l01p.c:528:6:nrf24l01p_write_multibyte_reg	16	static
